
> pets.frontend.dev@0.0.0 test
> ng test --watch=false --browsers=ChromeHeadless

[32m27 01 2026 23:41:42.641:INFO [karma-server]: [39mKarma v6.4.4 server started at http://localhost:9876/
[32m27 01 2026 23:41:42.642:INFO [launcher]: [39mLaunching browsers ChromeHeadless with concurrency unlimited
[32m27 01 2026 23:41:42.646:INFO [launcher]: [39mStarting browser ChromeHeadless
[32m27 01 2026 23:41:43.706:INFO [Chrome Headless 144.0.0.0 (Mac OS 10.15.7)]: [39mConnected on socket 70_LoyC8G5JeybDFAAAB with id 74132050
Chrome Headless 144.0.0.0 (Mac OS 10.15.7): Executed 0 of 317[32m SUCCESS[39m (0 secs / 0 secs)
[1A[2KChrome Headless 144.0.0.0 (Mac OS 10.15.7): Executed 1 of 317[32m SUCCESS[39m (0 secs / 0.011 secs)
[1A[2KChrome Headless 144.0.0.0 (Mac OS 10.15.7): Executed 2 of 317[32m SUCCESS[39m (0 secs / 0.012 secs)
[1A[2KChrome Headless 144.0.0.0 (Mac OS 10.15.7): Executed 3 of 317[32m SUCCESS[39m (0 secs / 0.015 secs)
[1A[2KChrome Headless 144.0.0.0 (Mac OS 10.15.7): Executed 4 of 317[32m SUCCESS[39m (0 secs / 0.016 secs)
[1A[2KChrome Headless 144.0.0.0 (Mac OS 10.15.7): Executed 5 of 317[32m SUCCESS[39m (0 secs / 0.017 secs)
[1A[2KChrome Headless 144.0.0.0 (Mac OS 10.15.7): Executed 6 of 317[32m SUCCESS[39m (0 secs / 0.018 secs)
[1A[2KChrome Headless 144.0.0.0 (Mac OS 10.15.7): Executed 7 of 317[32m SUCCESS[39m (0 secs / 0.019 secs)
[1A[2KChrome Headless 144.0.0.0 (Mac OS 10.15.7): Executed 8 of 317[32m SUCCESS[39m (0 secs / 0.02 secs)
[1A[2KChrome Headless 144.0.0.0 (Mac OS 10.15.7): Executed 9 of 317[32m SUCCESS[39m (0 secs / 0.02 secs)
[1A[2KChrome Headless 144.0.0.0 (Mac OS 10.15.7): Executed 10 of 317[32m SUCCESS[39m (0 secs / 0.02 secs)
[1A[2KChrome Headless 144.0.0.0 (Mac OS 10.15.7): Executed 11 of 317[32m SUCCESS[39m (0 secs / 0.021 secs)
[1A[2KChrome Headless 144.0.0.0 (Mac OS 10.15.7): Executed 12 of 317[32m SUCCESS[39m (0 secs / 0.022 secs)
[1A[2KChrome Headless 144.0.0.0 (Mac OS 10.15.7): Executed 13 of 317[32m SUCCESS[39m (0 secs / 0.022 secs)
[1A[2KChrome Headless 144.0.0.0 (Mac OS 10.15.7): Executed 14 of 317[32m SUCCESS[39m (0 secs / 0.023 secs)
[1A[2KChrome Headless 144.0.0.0 (Mac OS 10.15.7): Executed 15 of 317[32m SUCCESS[39m (0 secs / 0.023 secs)
[1A[2KChrome Headless 144.0.0.0 (Mac OS 10.15.7): Executed 16 of 317[32m SUCCESS[39m (0 secs / 0.024 secs)
[1A[2KChrome Headless 144.0.0.0 (Mac OS 10.15.7): Executed 17 of 317[32m SUCCESS[39m (0 secs / 0.024 secs)
[1A[2KChrome Headless 144.0.0.0 (Mac OS 10.15.7): Executed 18 of 317[32m SUCCESS[39m (0 secs / 0.024 secs)
[1A[2KChrome Headless 144.0.0.0 (Mac OS 10.15.7): Executed 19 of 317[32m SUCCESS[39m (0 secs / 0.025 secs)
[1A[2KChrome Headless 144.0.0.0 (Mac OS 10.15.7): Executed 20 of 317[32m SUCCESS[39m (0 secs / 0.032 secs)
[1A[2KChrome Headless 144.0.0.0 (Mac OS 10.15.7): Executed 21 of 317[32m SUCCESS[39m (0 secs / 0.032 secs)
[1A[2KChrome Headless 144.0.0.0 (Mac OS 10.15.7): Executed 22 of 317[32m SUCCESS[39m (0 secs / 0.032 secs)
[1A[2KChrome Headless 144.0.0.0 (Mac OS 10.15.7): Executed 23 of 317[32m SUCCESS[39m (0 secs / 0.033 secs)
[1A[2KChrome Headless 144.0.0.0 (Mac OS 10.15.7): Executed 24 of 317[32m SUCCESS[39m (0 secs / 0.033 secs)
[1A[2KChrome Headless 144.0.0.0 (Mac OS 10.15.7): Executed 25 of 317[32m SUCCESS[39m (0 secs / 0.034 secs)
[1A[2KChrome Headless 144.0.0.0 (Mac OS 10.15.7): Executed 26 of 317[32m SUCCESS[39m (0 secs / 0.034 secs)
[1A[2KChrome Headless 144.0.0.0 (Mac OS 10.15.7): Executed 27 of 317[32m SUCCESS[39m (0 secs / 0.035 secs)
[1A[2KChrome Headless 144.0.0.0 (Mac OS 10.15.7): Executed 28 of 317[32m SUCCESS[39m (0 secs / 0.035 secs)
[1A[2KChrome Headless 144.0.0.0 (Mac OS 10.15.7): Executed 29 of 317[32m SUCCESS[39m (0 secs / 0.036 secs)
[1A[2KChrome Headless 144.0.0.0 (Mac OS 10.15.7): Executed 30 of 317[32m SUCCESS[39m (0 secs / 0.036 secs)
[1A[2KChrome Headless 144.0.0.0 (Mac OS 10.15.7): Executed 31 of 317[32m SUCCESS[39m (0 secs / 0.036 secs)
[1A[2KChrome Headless 144.0.0.0 (Mac OS 10.15.7): Executed 32 of 317[32m SUCCESS[39m (0 secs / 0.036 secs)
[1A[2KChrome Headless 144.0.0.0 (Mac OS 10.15.7): Executed 33 of 317[32m SUCCESS[39m (0 secs / 0.036 secs)
[1A[2KChrome Headless 144.0.0.0 (Mac OS 10.15.7): Executed 34 of 317[32m SUCCESS[39m (0 secs / 0.079 secs)
[1A[2K[31mChrome Headless 144.0.0.0 (Mac OS 10.15.7) AppRoutingModule - Settings Routes Route Guards should prevent navigation to settings when not authenticated FAILED[39m
	Error: Timeout - Async function did not complete within 5000ms (set by jasmine.DEFAULT_TIMEOUT_INTERVAL)
	    at <Jasmine>
Chrome Headless 144.0.0.0 (Mac OS 10.15.7): Executed 35 of 317[31m (1 FAILED)[39m (0 secs / 5.088 secs)
[1A[2KChrome Headless 144.0.0.0 (Mac OS 10.15.7): Executed 36 of 317[31m (1 FAILED)[39m (0 secs / 5.097 secs)
[1A[2KChrome Headless 144.0.0.0 (Mac OS 10.15.7): Executed 37 of 317[31m (1 FAILED)[39m (0 secs / 5.102 secs)
[1A[2KChrome Headless 144.0.0.0 (Mac OS 10.15.7): Executed 38 of 317[31m (1 FAILED)[39m (0 secs / 5.105 secs)
[1A[2KChrome Headless 144.0.0.0 (Mac OS 10.15.7): Executed 39 of 317[31m (1 FAILED)[39m (0 secs / 5.108 secs)
[1A[2KChrome Headless 144.0.0.0 (Mac OS 10.15.7): Executed 40 of 317[31m (1 FAILED)[39m (0 secs / 5.11 secs)
[1A[2KChrome Headless 144.0.0.0 (Mac OS 10.15.7): Executed 41 of 317[31m (1 FAILED)[39m (0 secs / 5.111 secs)
[1A[2KChrome Headless 144.0.0.0 (Mac OS 10.15.7): Executed 42 of 317[31m (1 FAILED)[39m (0 secs / 5.113 secs)
[1A[2KChrome Headless 144.0.0.0 (Mac OS 10.15.7): Executed 43 of 317[31m (1 FAILED)[39m (0 secs / 5.114 secs)
[1A[2KChrome Headless 144.0.0.0 (Mac OS 10.15.7): Executed 44 of 317[31m (1 FAILED)[39m (0 secs / 5.115 secs)
[1A[2KChrome Headless 144.0.0.0 (Mac OS 10.15.7): Executed 45 of 317[31m (1 FAILED)[39m (0 secs / 5.155 secs)
[1A[2KChrome Headless 144.0.0.0 (Mac OS 10.15.7): Executed 46 of 317[31m (1 FAILED)[39m (0 secs / 5.159 secs)
[1A[2KChrome Headless 144.0.0.0 (Mac OS 10.15.7): Executed 47 of 317[31m (1 FAILED)[39m (0 secs / 5.162 secs)
[1A[2KChrome Headless 144.0.0.0 (Mac OS 10.15.7): Executed 48 of 317[31m (1 FAILED)[39m (0 secs / 5.164 secs)
[1A[2KChrome Headless 144.0.0.0 (Mac OS 10.15.7): Executed 49 of 317[31m (1 FAILED)[39m (0 secs / 5.167 secs)
[1A[2KChrome Headless 144.0.0.0 (Mac OS 10.15.7): Executed 50 of 317[31m (1 FAILED)[39m (0 secs / 5.17 secs)
[1A[2KChrome Headless 144.0.0.0 (Mac OS 10.15.7): Executed 51 of 317[31m (1 FAILED)[39m (0 secs / 5.173 secs)
[1A[2KChrome Headless 144.0.0.0 (Mac OS 10.15.7): Executed 52 of 317[31m (1 FAILED)[39m (0 secs / 5.176 secs)
[1A[2KChrome Headless 144.0.0.0 (Mac OS 10.15.7): Executed 53 of 317[31m (1 FAILED)[39m (0 secs / 5.178 secs)
[1A[2KChrome Headless 144.0.0.0 (Mac OS 10.15.7): Executed 54 of 317[31m (1 FAILED)[39m (0 secs / 5.181 secs)
[1A[2KChrome Headless 144.0.0.0 (Mac OS 10.15.7): Executed 55 of 317[31m (1 FAILED)[39m (0 secs / 5.183 secs)
[1A[2KChrome Headless 144.0.0.0 (Mac OS 10.15.7): Executed 56 of 317[31m (1 FAILED)[39m (0 secs / 5.185 secs)
[1A[2KChrome Headless 144.0.0.0 (Mac OS 10.15.7): Executed 57 of 317[31m (1 FAILED)[39m (0 secs / 5.187 secs)
[1A[2KChrome Headless 144.0.0.0 (Mac OS 10.15.7): Executed 58 of 317[31m (1 FAILED)[39m (0 secs / 5.188 secs)
[1A[2KChrome Headless 144.0.0.0 (Mac OS 10.15.7): Executed 59 of 317[31m (1 FAILED)[39m (0 secs / 5.189 secs)
[1A[2KChrome Headless 144.0.0.0 (Mac OS 10.15.7): Executed 60 of 317[31m (1 FAILED)[39m (0 secs / 5.191 secs)
[1A[2K[31mChrome Headless 144.0.0.0 (Mac OS 10.15.7) LittersComponent Action Buttons should call updateLitter with correct litter FAILED[39m
	Expected spy log to have been called with:
	  [ 'Update litter:', 'litter-1' ]
	but it was never called.
	    at <Jasmine>
	    at UserContext.apply (src/app/components/litters/litters.component.spec.ts:322:27)
	    at _ZoneDelegate.invoke (node_modules/zone.js/fesm2015/zone.js:398:28)
	    at ProxyZoneSpec.onInvoke (node_modules/zone.js/fesm2015/zone-testing.js:2132:39)
	    at _ZoneDelegate.invoke (node_modules/zone.js/fesm2015/zone.js:397:34)
Chrome Headless 144.0.0.0 (Mac OS 10.15.7): Executed 61 of 317[31m (2 FAILED)[39m (0 secs / 5.194 secs)
[1A[2KChrome Headless 144.0.0.0 (Mac OS 10.15.7): Executed 62 of 317[31m (2 FAILED)[39m (0 secs / 5.196 secs)
[1A[2K[31mChrome Headless 144.0.0.0 (Mac OS 10.15.7) LittersComponent Action Buttons should call viewLitter with correct litter FAILED[39m
	Expected spy log to have been called with:
	  [ 'View litter:', 'litter-1' ]
	but it was never called.
	    at <Jasmine>
	    at UserContext.apply (src/app/components/litters/litters.component.spec.ts:314:27)
	    at _ZoneDelegate.invoke (node_modules/zone.js/fesm2015/zone.js:398:28)
	    at ProxyZoneSpec.onInvoke (node_modules/zone.js/fesm2015/zone-testing.js:2132:39)
	    at _ZoneDelegate.invoke (node_modules/zone.js/fesm2015/zone.js:397:34)
Chrome Headless 144.0.0.0 (Mac OS 10.15.7): Executed 63 of 317[31m (3 FAILED)[39m (0 secs / 5.199 secs)
[1A[2K[31mChrome Headless 144.0.0.0 (Mac OS 10.15.7) LittersComponent Action Buttons should call addLitter when add button is clicked FAILED[39m
	Expected spy log to have been called with:
	  [ 'Add litter clicked' ]
	but actual calls were:
	  [ 'addLitter called' ],
	  [ 'modalService:', Object({ open: spy on ModalService.open, close: spy on ModalService.close }) ],
	  [ 'Opening modal with mode:', 'create' ],
	  [ 'Modal service open() called' ].
	
	Call 0:
	  Expected $[0] = 'addLitter called' to equal 'Add litter clicked'.
	Call 1:
	  Expected $.length = 2 to equal 1.
	  Expected $[0] = 'modalService:' to equal 'Add litter clicked'.
	  Unexpected $[1] = Object({ open: spy on ModalService.open, close: spy on ModalService.close }) in array.
	Call 2:
	  Expected $.length = 2 to equal 1.
	  Expected $[0] = 'Opening modal with mode:' to equal 'Add litter clicked'.
	  Unexpected $[1] = 'create' in array.
	Call 3:
	  Expected $[0] = 'Modal service open() called' to equal 'Add litter clicked'.
	Error: Expected spy log to have been called with:
	  [ 'Add litter clicked' ]
	but actual calls were:
	  [ 'addLitter called' ],
	  [ 'modalService:', Object({ open: spy on ModalService.open, close: spy on ModalService.close }) ],
	  [ 'Opening modal with mode:', 'create' ],
	  [ 'Modal service open() called' ].
	Call 0:
	  Expected $[0] = 'addLitter called' to equal 'Add litter clicked'.
	Call 1:
	  Expected $.length = 2 to equal 1.
	  Expected $[0] = 'modalService:' to equal 'Add litter clicked'.
	  Unexpected $[1] = Object({ open: spy on ModalService.open, close: spy on ModalService.close }) in array.
	Call 2:
	  Expected $.length = 2 to equal 1.
	  Expected $[0] = 'Opening modal with mode:' to equal 'Add litter clicked'.
	  Unexpected $[1] = 'create' in array.
	Call 3:
	  Expected $[0] = 'Modal service open() called' to equal 'Add litter clicked'.
	    at <Jasmine>
	    at UserContext.apply (src/app/components/litters/litters.component.spec.ts:306:27)
	    at _ZoneDelegate.invoke (node_modules/zone.js/fesm2015/zone.js:398:28)
	    at ProxyZoneSpec.onInvoke (node_modules/zone.js/fesm2015/zone-testing.js:2132:39)
	    at _ZoneDelegate.invoke (node_modules/zone.js/fesm2015/zone.js:397:34)
Chrome Headless 144.0.0.0 (Mac OS 10.15.7): Executed 64 of 317[31m (4 FAILED)[39m (0 secs / 5.201 secs)
[1A[2KChrome Headless 144.0.0.0 (Mac OS 10.15.7): Executed 65 of 317[31m (4 FAILED)[39m (0 secs / 5.203 secs)
[1A[2KERROR: [36m'Error voiding litter:', Object{error: Object{detail: 'Void error'}}[39m
Chrome Headless 144.0.0.0 (Mac OS 10.15.7): Executed 65 of 317[31m (4 FAILED)[39m (0 secs / 5.203 secs)
ERROR: 'Error voiding litter:', Object{error: Object{detail: 'Void error'}}
[1A[2KChrome Headless 144.0.0.0 (Mac OS 10.15.7): Executed 66 of 317[31m (4 FAILED)[39m (0 secs / 5.206 secs)
[1A[2KChrome Headless 144.0.0.0 (Mac OS 10.15.7): Executed 67 of 317[31m (4 FAILED)[39m (0 secs / 5.207 secs)
[1A[2KChrome Headless 144.0.0.0 (Mac OS 10.15.7): Executed 68 of 317[31m (4 FAILED)[39m (0 secs / 5.209 secs)
[1A[2KChrome Headless 144.0.0.0 (Mac OS 10.15.7): Executed 69 of 317[31m (4 FAILED)[39m (0 secs / 5.21 secs)
[1A[2KChrome Headless 144.0.0.0 (Mac OS 10.15.7): Executed 70 of 317[31m (4 FAILED)[39m (0 secs / 5.211 secs)
[1A[2KChrome Headless 144.0.0.0 (Mac OS 10.15.7): Executed 71 of 317[31m (4 FAILED)[39m (0 secs / 5.229 secs)
[1A[2KChrome Headless 144.0.0.0 (Mac OS 10.15.7): Executed 72 of 317[31m (4 FAILED)[39m (0 secs / 5.231 secs)
[1A[2KChrome Headless 144.0.0.0 (Mac OS 10.15.7): Executed 73 of 317[31m (4 FAILED)[39m (0 secs / 5.234 secs)
[1A[2KChrome Headless 144.0.0.0 (Mac OS 10.15.7): Executed 74 of 317[31m (4 FAILED)[39m (0 secs / 5.237 secs)
[1A[2KChrome Headless 144.0.0.0 (Mac OS 10.15.7): Executed 75 of 317[31m (4 FAILED)[39m (0 secs / 5.239 secs)
[1A[2KChrome Headless 144.0.0.0 (Mac OS 10.15.7): Executed 76 of 317[31m (4 FAILED)[39m (0 secs / 5.241 secs)
[1A[2KChrome Headless 144.0.0.0 (Mac OS 10.15.7): Executed 77 of 317[31m (4 FAILED)[39m (0 secs / 5.243 secs)
[1A[2KChrome Headless 144.0.0.0 (Mac OS 10.15.7): Executed 78 of 317[31m (4 FAILED)[39m (0 secs / 5.247 secs)
[1A[2KChrome Headless 144.0.0.0 (Mac OS 10.15.7): Executed 79 of 317[31m (4 FAILED)[39m (0 secs / 5.249 secs)
[1A[2KChrome Headless 144.0.0.0 (Mac OS 10.15.7): Executed 80 of 317[31m (4 FAILED)[39m (0 secs / 5.251 secs)
[1A[2KChrome Headless 144.0.0.0 (Mac OS 10.15.7): Executed 81 of 317[31m (4 FAILED)[39m (0 secs / 5.257 secs)
[1A[2KChrome Headless 144.0.0.0 (Mac OS 10.15.7): Executed 82 of 317[31m (4 FAILED)[39m (0 secs / 5.258 secs)
[1A[2KChrome Headless 144.0.0.0 (Mac OS 10.15.7): Executed 83 of 317[31m (4 FAILED)[39m (0 secs / 5.259 secs)
[1A[2KChrome Headless 144.0.0.0 (Mac OS 10.15.7): Executed 84 of 317[31m (4 FAILED)[39m (0 secs / 5.26 secs)
[1A[2KChrome Headless 144.0.0.0 (Mac OS 10.15.7): Executed 85 of 317[31m (4 FAILED)[39m (0 secs / 5.26 secs)
[1A[2KChrome Headless 144.0.0.0 (Mac OS 10.15.7): Executed 86 of 317[31m (4 FAILED)[39m (0 secs / 5.26 secs)
[1A[2KChrome Headless 144.0.0.0 (Mac OS 10.15.7): Executed 87 of 317[31m (4 FAILED)[39m (0 secs / 5.261 secs)
[1A[2KChrome Headless 144.0.0.0 (Mac OS 10.15.7): Executed 88 of 317[31m (4 FAILED)[39m (0 secs / 5.262 secs)
[1A[2KChrome Headless 144.0.0.0 (Mac OS 10.15.7): Executed 89 of 317[31m (4 FAILED)[39m (0 secs / 5.262 secs)
[1A[2KChrome Headless 144.0.0.0 (Mac OS 10.15.7): Executed 90 of 317[31m (4 FAILED)[39m (0 secs / 5.263 secs)
[1A[2KChrome Headless 144.0.0.0 (Mac OS 10.15.7): Executed 91 of 317[31m (4 FAILED)[39m (0 secs / 5.264 secs)
[1A[2KChrome Headless 144.0.0.0 (Mac OS 10.15.7): Executed 92 of 317[31m (4 FAILED)[39m (0 secs / 5.286 secs)
[1A[2KChrome Headless 144.0.0.0 (Mac OS 10.15.7): Executed 93 of 317[31m (4 FAILED)[39m (0 secs / 5.288 secs)
[1A[2KERROR: [36m'Error adding puppies:', Object{}[39m
Chrome Headless 144.0.0.0 (Mac OS 10.15.7): Executed 93 of 317[31m (4 FAILED)[39m (0 secs / 5.288 secs)
ERROR: 'Error adding puppies:', Object{}
[1A[2KChrome Headless 144.0.0.0 (Mac OS 10.15.7): Executed 94 of 317[31m (4 FAILED)[39m (0 secs / 5.289 secs)
[1A[2KERROR: [36m'Error adding puppies:', Object{message: 'Failed to add puppies', error: Object{detail: 'Database error'}}[39m
Chrome Headless 144.0.0.0 (Mac OS 10.15.7): Executed 94 of 317[31m (4 FAILED)[39m (0 secs / 5.289 secs)
ERROR: 'Error adding puppies:', Object{message: 'Failed to add puppies', error: Object{detail: 'Database error'}}
[1A[2KChrome Headless 144.0.0.0 (Mac OS 10.15.7): Executed 95 of 317[31m (4 FAILED)[39m (0 secs / 5.289 secs)
[1A[2KChrome Headless 144.0.0.0 (Mac OS 10.15.7): Executed 96 of 317[31m (4 FAILED)[39m (0 secs / 5.289 secs)
[1A[2KChrome Headless 144.0.0.0 (Mac OS 10.15.7): Executed 97 of 317[31m (4 FAILED)[39m (0 secs / 5.29 secs)
[1A[2KChrome Headless 144.0.0.0 (Mac OS 10.15.7): Executed 98 of 317[31m (4 FAILED)[39m (0 secs / 5.291 secs)
[1A[2KChrome Headless 144.0.0.0 (Mac OS 10.15.7): Executed 99 of 317[31m (4 FAILED)[39m (0 secs / 5.291 secs)
[1A[2KChrome Headless 144.0.0.0 (Mac OS 10.15.7): Executed 100 of 317[31m (4 FAILED)[39m (0 secs / 5.292 secs)
[1A[2KChrome Headless 144.0.0.0 (Mac OS 10.15.7): Executed 101 of 317[31m (4 FAILED)[39m (0 secs / 5.293 secs)
[1A[2KChrome Headless 144.0.0.0 (Mac OS 10.15.7): Executed 102 of 317[31m (4 FAILED)[39m (0 secs / 5.293 secs)
[1A[2KChrome Headless 144.0.0.0 (Mac OS 10.15.7): Executed 103 of 317[31m (4 FAILED)[39m (0 secs / 5.294 secs)
[1A[2KChrome Headless 144.0.0.0 (Mac OS 10.15.7): Executed 104 of 317[31m (4 FAILED)[39m (0 secs / 5.295 secs)
[1A[2KChrome Headless 144.0.0.0 (Mac OS 10.15.7): Executed 105 of 317[31m (4 FAILED)[39m (0 secs / 5.295 secs)
[1A[2KChrome Headless 144.0.0.0 (Mac OS 10.15.7): Executed 106 of 317[31m (4 FAILED)[39m (0 secs / 5.296 secs)
[1A[2KChrome Headless 144.0.0.0 (Mac OS 10.15.7): Executed 107 of 317[31m (4 FAILED)[39m (0 secs / 5.297 secs)
[1A[2KChrome Headless 144.0.0.0 (Mac OS 10.15.7): Executed 108 of 317[31m (4 FAILED)[39m (0 secs / 5.299 secs)
[1A[2KChrome Headless 144.0.0.0 (Mac OS 10.15.7): Executed 109 of 317[31m (4 FAILED)[39m (0 secs / 5.3 secs)
[1A[2KChrome Headless 144.0.0.0 (Mac OS 10.15.7): Executed 110 of 317[31m (4 FAILED)[39m (0 secs / 5.314 secs)
[1A[2KChrome Headless 144.0.0.0 (Mac OS 10.15.7): Executed 111 of 317[31m (4 FAILED)[39m (0 secs / 5.324 secs)
[1A[2KChrome Headless 144.0.0.0 (Mac OS 10.15.7): Executed 112 of 317[31m (4 FAILED)[39m (0 secs / 5.326 secs)
[1A[2KChrome Headless 144.0.0.0 (Mac OS 10.15.7): Executed 113 of 317[31m (4 FAILED)[39m (0 secs / 5.327 secs)
[1A[2KChrome Headless 144.0.0.0 (Mac OS 10.15.7): Executed 114 of 317[31m (4 FAILED)[39m (0 secs / 5.328 secs)
[1A[2KChrome Headless 144.0.0.0 (Mac OS 10.15.7): Executed 115 of 317[31m (4 FAILED)[39m (0 secs / 5.329 secs)
[1A[2KChrome Headless 144.0.0.0 (Mac OS 10.15.7): Executed 116 of 317[31m (4 FAILED)[39m (0 secs / 5.33 secs)
[1A[2KChrome Headless 144.0.0.0 (Mac OS 10.15.7): Executed 117 of 317[31m (4 FAILED)[39m (0 secs / 5.332 secs)
[1A[2KChrome Headless 144.0.0.0 (Mac OS 10.15.7): Executed 118 of 317[31m (4 FAILED)[39m (0 secs / 5.334 secs)
[1A[2KChrome Headless 144.0.0.0 (Mac OS 10.15.7): Executed 119 of 317[31m (4 FAILED)[39m (0 secs / 5.335 secs)
[1A[2KChrome Headless 144.0.0.0 (Mac OS 10.15.7): Executed 120 of 317[31m (4 FAILED)[39m (0 secs / 5.337 secs)
[1A[2KChrome Headless 144.0.0.0 (Mac OS 10.15.7): Executed 121 of 317[31m (4 FAILED)[39m (0 secs / 5.339 secs)
[1A[2KChrome Headless 144.0.0.0 (Mac OS 10.15.7): Executed 122 of 317[31m (4 FAILED)[39m (0 secs / 5.34 secs)
[1A[2K[31mChrome Headless 144.0.0.0 (Mac OS 10.15.7) SettingsComponent Navigation should navigate to locations when navigateToSection is called with locations FAILED[39m
	Expected '' to be '/settings/locations'.
	    at <Jasmine>
	    at UserContext.<anonymous> (src/app/components/settings/settings.component.spec.ts:59:31)
	    at Generator.next (<anonymous>)
	    at asyncGeneratorStep (node_modules/@babel/runtime/helpers/esm/asyncToGenerator.js:3:1)
	    at _next (node_modules/@babel/runtime/helpers/esm/asyncToGenerator.js:17:1)
Chrome Headless 144.0.0.0 (Mac OS 10.15.7): Executed 123 of 317[31m (5 FAILED)[39m (0 secs / 5.341 secs)
[1A[2KChrome Headless 144.0.0.0 (Mac OS 10.15.7): Executed 124 of 317[31m (5 FAILED)[39m (0 secs / 5.343 secs)
[1A[2KChrome Headless 144.0.0.0 (Mac OS 10.15.7): Executed 125 of 317[31m (5 FAILED)[39m (0 secs / 5.344 secs)
[1A[2KChrome Headless 144.0.0.0 (Mac OS 10.15.7): Executed 126 of 317[31m (5 FAILED)[39m (0 secs / 5.346 secs)
[1A[2K[31mChrome Headless 144.0.0.0 (Mac OS 10.15.7) SettingsComponent Navigation should navigate to general settings when navigateToSection is called with general FAILED[39m
	Expected '' to be '/settings/general'.
	    at <Jasmine>
	    at UserContext.<anonymous> (src/app/components/settings/settings.component.spec.ts:54:31)
	    at Generator.next (<anonymous>)
	    at asyncGeneratorStep (node_modules/@babel/runtime/helpers/esm/asyncToGenerator.js:3:1)
	    at _next (node_modules/@babel/runtime/helpers/esm/asyncToGenerator.js:17:1)
Chrome Headless 144.0.0.0 (Mac OS 10.15.7): Executed 127 of 317[31m (6 FAILED)[39m (0 secs / 5.347 secs)
[1A[2KChrome Headless 144.0.0.0 (Mac OS 10.15.7): Executed 128 of 317[31m (6 FAILED)[39m (0 secs / 5.351 secs)
[1A[2KChrome Headless 144.0.0.0 (Mac OS 10.15.7): Executed 129 of 317[31m (6 FAILED)[39m (0 secs / 5.352 secs)
[1A[2KChrome Headless 144.0.0.0 (Mac OS 10.15.7): Executed 130 of 317[31m (6 FAILED)[39m (0 secs / 5.354 secs)
[1A[2K[31mChrome Headless 144.0.0.0 (Mac OS 10.15.7) ProfileMenuComponent User Profile Loading should handle error when loading user profile fails FAILED[39m
	Expected spy AuthService.IsLoggedIn to have been called.
	    at <Jasmine>
	    at UserContext.apply (src/app/components/profile-menu/profile-menu.component.spec.ts:132:42)
	    at _ZoneDelegate.invoke (node_modules/zone.js/fesm2015/zone.js:398:28)
	    at ProxyZoneSpec.onInvoke (node_modules/zone.js/fesm2015/zone-testing.js:2132:39)
	    at _ZoneDelegate.invoke (node_modules/zone.js/fesm2015/zone.js:397:34)
	Expected spy error to have been called with:
	  [ 'Failed to load user profile', <jasmine.any(Error)> ]
	but it was never called.
	    at <Jasmine>
	    at UserContext.apply (src/app/components/profile-menu/profile-menu.component.spec.ts:133:29)
	    at _ZoneDelegate.invoke (node_modules/zone.js/fesm2015/zone.js:398:28)
	    at ProxyZoneSpec.onInvoke (node_modules/zone.js/fesm2015/zone-testing.js:2132:39)
	    at _ZoneDelegate.invoke (node_modules/zone.js/fesm2015/zone.js:397:34)
Chrome Headless 144.0.0.0 (Mac OS 10.15.7): Executed 131 of 317[31m (7 FAILED)[39m (0 secs / 5.359 secs)
[1A[2KERROR: [36m'Failed to load user profile', Object{headers: HttpHeaders{headers: Map{}, normalizedNames: Map{}, lazyInit: undefined, lazyUpdate: null}, status: 0, statusText: 'Unknown Error', url: 'http://localhost:8000/api/users/me', ok: false, type: undefined, redirected: undefined, responseType: undefined, name: 'HttpErrorResponse', message: 'Error: 0 - Unknown Error', error: ProgressEvent{isTrusted: true}}[39m
Chrome Headless 144.0.0.0 (Mac OS 10.15.7): Executed 131 of 317[31m (7 FAILED)[39m (0 secs / 5.359 secs)
ERROR: 'Failed to load user profile', Object{headers: HttpHeaders{headers: Map{}, normalizedNames: Map{}, lazyInit: undefined, lazyUpdate: null}, status: 0, statusText: 'Unknown Error', url: 'http://localhost:8000/api/users/me', ok: false, type: undefined, redirected: undefined, responseType: undefined, name: 'HttpErrorResponse', message: 'Error: 0 - Unknown Error', error: ProgressEvent{isTrusted: true}}
[1A[2K[31mChrome Headless 144.0.0.0 (Mac OS 10.15.7) ProfileMenuComponent User Profile Loading should load user profile on init FAILED[39m
	Expected spy AuthService.IsLoggedIn to have been called.
	    at <Jasmine>
	    at UserContext.apply (src/app/components/profile-menu/profile-menu.component.spec.ts:122:42)
	    at _ZoneDelegate.invoke (node_modules/zone.js/fesm2015/zone.js:398:28)
	    at ProxyZoneSpec.onInvoke (node_modules/zone.js/fesm2015/zone-testing.js:2132:39)
	    at _ZoneDelegate.invoke (node_modules/zone.js/fesm2015/zone.js:397:34)
	Expected null to equal Object({ id: '1', email: 'test@example.com', name: 'Test User' }).
	    at <Jasmine>
	    at UserContext.apply (src/app/components/profile-menu/profile-menu.component.spec.ts:123:30)
	    at _ZoneDelegate.invoke (node_modules/zone.js/fesm2015/zone.js:398:28)
	    at ProxyZoneSpec.onInvoke (node_modules/zone.js/fesm2015/zone-testing.js:2132:39)
	    at _ZoneDelegate.invoke (node_modules/zone.js/fesm2015/zone.js:397:34)
Chrome Headless 144.0.0.0 (Mac OS 10.15.7): Executed 132 of 317[31m (8 FAILED)[39m (0 secs / 5.36 secs)
[1A[2KERROR: [36m'Failed to load user profile', Object{headers: HttpHeaders{headers: Map{}, normalizedNames: Map{}, lazyInit: undefined, lazyUpdate: null}, status: 0, statusText: 'Unknown Error', url: 'http://localhost:8000/api/users/me', ok: false, type: undefined, redirected: undefined, responseType: undefined, name: 'HttpErrorResponse', message: 'Error: 0 - Unknown Error', error: ProgressEvent{isTrusted: true}}[39m
Chrome Headless 144.0.0.0 (Mac OS 10.15.7): Executed 132 of 317[31m (8 FAILED)[39m (0 secs / 5.36 secs)
ERROR: 'Failed to load user profile', Object{headers: HttpHeaders{headers: Map{}, normalizedNames: Map{}, lazyInit: undefined, lazyUpdate: null}, status: 0, statusText: 'Unknown Error', url: 'http://localhost:8000/api/users/me', ok: false, type: undefined, redirected: undefined, responseType: undefined, name: 'HttpErrorResponse', message: 'Error: 0 - Unknown Error', error: ProgressEvent{isTrusted: true}}
[1A[2KChrome Headless 144.0.0.0 (Mac OS 10.15.7): Executed 133 of 317[31m (8 FAILED)[39m (0 secs / 5.361 secs)
[1A[2KChrome Headless 144.0.0.0 (Mac OS 10.15.7): Executed 134 of 317[31m (8 FAILED)[39m (0 secs / 5.361 secs)
[1A[2KChrome Headless 144.0.0.0 (Mac OS 10.15.7): Executed 135 of 317[31m (8 FAILED)[39m (0 secs / 5.362 secs)
[1A[2KChrome Headless 144.0.0.0 (Mac OS 10.15.7): Executed 136 of 317[31m (8 FAILED)[39m (0 secs / 5.363 secs)
[1A[2KChrome Headless 144.0.0.0 (Mac OS 10.15.7): Executed 137 of 317[31m (8 FAILED)[39m (0 secs / 5.363 secs)
[1A[2KERROR: [36m'Logout error', Error: Logout failed
Error: Logout failed
    at errorFactory (http://localhost:9876/_karma_webpack_/webpack:/src/app/components/profile-menu/profile-menu.component.spec.ts:106:67)
    at Observable._subscribe (http://localhost:9876/_karma_webpack_/webpack:/node_modules/rxjs/dist/esm/internal/observable/throwError.js:5:51)
    at Observable._trySubscribe (http://localhost:9876/_karma_webpack_/webpack:/node_modules/rxjs/dist/esm/internal/Observable.js:37:25)
    at cb (http://localhost:9876/_karma_webpack_/webpack:/node_modules/rxjs/dist/esm/internal/Observable.js:31:30)
    at errorContext (http://localhost:9876/_karma_webpack_/webpack:/node_modules/rxjs/dist/esm/internal/util/errorContext.js:19:9)
    at Observable.subscribe (http://localhost:9876/_karma_webpack_/webpack:/node_modules/rxjs/dist/esm/internal/Observable.js:22:21)
    at ProfileMenuComponent.logout (http://localhost:9876/_karma_webpack_/webpack:/src/app/components/profile-menu/profile-menu.component.ts:68:35)
    at UserContext.apply (http://localhost:9876/_karma_webpack_/webpack:/src/app/components/profile-menu/profile-menu.component.spec.ts:108:17)
    at _ZoneDelegate.invoke (http://localhost:9876/_karma_webpack_/webpack:/node_modules/zone.js/fesm2015/zone.js:398:28)
    at ProxyZoneSpec.onInvoke (http://localhost:9876/_karma_webpack_/webpack:/node_modules/zone.js/fesm2015/zone-testing.js:2132:39)[39m
Chrome Headless 144.0.0.0 (Mac OS 10.15.7): Executed 137 of 317[31m (8 FAILED)[39m (0 secs / 5.363 secs)
ERROR: 'Logout error', Error: Logout failed
Error: Logout failed
    at errorFactory (http://localhost:9876/_karma_webpack_/webpack:/src/app/components/profile-menu/profile-menu.component.spec.ts:106:67)
    at Observable._subscribe (http://localhost:9876/_karma_webpack_/webpack:/node_modules/rxjs/dist/esm/internal/observable/throwError.js:5:51)
    at Observable._trySubscribe (http://localhost:9876/_karma_webpack_/webpack:/node_modules/rxjs/dist/esm/internal/Observable.js:37:25)
    at cb (http://localhost:9876/_karma_webpack_/webpack:/node_modules/rxjs/dist/esm/internal/Observable.js:31:30)
    at errorContext (http://localhost:9876/_karma_webpack_/webpack:/node_modules/rxjs/dist/esm/internal/util/errorContext.js:19:9)
    at Observable.subscribe (http://localhost:9876/_karma_webpack_/webpack:/node_modules/rxjs/dist/esm/internal/Observable.js:22:21)
    at ProfileMenuComponent.logout (http://localhost:9876/_karma_webpack_/webpack:/src/app/components/profile-menu/profile-menu.component.ts:68:35)
    at UserContext.apply (http://localhost:9876/_karma_webpack_/webpack:/src/app/components/profile-menu/profile-menu.component.spec.ts:108:17)
    at _ZoneDelegate.invoke (http://localhost:9876/_karma_webpack_/webpack:/node_modules/zone.js/fesm2015/zone.js:398:28)
    at ProxyZoneSpec.onInvoke (http://localhost:9876/_karma_webpack_/webpack:/node_modules/zone.js/fesm2015/zone-testing.js:2132:39)
[1A[2KChrome Headless 144.0.0.0 (Mac OS 10.15.7): Executed 138 of 317[31m (8 FAILED)[39m (0 secs / 5.364 secs)
[1A[2KChrome Headless 144.0.0.0 (Mac OS 10.15.7): Executed 139 of 317[31m (8 FAILED)[39m (0 secs / 5.365 secs)
[1A[2KChrome Headless 144.0.0.0 (Mac OS 10.15.7): Executed 140 of 317[31m (8 FAILED)[39m (0 secs / 5.365 secs)
[1A[2KLOG: [36m'All pets loaded:', [Object{id: 'pet-0', name: 'Pet 0', breed_name: 'Labrador', breed_id: 277, location_name: 'Test Kennel', pet_dob: '2020-01-01', gender: 'Female', weight: '46.8', description: 'Test pet Pet 0', is_puppy: 0, has_microchip: 0, has_vaccination: 1, has_healthcertificate: 1, has_dewormed: 0, has_birthcertificate: 1}, Object{id: 'pet-1', name: 'Pet 1', breed_name: 'Labrador', breed_id: 942, location_name: 'Test Kennel', pet_dob: '2020-01-01', gender: 'Female', weight: '30.2', description: 'Test pet Pet 1', is_puppy: 0, has_microchip: 0, has_vaccination: 0, has_healthcertificate: 0, has_dewormed: 0, has_birthcertificate: 1}, Object{id: 'pet-2', name: 'Pet 2', breed_name: 'Labrador', breed_id: 950, location_name: 'Test Kennel', pet_dob: '2020-01-01', gender: 'Female', weight: '47.9', description: 'Test pet Pet 2', is_puppy: 0, has_microchip: 0, has_vaccination: 0, has_healthcertificate: 0, has_dewormed: 0, has_birthcertificate: 0}, Object{id: 'pet-3', name: 'Pet 3', breed_name: 'Labrador', breed_id: 691, location_name: 'Test Kennel', pet_dob: '2020-01-01', gender: 'Male', weight: '20.8', description: 'Test pet Pet 3', is_puppy: 0, has_microchip: 1, has_vaccination: 0, has_healthcertificate: 1, has_dewormed: 0, has_birthcertificate: 1}, Object{id: 'pet-4', name: 'Pet 4', breed_name: 'Labrador', breed_id: 181, location_name: 'Test Kennel', pet_dob: '2020-01-01', gender: 'Female', weight: '35.8', description: 'Test pet Pet 4', is_puppy: 0, has_microchip: 1, has_vaccination: 0, has_healthcertificate: 1, has_dewormed: 0, has_birthcertificate: 0}, Object{id: 'pet-5', name: 'Pet 5', breed_name: 'Labrador', breed_id: 957, location_name: 'Test Kennel', pet_dob: '2020-01-01', gender: 'Female', weight: '41.5', description: 'Test pet Pet 5', is_puppy: 0, has_microchip: 0, has_vaccination: 0, has_healthcertificate: 1, has_dewormed: 0, has_birthcertificate: 1}, Object{id: 'pet-6', name: 'Pet 6', breed_name: 'Labrador', breed_id: 171, location_name: 'Test Kennel', pet_dob: '2020-01-01', gender: 'Female', weight: '46.7', description: 'Test pet Pet 6', is_puppy: 0, has_microchip: 0, has_vaccination: 1, has_healthcertificate: 1, has_dewormed: 1, has_birthcertificate: 1}, Object{id: 'pet-7', name: 'Pet 7', breed_name: 'Labrador', breed_id: 101, location_name: 'Test Kennel', pet_dob: '2020-01-01', gender: 'Male', weight: '54.9', description: 'Test pet Pet 7', is_puppy: 0, has_microchip: 1, has_vaccination: 0, has_healthcertificate: 0, has_dewormed: 0, has_birthcertificate: 0}, Object{id: 'pet-8', name: 'Pet 8', breed_name: 'Labrador', breed_id: 851, location_name: 'Test Kennel', pet_dob: '2020-01-01', gender: 'Female', weight: '53.6', description: 'Test pet Pet 8', is_puppy: 0, has_microchip: 0, has_vaccination: 0, has_healthcertificate: 0, has_dewormed: 1, has_birthcertificate: 0}, Object{id: 'pet-9', name: 'Pet 9', breed_name: 'Labrador', breed_id: 275, location_name: 'Test Kennel', pet_dob: '2020-01-01', gender: 'Male', weight: '45.7', description: 'Test pet Pet 9', is_puppy: 0, has_microchip: 0, has_vaccination: 1, has_healthcertificate: 0, has_dewormed: 0, has_birthcertificate: 1}][39m
Chrome Headless 144.0.0.0 (Mac OS 10.15.7): Executed 140 of 317[31m (8 FAILED)[39m (0 secs / 5.365 secs)
LOG: 'All pets loaded:', [Object{id: 'pet-0', name: 'Pet 0', breed_name: 'Labrador', breed_id: 277, location_name: 'Test Kennel', pet_dob: '2020-01-01', gender: 'Female', weight: '46.8', description: 'Test pet Pet 0', is_puppy: 0, has_microchip: 0, has_vaccination: 1, has_healthcertificate: 1, has_dewormed: 0, has_birthcertificate: 1}, Object{id: 'pet-1', name: 'Pet 1', breed_name: 'Labrador', breed_id: 942, location_name: 'Test Kennel', pet_dob: '2020-01-01', gender: 'Female', weight: '30.2', description: 'Test pet Pet 1', is_puppy: 0, has_microchip: 0, has_vaccination: 0, has_healthcertificate: 0, has_dewormed: 0, has_birthcertificate: 1}, Object{id: 'pet-2', name: 'Pet 2', breed_name: 'Labrador', breed_id: 950, location_name: 'Test Kennel', pet_dob: '2020-01-01', gender: 'Female', weight: '47.9', description: 'Test pet Pet 2', is_puppy: 0, has_microchip: 0, has_vaccination: 0, has_healthcertificate: 0, has_dewormed: 0, has_birthcertificate: 0}, Object{id: 'pet-3', name: 'Pet 3', breed_name: 'Labrador', breed_id: 691, location_name: 'Test Kennel', pet_dob: '2020-01-01', gender: 'Male', weight: '20.8', description: 'Test pet Pet 3', is_puppy: 0, has_microchip: 1, has_vaccination: 0, has_healthcertificate: 1, has_dewormed: 0, has_birthcertificate: 1}, Object{id: 'pet-4', name: 'Pet 4', breed_name: 'Labrador', breed_id: 181, location_name: 'Test Kennel', pet_dob: '2020-01-01', gender: 'Female', weight: '35.8', description: 'Test pet Pet 4', is_puppy: 0, has_microchip: 1, has_vaccination: 0, has_healthcertificate: 1, has_dewormed: 0, has_birthcertificate: 0}, Object{id: 'pet-5', name: 'Pet 5', breed_name: 'Labrador', breed_id: 957, location_name: 'Test Kennel', pet_dob: '2020-01-01', gender: 'Female', weight: '41.5', description: 'Test pet Pet 5', is_puppy: 0, has_microchip: 0, has_vaccination: 0, has_healthcertificate: 1, has_dewormed: 0, has_birthcertificate: 1}, Object{id: 'pet-6', name: 'Pet 6', breed_name: 'Labrador', breed_id: 171, location_name: 'Test Kennel', pet_dob: '2020-01-01', gender: 'Female', weight: '46.7', description: 'Test pet Pet 6', is_puppy: 0, has_microchip: 0, has_vaccination: 1, has_healthcertificate: 1, has_dewormed: 1, has_birthcertificate: 1}, Object{id: 'pet-7', name: 'Pet 7', breed_name: 'Labrador', breed_id: 101, location_name: 'Test Kennel', pet_dob: '2020-01-01', gender: 'Male', weight: '54.9', description: 'Test pet Pet 7', is_puppy: 0, has_microchip: 1, has_vaccination: 0, has_healthcertificate: 0, has_dewormed: 0, has_birthcertificate: 0}, Object{id: 'pet-8', name: 'Pet 8', breed_name: 'Labrador', breed_id: 851, location_name: 'Test Kennel', pet_dob: '2020-01-01', gender: 'Female', weight: '53.6', description: 'Test pet Pet 8', is_puppy: 0, has_microchip: 0, has_vaccination: 0, has_healthcertificate: 0, has_dewormed: 1, has_birthcertificate: 0}, Object{id: 'pet-9', name: 'Pet 9', breed_name: 'Labrador', breed_id: 275, location_name: 'Test Kennel', pet_dob: '2020-01-01', gender: 'Male', weight: '45.7', description: 'Test pet Pet 9', is_puppy: 0, has_microchip: 0, has_vaccination: 1, has_healthcertificate: 0, has_dewormed: 0, has_birthcertificate: 1}]
[1A[2KLOG: [36m'Pet details:', [Object{name: 'Pet 0', is_puppy: 0, is_puppy_type: 'number', location: 'Test Kennel'}, Object{name: 'Pet 1', is_puppy: 0, is_puppy_type: 'number', location: 'Test Kennel'}, Object{name: 'Pet 2', is_puppy: 0, is_puppy_type: 'number', location: 'Test Kennel'}, Object{name: 'Pet 3', is_puppy: 0, is_puppy_type: 'number', location: 'Test Kennel'}, Object{name: 'Pet 4', is_puppy: 0, is_puppy_type: 'number', location: 'Test Kennel'}, Object{name: 'Pet 5', is_puppy: 0, is_puppy_type: 'number', location: 'Test Kennel'}, Object{name: 'Pet 6', is_puppy: 0, is_puppy_type: 'number', location: 'Test Kennel'}, Object{name: 'Pet 7', is_puppy: 0, is_puppy_type: 'number', location: 'Test Kennel'}, Object{name: 'Pet 8', is_puppy: 0, is_puppy_type: 'number', location: 'Test Kennel'}, Object{name: 'Pet 9', is_puppy: 0, is_puppy_type: 'number', location: 'Test Kennel'}][39m
Chrome Headless 144.0.0.0 (Mac OS 10.15.7): Executed 140 of 317[31m (8 FAILED)[39m (0 secs / 5.365 secs)
LOG: 'Pet details:', [Object{name: 'Pet 0', is_puppy: 0, is_puppy_type: 'number', location: 'Test Kennel'}, Object{name: 'Pet 1', is_puppy: 0, is_puppy_type: 'number', location: 'Test Kennel'}, Object{name: 'Pet 2', is_puppy: 0, is_puppy_type: 'number', location: 'Test Kennel'}, Object{name: 'Pet 3', is_puppy: 0, is_puppy_type: 'number', location: 'Test Kennel'}, Object{name: 'Pet 4', is_puppy: 0, is_puppy_type: 'number', location: 'Test Kennel'}, Object{name: 'Pet 5', is_puppy: 0, is_puppy_type: 'number', location: 'Test Kennel'}, Object{name: 'Pet 6', is_puppy: 0, is_puppy_type: 'number', location: 'Test Kennel'}, Object{name: 'Pet 7', is_puppy: 0, is_puppy_type: 'number', location: 'Test Kennel'}, Object{name: 'Pet 8', is_puppy: 0, is_puppy_type: 'number', location: 'Test Kennel'}, Object{name: 'Pet 9', is_puppy: 0, is_puppy_type: 'number', location: 'Test Kennel'}]
[1A[2KLOG: [36m'Available adult pets:', [Object{id: 'pet-0', name: 'Pet 0', breed_name: 'Labrador', breed_id: 277, location_name: 'Test Kennel', pet_dob: '2020-01-01', gender: 'Female', weight: '46.8', description: 'Test pet Pet 0', is_puppy: 0, has_microchip: 0, has_vaccination: 1, has_healthcertificate: 1, has_dewormed: 0, has_birthcertificate: 1}, Object{id: 'pet-1', name: 'Pet 1', breed_name: 'Labrador', breed_id: 942, location_name: 'Test Kennel', pet_dob: '2020-01-01', gender: 'Female', weight: '30.2', description: 'Test pet Pet 1', is_puppy: 0, has_microchip: 0, has_vaccination: 0, has_healthcertificate: 0, has_dewormed: 0, has_birthcertificate: 1}, Object{id: 'pet-2', name: 'Pet 2', breed_name: 'Labrador', breed_id: 950, location_name: 'Test Kennel', pet_dob: '2020-01-01', gender: 'Female', weight: '47.9', description: 'Test pet Pet 2', is_puppy: 0, has_microchip: 0, has_vaccination: 0, has_healthcertificate: 0, has_dewormed: 0, has_birthcertificate: 0}, Object{id: 'pet-3', name: 'Pet 3', breed_name: 'Labrador', breed_id: 691, location_name: 'Test Kennel', pet_dob: '2020-01-01', gender: 'Male', weight: '20.8', description: 'Test pet Pet 3', is_puppy: 0, has_microchip: 1, has_vaccination: 0, has_healthcertificate: 1, has_dewormed: 0, has_birthcertificate: 1}, Object{id: 'pet-4', name: 'Pet 4', breed_name: 'Labrador', breed_id: 181, location_name: 'Test Kennel', pet_dob: '2020-01-01', gender: 'Female', weight: '35.8', description: 'Test pet Pet 4', is_puppy: 0, has_microchip: 1, has_vaccination: 0, has_healthcertificate: 1, has_dewormed: 0, has_birthcertificate: 0}, Object{id: 'pet-5', name: 'Pet 5', breed_name: 'Labrador', breed_id: 957, location_name: 'Test Kennel', pet_dob: '2020-01-01', gender: 'Female', weight: '41.5', description: 'Test pet Pet 5', is_puppy: 0, has_microchip: 0, has_vaccination: 0, has_healthcertificate: 1, has_dewormed: 0, has_birthcertificate: 1}, Object{id: 'pet-6', name: 'Pet 6', breed_name: 'Labrador', breed_id: 171, location_name: 'Test Kennel', pet_dob: '2020-01-01', gender: 'Female', weight: '46.7', description: 'Test pet Pet 6', is_puppy: 0, has_microchip: 0, has_vaccination: 1, has_healthcertificate: 1, has_dewormed: 1, has_birthcertificate: 1}, Object{id: 'pet-7', name: 'Pet 7', breed_name: 'Labrador', breed_id: 101, location_name: 'Test Kennel', pet_dob: '2020-01-01', gender: 'Male', weight: '54.9', description: 'Test pet Pet 7', is_puppy: 0, has_microchip: 1, has_vaccination: 0, has_healthcertificate: 0, has_dewormed: 0, has_birthcertificate: 0}, Object{id: 'pet-8', name: 'Pet 8', breed_name: 'Labrador', breed_id: 851, location_name: 'Test Kennel', pet_dob: '2020-01-01', gender: 'Female', weight: '53.6', description: 'Test pet Pet 8', is_puppy: 0, has_microchip: 0, has_vaccination: 0, has_healthcertificate: 0, has_dewormed: 1, has_birthcertificate: 0}, Object{id: 'pet-9', name: 'Pet 9', breed_name: 'Labrador', breed_id: 275, location_name: 'Test Kennel', pet_dob: '2020-01-01', gender: 'Male', weight: '45.7', description: 'Test pet Pet 9', is_puppy: 0, has_microchip: 0, has_vaccination: 1, has_healthcertificate: 0, has_dewormed: 0, has_birthcertificate: 1}][39m
Chrome Headless 144.0.0.0 (Mac OS 10.15.7): Executed 140 of 317[31m (8 FAILED)[39m (0 secs / 5.365 secs)
LOG: 'Available adult pets:', [Object{id: 'pet-0', name: 'Pet 0', breed_name: 'Labrador', breed_id: 277, location_name: 'Test Kennel', pet_dob: '2020-01-01', gender: 'Female', weight: '46.8', description: 'Test pet Pet 0', is_puppy: 0, has_microchip: 0, has_vaccination: 1, has_healthcertificate: 1, has_dewormed: 0, has_birthcertificate: 1}, Object{id: 'pet-1', name: 'Pet 1', breed_name: 'Labrador', breed_id: 942, location_name: 'Test Kennel', pet_dob: '2020-01-01', gender: 'Female', weight: '30.2', description: 'Test pet Pet 1', is_puppy: 0, has_microchip: 0, has_vaccination: 0, has_healthcertificate: 0, has_dewormed: 0, has_birthcertificate: 1}, Object{id: 'pet-2', name: 'Pet 2', breed_name: 'Labrador', breed_id: 950, location_name: 'Test Kennel', pet_dob: '2020-01-01', gender: 'Female', weight: '47.9', description: 'Test pet Pet 2', is_puppy: 0, has_microchip: 0, has_vaccination: 0, has_healthcertificate: 0, has_dewormed: 0, has_birthcertificate: 0}, Object{id: 'pet-3', name: 'Pet 3', breed_name: 'Labrador', breed_id: 691, location_name: 'Test Kennel', pet_dob: '2020-01-01', gender: 'Male', weight: '20.8', description: 'Test pet Pet 3', is_puppy: 0, has_microchip: 1, has_vaccination: 0, has_healthcertificate: 1, has_dewormed: 0, has_birthcertificate: 1}, Object{id: 'pet-4', name: 'Pet 4', breed_name: 'Labrador', breed_id: 181, location_name: 'Test Kennel', pet_dob: '2020-01-01', gender: 'Female', weight: '35.8', description: 'Test pet Pet 4', is_puppy: 0, has_microchip: 1, has_vaccination: 0, has_healthcertificate: 1, has_dewormed: 0, has_birthcertificate: 0}, Object{id: 'pet-5', name: 'Pet 5', breed_name: 'Labrador', breed_id: 957, location_name: 'Test Kennel', pet_dob: '2020-01-01', gender: 'Female', weight: '41.5', description: 'Test pet Pet 5', is_puppy: 0, has_microchip: 0, has_vaccination: 0, has_healthcertificate: 1, has_dewormed: 0, has_birthcertificate: 1}, Object{id: 'pet-6', name: 'Pet 6', breed_name: 'Labrador', breed_id: 171, location_name: 'Test Kennel', pet_dob: '2020-01-01', gender: 'Female', weight: '46.7', description: 'Test pet Pet 6', is_puppy: 0, has_microchip: 0, has_vaccination: 1, has_healthcertificate: 1, has_dewormed: 1, has_birthcertificate: 1}, Object{id: 'pet-7', name: 'Pet 7', breed_name: 'Labrador', breed_id: 101, location_name: 'Test Kennel', pet_dob: '2020-01-01', gender: 'Male', weight: '54.9', description: 'Test pet Pet 7', is_puppy: 0, has_microchip: 1, has_vaccination: 0, has_healthcertificate: 0, has_dewormed: 0, has_birthcertificate: 0}, Object{id: 'pet-8', name: 'Pet 8', breed_name: 'Labrador', breed_id: 851, location_name: 'Test Kennel', pet_dob: '2020-01-01', gender: 'Female', weight: '53.6', description: 'Test pet Pet 8', is_puppy: 0, has_microchip: 0, has_vaccination: 0, has_healthcertificate: 0, has_dewormed: 1, has_birthcertificate: 0}, Object{id: 'pet-9', name: 'Pet 9', breed_name: 'Labrador', breed_id: 275, location_name: 'Test Kennel', pet_dob: '2020-01-01', gender: 'Male', weight: '45.7', description: 'Test pet Pet 9', is_puppy: 0, has_microchip: 0, has_vaccination: 1, has_healthcertificate: 0, has_dewormed: 0, has_birthcertificate: 1}]
[1A[2KChrome Headless 144.0.0.0 (Mac OS 10.15.7): Executed 141 of 317[31m (8 FAILED)[39m (0 secs / 5.374 secs)
[1A[2KLOG: [36m'All pets loaded:', [Object{id: 'pet-1', name: 'Adult Dog 1', breed_name: 'Labrador', breed_id: 705, location_name: 'Kennel A', pet_dob: '2020-01-01', gender: 'Female', weight: '58.0', description: 'Test pet Adult Dog 1', is_puppy: 0, has_microchip: 1, has_vaccination: 0, has_healthcertificate: 0, has_dewormed: 1, has_birthcertificate: 0}, Object{id: 'pet-2', name: 'Puppy 1', breed_name: 'Labrador', breed_id: 383, location_name: 'Kennel A', pet_dob: '2020-01-01', gender: 'Female', weight: '50.0', description: 'Test pet Puppy 1', is_puppy: 1, has_microchip: 0, has_vaccination: 0, has_healthcertificate: 0, has_dewormed: 1, has_birthcertificate: 0}, Object{id: 'pet-3', name: 'Adult Dog 2', breed_name: 'Labrador', breed_id: 530, location_name: 'Kennel A', pet_dob: '2020-01-01', gender: 'Female', weight: '12.6', description: 'Test pet Adult Dog 2', is_puppy: 0, has_microchip: 1, has_vaccination: 1, has_healthcertificate: 0, has_dewormed: 0, has_birthcertificate: 0}, Object{id: 'pet-4', name: 'Puppy 2', breed_name: 'Labrador', breed_id: 17, location_name: 'Kennel A', pet_dob: '2020-01-01', gender: 'Female', weight: '56.3', description: 'Test pet Puppy 2', is_puppy: 1, has_microchip: 1, has_vaccination: 1, has_healthcertificate: 0, has_dewormed: 1, has_birthcertificate: 1}][39m
Chrome Headless 144.0.0.0 (Mac OS 10.15.7): Executed 141 of 317[31m (8 FAILED)[39m (0 secs / 5.374 secs)
LOG: 'All pets loaded:', [Object{id: 'pet-1', name: 'Adult Dog 1', breed_name: 'Labrador', breed_id: 705, location_name: 'Kennel A', pet_dob: '2020-01-01', gender: 'Female', weight: '58.0', description: 'Test pet Adult Dog 1', is_puppy: 0, has_microchip: 1, has_vaccination: 0, has_healthcertificate: 0, has_dewormed: 1, has_birthcertificate: 0}, Object{id: 'pet-2', name: 'Puppy 1', breed_name: 'Labrador', breed_id: 383, location_name: 'Kennel A', pet_dob: '2020-01-01', gender: 'Female', weight: '50.0', description: 'Test pet Puppy 1', is_puppy: 1, has_microchip: 0, has_vaccination: 0, has_healthcertificate: 0, has_dewormed: 1, has_birthcertificate: 0}, Object{id: 'pet-3', name: 'Adult Dog 2', breed_name: 'Labrador', breed_id: 530, location_name: 'Kennel A', pet_dob: '2020-01-01', gender: 'Female', weight: '12.6', description: 'Test pet Adult Dog 2', is_puppy: 0, has_microchip: 1, has_vaccination: 1, has_healthcertificate: 0, has_dewormed: 0, has_birthcertificate: 0}, Object{id: 'pet-4', name: 'Puppy 2', breed_name: 'Labrador', breed_id: 17, location_name: 'Kennel A', pet_dob: '2020-01-01', gender: 'Female', weight: '56.3', description: 'Test pet Puppy 2', is_puppy: 1, has_microchip: 1, has_vaccination: 1, has_healthcertificate: 0, has_dewormed: 1, has_birthcertificate: 1}]
[1A[2KLOG: [36m'Pet details:', [Object{name: 'Adult Dog 1', is_puppy: 0, is_puppy_type: 'number', location: 'Kennel A'}, Object{name: 'Puppy 1', is_puppy: 1, is_puppy_type: 'number', location: 'Kennel A'}, Object{name: 'Adult Dog 2', is_puppy: 0, is_puppy_type: 'number', location: 'Kennel A'}, Object{name: 'Puppy 2', is_puppy: 1, is_puppy_type: 'number', location: 'Kennel A'}][39m
Chrome Headless 144.0.0.0 (Mac OS 10.15.7): Executed 141 of 317[31m (8 FAILED)[39m (0 secs / 5.374 secs)
LOG: 'Pet details:', [Object{name: 'Adult Dog 1', is_puppy: 0, is_puppy_type: 'number', location: 'Kennel A'}, Object{name: 'Puppy 1', is_puppy: 1, is_puppy_type: 'number', location: 'Kennel A'}, Object{name: 'Adult Dog 2', is_puppy: 0, is_puppy_type: 'number', location: 'Kennel A'}, Object{name: 'Puppy 2', is_puppy: 1, is_puppy_type: 'number', location: 'Kennel A'}]
[1A[2KLOG: [36m'Available adult pets:', [Object{id: 'pet-1', name: 'Adult Dog 1', breed_name: 'Labrador', breed_id: 705, location_name: 'Kennel A', pet_dob: '2020-01-01', gender: 'Female', weight: '58.0', description: 'Test pet Adult Dog 1', is_puppy: 0, has_microchip: 1, has_vaccination: 0, has_healthcertificate: 0, has_dewormed: 1, has_birthcertificate: 0}, Object{id: 'pet-3', name: 'Adult Dog 2', breed_name: 'Labrador', breed_id: 530, location_name: 'Kennel A', pet_dob: '2020-01-01', gender: 'Female', weight: '12.6', description: 'Test pet Adult Dog 2', is_puppy: 0, has_microchip: 1, has_vaccination: 1, has_healthcertificate: 0, has_dewormed: 0, has_birthcertificate: 0}][39m
Chrome Headless 144.0.0.0 (Mac OS 10.15.7): Executed 141 of 317[31m (8 FAILED)[39m (0 secs / 5.374 secs)
LOG: 'Available adult pets:', [Object{id: 'pet-1', name: 'Adult Dog 1', breed_name: 'Labrador', breed_id: 705, location_name: 'Kennel A', pet_dob: '2020-01-01', gender: 'Female', weight: '58.0', description: 'Test pet Adult Dog 1', is_puppy: 0, has_microchip: 1, has_vaccination: 0, has_healthcertificate: 0, has_dewormed: 1, has_birthcertificate: 0}, Object{id: 'pet-3', name: 'Adult Dog 2', breed_name: 'Labrador', breed_id: 530, location_name: 'Kennel A', pet_dob: '2020-01-01', gender: 'Female', weight: '12.6', description: 'Test pet Adult Dog 2', is_puppy: 0, has_microchip: 1, has_vaccination: 1, has_healthcertificate: 0, has_dewormed: 0, has_birthcertificate: 0}]
[1A[2KChrome Headless 144.0.0.0 (Mac OS 10.15.7): Executed 142 of 317[31m (8 FAILED)[39m (0 secs / 5.376 secs)
[1A[2KLOG: [36m'All pets loaded:', [Object{id: 'pet-0-0', name: 'Pet 0', breed_name: 'Bulldog', breed_id: 534, location_name: 'San Diego Kennels', pet_dob: '2020-01-01', gender: 'Male', weight: '26.5', description: 'Test pet Pet 0', is_puppy: 0, has_microchip: 0, has_vaccination: 1, has_healthcertificate: 1, has_dewormed: 1, has_birthcertificate: 0}, Object{id: 'pet-0-1', name: 'Pet 1', breed_name: 'Yorkshire Terrier', breed_id: 614, location_name: 'Chicago Breeding Center', pet_dob: '2020-01-01', gender: 'Female', weight: '17.8', description: 'Test pet Pet 1', is_puppy: 0, has_microchip: 0, has_vaccination: 0, has_healthcertificate: 1, has_dewormed: 0, has_birthcertificate: 0}, Object{id: 'pet-0-2', name: 'Pet 2', breed_name: 'Beagle', breed_id: 925, location_name: 'Chicago Breeding Center', pet_dob: '2020-01-01', gender: 'Female', weight: '48.4', description: 'Test pet Pet 2', is_puppy: 0, has_microchip: 1, has_vaccination: 1, has_healthcertificate: 1, has_dewormed: 1, has_birthcertificate: 0}, Object{id: 'pet-0-3', name: 'Pet 3', breed_name: 'Labrador Retriever', breed_id: 389, location_name: 'San Jose Facility', pet_dob: '2020-01-01', gender: 'Female', weight: '24.8', description: 'Test pet Pet 3', is_puppy: 0, has_microchip: 1, has_vaccination: 1, has_healthcertificate: 1, has_dewormed: 0, has_birthcertificate: 1}, Object{id: 'pet-0-4', name: 'Pet 4', breed_name: 'Golden Retriever', breed_id: 739, location_name: 'San Antonio Lodge', pet_dob: '2020-01-01', gender: 'Male', weight: '27.5', description: 'Test pet Pet 4', is_puppy: 0, has_microchip: 1, has_vaccination: 0, has_healthcertificate: 0, has_dewormed: 0, has_birthcertificate: 0}, Object{id: 'pet-0-5', name: 'Pet 5', breed_name: 'Rottweiler', breed_id: 329, location_name: 'Philadelphia Estate', pet_dob: '2020-01-01', gender: 'Male', weight: '45.2', description: 'Test pet Pet 5', is_puppy: 0, has_microchip: 0, has_vaccination: 0, has_healthcertificate: 1, has_dewormed: 0, has_birthcertificate: 0}, Object{id: 'pet-0-6', name: 'Pet 6', breed_name: 'Boxer', breed_id: 453, location_name: 'San Diego Kennels', pet_dob: '2020-01-01', gender: 'Female', weight: '58.7', description: 'Test pet Pet 6', is_puppy: 0, has_microchip: 1, has_vaccination: 0, has_healthcertificate: 0, has_dewormed: 1, has_birthcertificate: 0}, Object{id: 'pet-0-7', name: 'Pet 7', breed_name: 'Beagle', breed_id: 416, location_name: 'Los Angeles Facility', pet_dob: '2020-01-01', gender: 'Male', weight: '52.0', description: 'Test pet Pet 7', is_puppy: 0, has_microchip: 0, has_vaccination: 0, has_healthcertificate: 0, has_dewormed: 1, has_birthcertificate: 1}][39m
Chrome Headless 144.0.0.0 (Mac OS 10.15.7): Executed 142 of 317[31m (8 FAILED)[39m (0 secs / 5.376 secs)
LOG: 'All pets loaded:', [Object{id: 'pet-0-0', name: 'Pet 0', breed_name: 'Bulldog', breed_id: 534, location_name: 'San Diego Kennels', pet_dob: '2020-01-01', gender: 'Male', weight: '26.5', description: 'Test pet Pet 0', is_puppy: 0, has_microchip: 0, has_vaccination: 1, has_healthcertificate: 1, has_dewormed: 1, has_birthcertificate: 0}, Object{id: 'pet-0-1', name: 'Pet 1', breed_name: 'Yorkshire Terrier', breed_id: 614, location_name: 'Chicago Breeding Center', pet_dob: '2020-01-01', gender: 'Female', weight: '17.8', description: 'Test pet Pet 1', is_puppy: 0, has_microchip: 0, has_vaccination: 0, has_healthcertificate: 1, has_dewormed: 0, has_birthcertificate: 0}, Object{id: 'pet-0-2', name: 'Pet 2', breed_name: 'Beagle', breed_id: 925, location_name: 'Chicago Breeding Center', pet_dob: '2020-01-01', gender: 'Female', weight: '48.4', description: 'Test pet Pet 2', is_puppy: 0, has_microchip: 1, has_vaccination: 1, has_healthcertificate: 1, has_dewormed: 1, has_birthcertificate: 0}, Object{id: 'pet-0-3', name: 'Pet 3', breed_name: 'Labrador Retriever', breed_id: 389, location_name: 'San Jose Facility', pet_dob: '2020-01-01', gender: 'Female', weight: '24.8', description: 'Test pet Pet 3', is_puppy: 0, has_microchip: 1, has_vaccination: 1, has_healthcertificate: 1, has_dewormed: 0, has_birthcertificate: 1}, Object{id: 'pet-0-4', name: 'Pet 4', breed_name: 'Golden Retriever', breed_id: 739, location_name: 'San Antonio Lodge', pet_dob: '2020-01-01', gender: 'Male', weight: '27.5', description: 'Test pet Pet 4', is_puppy: 0, has_microchip: 1, has_vaccination: 0, has_healthcertificate: 0, has_dewormed: 0, has_birthcertificate: 0}, Object{id: 'pet-0-5', name: 'Pet 5', breed_name: 'Rottweiler', breed_id: 329, location_name: 'Philadelphia Estate', pet_dob: '2020-01-01', gender: 'Male', weight: '45.2', description: 'Test pet Pet 5', is_puppy: 0, has_microchip: 0, has_vaccination: 0, has_healthcertificate: 1, has_dewormed: 0, has_birthcertificate: 0}, Object{id: 'pet-0-6', name: 'Pet 6', breed_name: 'Boxer', breed_id: 453, location_name: 'San Diego Kennels', pet_dob: '2020-01-01', gender: 'Female', weight: '58.7', description: 'Test pet Pet 6', is_puppy: 0, has_microchip: 1, has_vaccination: 0, has_healthcertificate: 0, has_dewormed: 1, has_birthcertificate: 0}, Object{id: 'pet-0-7', name: 'Pet 7', breed_name: 'Beagle', breed_id: 416, location_name: 'Los Angeles Facility', pet_dob: '2020-01-01', gender: 'Male', weight: '52.0', description: 'Test pet Pet 7', is_puppy: 0, has_microchip: 0, has_vaccination: 0, has_healthcertificate: 0, has_dewormed: 1, has_birthcertificate: 1}]
[1A[2KLOG: [36m'Pet details:', [Object{name: 'Pet 0', is_puppy: 0, is_puppy_type: 'number', location: 'San Diego Kennels'}, Object{name: 'Pet 1', is_puppy: 0, is_puppy_type: 'number', location: 'Chicago Breeding Center'}, Object{name: 'Pet 2', is_puppy: 0, is_puppy_type: 'number', location: 'Chicago Breeding Center'}, Object{name: 'Pet 3', is_puppy: 0, is_puppy_type: 'number', location: 'San Jose Facility'}, Object{name: 'Pet 4', is_puppy: 0, is_puppy_type: 'number', location: 'San Antonio Lodge'}, Object{name: 'Pet 5', is_puppy: 0, is_puppy_type: 'number', location: 'Philadelphia Estate'}, Object{name: 'Pet 6', is_puppy: 0, is_puppy_type: 'number', location: 'San Diego Kennels'}, Object{name: 'Pet 7', is_puppy: 0, is_puppy_type: 'number', location: 'Los Angeles Facility'}][39m
Chrome Headless 144.0.0.0 (Mac OS 10.15.7): Executed 142 of 317[31m (8 FAILED)[39m (0 secs / 5.376 secs)
LOG: 'Pet details:', [Object{name: 'Pet 0', is_puppy: 0, is_puppy_type: 'number', location: 'San Diego Kennels'}, Object{name: 'Pet 1', is_puppy: 0, is_puppy_type: 'number', location: 'Chicago Breeding Center'}, Object{name: 'Pet 2', is_puppy: 0, is_puppy_type: 'number', location: 'Chicago Breeding Center'}, Object{name: 'Pet 3', is_puppy: 0, is_puppy_type: 'number', location: 'San Jose Facility'}, Object{name: 'Pet 4', is_puppy: 0, is_puppy_type: 'number', location: 'San Antonio Lodge'}, Object{name: 'Pet 5', is_puppy: 0, is_puppy_type: 'number', location: 'Philadelphia Estate'}, Object{name: 'Pet 6', is_puppy: 0, is_puppy_type: 'number', location: 'San Diego Kennels'}, Object{name: 'Pet 7', is_puppy: 0, is_puppy_type: 'number', location: 'Los Angeles Facility'}]
[1A[2KLOG: [36m'Available adult pets:', [Object{id: 'pet-0-0', name: 'Pet 0', breed_name: 'Bulldog', breed_id: 534, location_name: 'San Diego Kennels', pet_dob: '2020-01-01', gender: 'Male', weight: '26.5', description: 'Test pet Pet 0', is_puppy: 0, has_microchip: 0, has_vaccination: 1, has_healthcertificate: 1, has_dewormed: 1, has_birthcertificate: 0}, Object{id: 'pet-0-1', name: 'Pet 1', breed_name: 'Yorkshire Terrier', breed_id: 614, location_name: 'Chicago Breeding Center', pet_dob: '2020-01-01', gender: 'Female', weight: '17.8', description: 'Test pet Pet 1', is_puppy: 0, has_microchip: 0, has_vaccination: 0, has_healthcertificate: 1, has_dewormed: 0, has_birthcertificate: 0}, Object{id: 'pet-0-2', name: 'Pet 2', breed_name: 'Beagle', breed_id: 925, location_name: 'Chicago Breeding Center', pet_dob: '2020-01-01', gender: 'Female', weight: '48.4', description: 'Test pet Pet 2', is_puppy: 0, has_microchip: 1, has_vaccination: 1, has_healthcertificate: 1, has_dewormed: 1, has_birthcertificate: 0}, Object{id: 'pet-0-3', name: 'Pet 3', breed_name: 'Labrador Retriever', breed_id: 389, location_name: 'San Jose Facility', pet_dob: '2020-01-01', gender: 'Female', weight: '24.8', description: 'Test pet Pet 3', is_puppy: 0, has_microchip: 1, has_vaccination: 1, has_healthcertificate: 1, has_dewormed: 0, has_birthcertificate: 1}, Object{id: 'pet-0-4', name: 'Pet 4', breed_name: 'Golden Retriever', breed_id: 739, location_name: 'San Antonio Lodge', pet_dob: '2020-01-01', gender: 'Male', weight: '27.5', description: 'Test pet Pet 4', is_puppy: 0, has_microchip: 1, has_vaccination: 0, has_healthcertificate: 0, has_dewormed: 0, has_birthcertificate: 0}, Object{id: 'pet-0-5', name: 'Pet 5', breed_name: 'Rottweiler', breed_id: 329, location_name: 'Philadelphia Estate', pet_dob: '2020-01-01', gender: 'Male', weight: '45.2', description: 'Test pet Pet 5', is_puppy: 0, has_microchip: 0, has_vaccination: 0, has_healthcertificate: 1, has_dewormed: 0, has_birthcertificate: 0}, Object{id: 'pet-0-6', name: 'Pet 6', breed_name: 'Boxer', breed_id: 453, location_name: 'San Diego Kennels', pet_dob: '2020-01-01', gender: 'Female', weight: '58.7', description: 'Test pet Pet 6', is_puppy: 0, has_microchip: 1, has_vaccination: 0, has_healthcertificate: 0, has_dewormed: 1, has_birthcertificate: 0}, Object{id: 'pet-0-7', name: 'Pet 7', breed_name: 'Beagle', breed_id: 416, location_name: 'Los Angeles Facility', pet_dob: '2020-01-01', gender: 'Male', weight: '52.0', description: 'Test pet Pet 7', is_puppy: 0, has_microchip: 0, has_vaccination: 0, has_healthcertificate: 0, has_dewormed: 1, has_birthcertificate: 1}][39m
Chrome Headless 144.0.0.0 (Mac OS 10.15.7): Executed 142 of 317[31m (8 FAILED)[39m (0 secs / 5.376 secs)
LOG: 'Available adult pets:', [Object{id: 'pet-0-0', name: 'Pet 0', breed_name: 'Bulldog', breed_id: 534, location_name: 'San Diego Kennels', pet_dob: '2020-01-01', gender: 'Male', weight: '26.5', description: 'Test pet Pet 0', is_puppy: 0, has_microchip: 0, has_vaccination: 1, has_healthcertificate: 1, has_dewormed: 1, has_birthcertificate: 0}, Object{id: 'pet-0-1', name: 'Pet 1', breed_name: 'Yorkshire Terrier', breed_id: 614, location_name: 'Chicago Breeding Center', pet_dob: '2020-01-01', gender: 'Female', weight: '17.8', description: 'Test pet Pet 1', is_puppy: 0, has_microchip: 0, has_vaccination: 0, has_healthcertificate: 1, has_dewormed: 0, has_birthcertificate: 0}, Object{id: 'pet-0-2', name: 'Pet 2', breed_name: 'Beagle', breed_id: 925, location_name: 'Chicago Breeding Center', pet_dob: '2020-01-01', gender: 'Female', weight: '48.4', description: 'Test pet Pet 2', is_puppy: 0, has_microchip: 1, has_vaccination: 1, has_healthcertificate: 1, has_dewormed: 1, has_birthcertificate: 0}, Object{id: 'pet-0-3', name: 'Pet 3', breed_name: 'Labrador Retriever', breed_id: 389, location_name: 'San Jose Facility', pet_dob: '2020-01-01', gender: 'Female', weight: '24.8', description: 'Test pet Pet 3', is_puppy: 0, has_microchip: 1, has_vaccination: 1, has_healthcertificate: 1, has_dewormed: 0, has_birthcertificate: 1}, Object{id: 'pet-0-4', name: 'Pet 4', breed_name: 'Golden Retriever', breed_id: 739, location_name: 'San Antonio Lodge', pet_dob: '2020-01-01', gender: 'Male', weight: '27.5', description: 'Test pet Pet 4', is_puppy: 0, has_microchip: 1, has_vaccination: 0, has_healthcertificate: 0, has_dewormed: 0, has_birthcertificate: 0}, Object{id: 'pet-0-5', name: 'Pet 5', breed_name: 'Rottweiler', breed_id: 329, location_name: 'Philadelphia Estate', pet_dob: '2020-01-01', gender: 'Male', weight: '45.2', description: 'Test pet Pet 5', is_puppy: 0, has_microchip: 0, has_vaccination: 0, has_healthcertificate: 1, has_dewormed: 0, has_birthcertificate: 0}, Object{id: 'pet-0-6', name: 'Pet 6', breed_name: 'Boxer', breed_id: 453, location_name: 'San Diego Kennels', pet_dob: '2020-01-01', gender: 'Female', weight: '58.7', description: 'Test pet Pet 6', is_puppy: 0, has_microchip: 1, has_vaccination: 0, has_healthcertificate: 0, has_dewormed: 1, has_birthcertificate: 0}, Object{id: 'pet-0-7', name: 'Pet 7', breed_name: 'Beagle', breed_id: 416, location_name: 'Los Angeles Facility', pet_dob: '2020-01-01', gender: 'Male', weight: '52.0', description: 'Test pet Pet 7', is_puppy: 0, has_microchip: 0, has_vaccination: 0, has_healthcertificate: 0, has_dewormed: 1, has_birthcertificate: 1}]
[1A[2K[31mChrome Headless 144.0.0.0 (Mac OS 10.15.7) PetAssignmentComponent - Location Filtering Properties should filter second pet list to only show pets from same location as first pet (Property 5) - 100 iterations FAILED[39m
	Error: <spyOn> : IsLoggedIn has already been spied upon
	Usage: spyOn(<object>, <methodName>)
	    at <Jasmine>
	    at UserContext.apply (src/app/components/pet-assignment/pet-assignment-location-filtering.property.spec.ts:112:7)
	    at _ZoneDelegate.invoke (node_modules/zone.js/fesm2015/zone.js:398:28)
	    at ProxyZoneSpec.onInvoke (node_modules/zone.js/fesm2015/zone-testing.js:2132:39)
	    at _ZoneDelegate.invoke (node_modules/zone.js/fesm2015/zone.js:397:34)
	    at ZoneImpl.run (node_modules/zone.js/fesm2015/zone.js:113:43)
	    at runInTestZone (node_modules/zone.js/fesm2015/zone-testing.js:216:38)
	    at UserContext.<anonymous> (node_modules/zone.js/fesm2015/zone-testing.js:234:32)
Chrome Headless 144.0.0.0 (Mac OS 10.15.7): Executed 143 of 317[31m (9 FAILED)[39m (0 secs / 5.377 secs)
[1A[2KLOG: [36m'All pets loaded:', [Object{id: 'pet-0', name: 'Pet 0', breed_name: 'Beagle', breed_id: 324, location_name: 'Location A', pet_dob: '2020-01-01', gender: 'Male', weight: '22.7', description: 'Test pet Pet 0', is_puppy: 0, has_microchip: 1, has_vaccination: 0, has_healthcertificate: 1, has_dewormed: 0, has_birthcertificate: 1}, Object{id: 'pet-1', name: 'Pet 1', breed_name: 'Beagle', breed_id: 568, location_name: 'Location B', pet_dob: '2020-01-01', gender: 'Female', weight: '44.6', description: 'Test pet Pet 1', is_puppy: 0, has_microchip: 1, has_vaccination: 0, has_healthcertificate: 0, has_dewormed: 0, has_birthcertificate: 0}, Object{id: 'pet-2', name: 'Pet 2', breed_name: 'Beagle', breed_id: 821, location_name: 'Location C', pet_dob: '2020-01-01', gender: 'Female', weight: '39.6', description: 'Test pet Pet 2', is_puppy: 0, has_microchip: 1, has_vaccination: 1, has_healthcertificate: 1, has_dewormed: 1, has_birthcertificate: 1}, Object{id: 'pet-3', name: 'Pet 3', breed_name: 'Beagle', breed_id: 327, location_name: 'Location D', pet_dob: '2020-01-01', gender: 'Male', weight: '55.6', description: 'Test pet Pet 3', is_puppy: 0, has_microchip: 0, has_vaccination: 0, has_healthcertificate: 0, has_dewormed: 0, has_birthcertificate: 1}, Object{id: 'pet-4', name: 'Pet 4', breed_name: 'Beagle', breed_id: 119, location_name: 'Location E', pet_dob: '2020-01-01', gender: 'Male', weight: '57.9', description: 'Test pet Pet 4', is_puppy: 0, has_microchip: 1, has_vaccination: 0, has_healthcertificate: 0, has_dewormed: 0, has_birthcertificate: 0}][39m
Chrome Headless 144.0.0.0 (Mac OS 10.15.7): Executed 143 of 317[31m (9 FAILED)[39m (0 secs / 5.377 secs)
LOG: 'All pets loaded:', [Object{id: 'pet-0', name: 'Pet 0', breed_name: 'Beagle', breed_id: 324, location_name: 'Location A', pet_dob: '2020-01-01', gender: 'Male', weight: '22.7', description: 'Test pet Pet 0', is_puppy: 0, has_microchip: 1, has_vaccination: 0, has_healthcertificate: 1, has_dewormed: 0, has_birthcertificate: 1}, Object{id: 'pet-1', name: 'Pet 1', breed_name: 'Beagle', breed_id: 568, location_name: 'Location B', pet_dob: '2020-01-01', gender: 'Female', weight: '44.6', description: 'Test pet Pet 1', is_puppy: 0, has_microchip: 1, has_vaccination: 0, has_healthcertificate: 0, has_dewormed: 0, has_birthcertificate: 0}, Object{id: 'pet-2', name: 'Pet 2', breed_name: 'Beagle', breed_id: 821, location_name: 'Location C', pet_dob: '2020-01-01', gender: 'Female', weight: '39.6', description: 'Test pet Pet 2', is_puppy: 0, has_microchip: 1, has_vaccination: 1, has_healthcertificate: 1, has_dewormed: 1, has_birthcertificate: 1}, Object{id: 'pet-3', name: 'Pet 3', breed_name: 'Beagle', breed_id: 327, location_name: 'Location D', pet_dob: '2020-01-01', gender: 'Male', weight: '55.6', description: 'Test pet Pet 3', is_puppy: 0, has_microchip: 0, has_vaccination: 0, has_healthcertificate: 0, has_dewormed: 0, has_birthcertificate: 1}, Object{id: 'pet-4', name: 'Pet 4', breed_name: 'Beagle', breed_id: 119, location_name: 'Location E', pet_dob: '2020-01-01', gender: 'Male', weight: '57.9', description: 'Test pet Pet 4', is_puppy: 0, has_microchip: 1, has_vaccination: 0, has_healthcertificate: 0, has_dewormed: 0, has_birthcertificate: 0}]
[1A[2KLOG: [36m'Pet details:', [Object{name: 'Pet 0', is_puppy: 0, is_puppy_type: 'number', location: 'Location A'}, Object{name: 'Pet 1', is_puppy: 0, is_puppy_type: 'number', location: 'Location B'}, Object{name: 'Pet 2', is_puppy: 0, is_puppy_type: 'number', location: 'Location C'}, Object{name: 'Pet 3', is_puppy: 0, is_puppy_type: 'number', location: 'Location D'}, Object{name: 'Pet 4', is_puppy: 0, is_puppy_type: 'number', location: 'Location E'}][39m
Chrome Headless 144.0.0.0 (Mac OS 10.15.7): Executed 143 of 317[31m (9 FAILED)[39m (0 secs / 5.377 secs)
LOG: 'Pet details:', [Object{name: 'Pet 0', is_puppy: 0, is_puppy_type: 'number', location: 'Location A'}, Object{name: 'Pet 1', is_puppy: 0, is_puppy_type: 'number', location: 'Location B'}, Object{name: 'Pet 2', is_puppy: 0, is_puppy_type: 'number', location: 'Location C'}, Object{name: 'Pet 3', is_puppy: 0, is_puppy_type: 'number', location: 'Location D'}, Object{name: 'Pet 4', is_puppy: 0, is_puppy_type: 'number', location: 'Location E'}]
[1A[2KLOG: [36m'Available adult pets:', [Object{id: 'pet-0', name: 'Pet 0', breed_name: 'Beagle', breed_id: 324, location_name: 'Location A', pet_dob: '2020-01-01', gender: 'Male', weight: '22.7', description: 'Test pet Pet 0', is_puppy: 0, has_microchip: 1, has_vaccination: 0, has_healthcertificate: 1, has_dewormed: 0, has_birthcertificate: 1}, Object{id: 'pet-1', name: 'Pet 1', breed_name: 'Beagle', breed_id: 568, location_name: 'Location B', pet_dob: '2020-01-01', gender: 'Female', weight: '44.6', description: 'Test pet Pet 1', is_puppy: 0, has_microchip: 1, has_vaccination: 0, has_healthcertificate: 0, has_dewormed: 0, has_birthcertificate: 0}, Object{id: 'pet-2', name: 'Pet 2', breed_name: 'Beagle', breed_id: 821, location_name: 'Location C', pet_dob: '2020-01-01', gender: 'Female', weight: '39.6', description: 'Test pet Pet 2', is_puppy: 0, has_microchip: 1, has_vaccination: 1, has_healthcertificate: 1, has_dewormed: 1, has_birthcertificate: 1}, Object{id: 'pet-3', name: 'Pet 3', breed_name: 'Beagle', breed_id: 327, location_name: 'Location D', pet_dob: '2020-01-01', gender: 'Male', weight: '55.6', description: 'Test pet Pet 3', is_puppy: 0, has_microchip: 0, has_vaccination: 0, has_healthcertificate: 0, has_dewormed: 0, has_birthcertificate: 1}, Object{id: 'pet-4', name: 'Pet 4', breed_name: 'Beagle', breed_id: 119, location_name: 'Location E', pet_dob: '2020-01-01', gender: 'Male', weight: '57.9', description: 'Test pet Pet 4', is_puppy: 0, has_microchip: 1, has_vaccination: 0, has_healthcertificate: 0, has_dewormed: 0, has_birthcertificate: 0}][39m
Chrome Headless 144.0.0.0 (Mac OS 10.15.7): Executed 143 of 317[31m (9 FAILED)[39m (0 secs / 5.377 secs)
LOG: 'Available adult pets:', [Object{id: 'pet-0', name: 'Pet 0', breed_name: 'Beagle', breed_id: 324, location_name: 'Location A', pet_dob: '2020-01-01', gender: 'Male', weight: '22.7', description: 'Test pet Pet 0', is_puppy: 0, has_microchip: 1, has_vaccination: 0, has_healthcertificate: 1, has_dewormed: 0, has_birthcertificate: 1}, Object{id: 'pet-1', name: 'Pet 1', breed_name: 'Beagle', breed_id: 568, location_name: 'Location B', pet_dob: '2020-01-01', gender: 'Female', weight: '44.6', description: 'Test pet Pet 1', is_puppy: 0, has_microchip: 1, has_vaccination: 0, has_healthcertificate: 0, has_dewormed: 0, has_birthcertificate: 0}, Object{id: 'pet-2', name: 'Pet 2', breed_name: 'Beagle', breed_id: 821, location_name: 'Location C', pet_dob: '2020-01-01', gender: 'Female', weight: '39.6', description: 'Test pet Pet 2', is_puppy: 0, has_microchip: 1, has_vaccination: 1, has_healthcertificate: 1, has_dewormed: 1, has_birthcertificate: 1}, Object{id: 'pet-3', name: 'Pet 3', breed_name: 'Beagle', breed_id: 327, location_name: 'Location D', pet_dob: '2020-01-01', gender: 'Male', weight: '55.6', description: 'Test pet Pet 3', is_puppy: 0, has_microchip: 0, has_vaccination: 0, has_healthcertificate: 0, has_dewormed: 0, has_birthcertificate: 1}, Object{id: 'pet-4', name: 'Pet 4', breed_name: 'Beagle', breed_id: 119, location_name: 'Location E', pet_dob: '2020-01-01', gender: 'Male', weight: '57.9', description: 'Test pet Pet 4', is_puppy: 0, has_microchip: 1, has_vaccination: 0, has_healthcertificate: 0, has_dewormed: 0, has_birthcertificate: 0}]
[1A[2KChrome Headless 144.0.0.0 (Mac OS 10.15.7): Executed 144 of 317[31m (9 FAILED)[39m (0 secs / 5.378 secs)
[1A[2KLOG: [36m'All pets loaded:', [Object{id: 'pet-1', name: 'Dog 1', breed_name: 'Labrador', breed_id: 267, location_name: 'Kennel A', pet_dob: '2020-01-01', gender: 'Male', weight: '41.5', description: 'Test pet Dog 1', is_puppy: 0, has_microchip: 0, has_vaccination: 1, has_healthcertificate: 1, has_dewormed: 0, has_birthcertificate: 0}, Object{id: 'pet-2', name: 'Dog 2', breed_name: 'Labrador', breed_id: 490, location_name: 'Kennel A', pet_dob: '2020-01-01', gender: 'Male', weight: '53.5', description: 'Test pet Dog 2', is_puppy: 0, has_microchip: 0, has_vaccination: 1, has_healthcertificate: 1, has_dewormed: 1, has_birthcertificate: 0}, Object{id: 'pet-3', name: 'Dog 3', breed_name: 'Beagle', breed_id: 407, location_name: 'Kennel B', pet_dob: '2020-01-01', gender: 'Male', weight: '14.4', description: 'Test pet Dog 3', is_puppy: 0, has_microchip: 1, has_vaccination: 0, has_healthcertificate: 0, has_dewormed: 1, has_birthcertificate: 0}][39m
Chrome Headless 144.0.0.0 (Mac OS 10.15.7): Executed 144 of 317[31m (9 FAILED)[39m (0 secs / 5.378 secs)
LOG: 'All pets loaded:', [Object{id: 'pet-1', name: 'Dog 1', breed_name: 'Labrador', breed_id: 267, location_name: 'Kennel A', pet_dob: '2020-01-01', gender: 'Male', weight: '41.5', description: 'Test pet Dog 1', is_puppy: 0, has_microchip: 0, has_vaccination: 1, has_healthcertificate: 1, has_dewormed: 0, has_birthcertificate: 0}, Object{id: 'pet-2', name: 'Dog 2', breed_name: 'Labrador', breed_id: 490, location_name: 'Kennel A', pet_dob: '2020-01-01', gender: 'Male', weight: '53.5', description: 'Test pet Dog 2', is_puppy: 0, has_microchip: 0, has_vaccination: 1, has_healthcertificate: 1, has_dewormed: 1, has_birthcertificate: 0}, Object{id: 'pet-3', name: 'Dog 3', breed_name: 'Beagle', breed_id: 407, location_name: 'Kennel B', pet_dob: '2020-01-01', gender: 'Male', weight: '14.4', description: 'Test pet Dog 3', is_puppy: 0, has_microchip: 1, has_vaccination: 0, has_healthcertificate: 0, has_dewormed: 1, has_birthcertificate: 0}]
[1A[2KLOG: [36m'Pet details:', [Object{name: 'Dog 1', is_puppy: 0, is_puppy_type: 'number', location: 'Kennel A'}, Object{name: 'Dog 2', is_puppy: 0, is_puppy_type: 'number', location: 'Kennel A'}, Object{name: 'Dog 3', is_puppy: 0, is_puppy_type: 'number', location: 'Kennel B'}][39m
Chrome Headless 144.0.0.0 (Mac OS 10.15.7): Executed 144 of 317[31m (9 FAILED)[39m (0 secs / 5.378 secs)
LOG: 'Pet details:', [Object{name: 'Dog 1', is_puppy: 0, is_puppy_type: 'number', location: 'Kennel A'}, Object{name: 'Dog 2', is_puppy: 0, is_puppy_type: 'number', location: 'Kennel A'}, Object{name: 'Dog 3', is_puppy: 0, is_puppy_type: 'number', location: 'Kennel B'}]
[1A[2KLOG: [36m'Available adult pets:', [Object{id: 'pet-1', name: 'Dog 1', breed_name: 'Labrador', breed_id: 267, location_name: 'Kennel A', pet_dob: '2020-01-01', gender: 'Male', weight: '41.5', description: 'Test pet Dog 1', is_puppy: 0, has_microchip: 0, has_vaccination: 1, has_healthcertificate: 1, has_dewormed: 0, has_birthcertificate: 0}, Object{id: 'pet-2', name: 'Dog 2', breed_name: 'Labrador', breed_id: 490, location_name: 'Kennel A', pet_dob: '2020-01-01', gender: 'Male', weight: '53.5', description: 'Test pet Dog 2', is_puppy: 0, has_microchip: 0, has_vaccination: 1, has_healthcertificate: 1, has_dewormed: 1, has_birthcertificate: 0}, Object{id: 'pet-3', name: 'Dog 3', breed_name: 'Beagle', breed_id: 407, location_name: 'Kennel B', pet_dob: '2020-01-01', gender: 'Male', weight: '14.4', description: 'Test pet Dog 3', is_puppy: 0, has_microchip: 1, has_vaccination: 0, has_healthcertificate: 0, has_dewormed: 1, has_birthcertificate: 0}][39m
Chrome Headless 144.0.0.0 (Mac OS 10.15.7): Executed 144 of 317[31m (9 FAILED)[39m (0 secs / 5.378 secs)
LOG: 'Available adult pets:', [Object{id: 'pet-1', name: 'Dog 1', breed_name: 'Labrador', breed_id: 267, location_name: 'Kennel A', pet_dob: '2020-01-01', gender: 'Male', weight: '41.5', description: 'Test pet Dog 1', is_puppy: 0, has_microchip: 0, has_vaccination: 1, has_healthcertificate: 1, has_dewormed: 0, has_birthcertificate: 0}, Object{id: 'pet-2', name: 'Dog 2', breed_name: 'Labrador', breed_id: 490, location_name: 'Kennel A', pet_dob: '2020-01-01', gender: 'Male', weight: '53.5', description: 'Test pet Dog 2', is_puppy: 0, has_microchip: 0, has_vaccination: 1, has_healthcertificate: 1, has_dewormed: 1, has_birthcertificate: 0}, Object{id: 'pet-3', name: 'Dog 3', breed_name: 'Beagle', breed_id: 407, location_name: 'Kennel B', pet_dob: '2020-01-01', gender: 'Male', weight: '14.4', description: 'Test pet Dog 3', is_puppy: 0, has_microchip: 1, has_vaccination: 0, has_healthcertificate: 0, has_dewormed: 1, has_birthcertificate: 0}]
[1A[2KChrome Headless 144.0.0.0 (Mac OS 10.15.7): Executed 145 of 317[31m (9 FAILED)[39m (0 secs / 5.379 secs)
[1A[2KChrome Headless 144.0.0.0 (Mac OS 10.15.7): Executed 146 of 317[31m (9 FAILED)[39m (0 secs / 5.38 secs)
[1A[2KChrome Headless 144.0.0.0 (Mac OS 10.15.7): Executed 147 of 317[31m (9 FAILED)[39m (0 secs / 5.381 secs)
[1A[2KERROR: [36m'Error updating location:', Object{error: Object{detail: 'Update failed'}}[39m
Chrome Headless 144.0.0.0 (Mac OS 10.15.7): Executed 147 of 317[31m (9 FAILED)[39m (0 secs / 5.381 secs)
ERROR: 'Error updating location:', Object{error: Object{detail: 'Update failed'}}
[1A[2KChrome Headless 144.0.0.0 (Mac OS 10.15.7): Executed 148 of 317[31m (9 FAILED)[39m (0 secs / 5.382 secs)
[1A[2KChrome Headless 144.0.0.0 (Mac OS 10.15.7): Executed 149 of 317[31m (9 FAILED)[39m (0 secs / 5.383 secs)
[1A[2KChrome Headless 144.0.0.0 (Mac OS 10.15.7): Executed 150 of 317[31m (9 FAILED)[39m (0 secs / 5.384 secs)
[1A[2KChrome Headless 144.0.0.0 (Mac OS 10.15.7): Executed 151 of 317[31m (9 FAILED)[39m (0 secs / 5.385 secs)
[1A[2KChrome Headless 144.0.0.0 (Mac OS 10.15.7): Executed 152 of 317[31m (9 FAILED)[39m (0 secs / 5.386 secs)
[1A[2KChrome Headless 144.0.0.0 (Mac OS 10.15.7): Executed 153 of 317[31m (9 FAILED)[39m (0 secs / 5.387 secs)
[1A[2KChrome Headless 144.0.0.0 (Mac OS 10.15.7): Executed 154 of 317[31m (9 FAILED)[39m (0 secs / 5.388 secs)
[1A[2KERROR: [36m'Error creating location:', Object{error: Object{}}[39m
Chrome Headless 144.0.0.0 (Mac OS 10.15.7): Executed 154 of 317[31m (9 FAILED)[39m (0 secs / 5.388 secs)
ERROR: 'Error creating location:', Object{error: Object{}}
[1A[2KChrome Headless 144.0.0.0 (Mac OS 10.15.7): Executed 155 of 317[31m (9 FAILED)[39m (0 secs / 5.389 secs)
[1A[2KChrome Headless 144.0.0.0 (Mac OS 10.15.7): Executed 156 of 317[31m (9 FAILED)[39m (0 secs / 5.389 secs)
[1A[2KERROR: [36m'=== DELETE LOCATION ERROR ==='[39m
Chrome Headless 144.0.0.0 (Mac OS 10.15.7): Executed 156 of 317[31m (9 FAILED)[39m (0 secs / 5.389 secs)
ERROR: '=== DELETE LOCATION ERROR ==='
[1A[2KERROR: [36m'Full error object:', Object{status: 409, error: Object{detail: 'Has pets'}}[39m
Chrome Headless 144.0.0.0 (Mac OS 10.15.7): Executed 156 of 317[31m (9 FAILED)[39m (0 secs / 5.389 secs)
ERROR: 'Full error object:', Object{status: 409, error: Object{detail: 'Has pets'}}
[1A[2KERROR: [36m'Error status:', 409[39m
Chrome Headless 144.0.0.0 (Mac OS 10.15.7): Executed 156 of 317[31m (9 FAILED)[39m (0 secs / 5.389 secs)
ERROR: 'Error status:', 409
[1A[2KERROR: [36m'Error.error:', Object{detail: 'Has pets'}[39m
Chrome Headless 144.0.0.0 (Mac OS 10.15.7): Executed 156 of 317[31m (9 FAILED)[39m (0 secs / 5.389 secs)
ERROR: 'Error.error:', Object{detail: 'Has pets'}
[1A[2KERROR: [36m'Error.error.detail:', 'Has pets'[39m
Chrome Headless 144.0.0.0 (Mac OS 10.15.7): Executed 156 of 317[31m (9 FAILED)[39m (0 secs / 5.389 secs)
ERROR: 'Error.error.detail:', 'Has pets'
[1A[2KERROR: [36m'Error.error.error_code:', undefined[39m
Chrome Headless 144.0.0.0 (Mac OS 10.15.7): Executed 156 of 317[31m (9 FAILED)[39m (0 secs / 5.389 secs)
ERROR: 'Error.error.error_code:', undefined
[1A[2KLOG: [36m'=== PROCESSING 409 ERROR ==='[39m
Chrome Headless 144.0.0.0 (Mac OS 10.15.7): Executed 156 of 317[31m (9 FAILED)[39m (0 secs / 5.389 secs)
LOG: '=== PROCESSING 409 ERROR ==='
[1A[2KLOG: [36m'errorDetail:', 'Has pets'[39m
Chrome Headless 144.0.0.0 (Mac OS 10.15.7): Executed 156 of 317[31m (9 FAILED)[39m (0 secs / 5.389 secs)
LOG: 'errorDetail:', 'Has pets'
[1A[2KLOG: [36m'errorDetail type:', 'string'[39m
Chrome Headless 144.0.0.0 (Mac OS 10.15.7): Executed 156 of 317[31m (9 FAILED)[39m (0 secs / 5.389 secs)
LOG: 'errorDetail type:', 'string'
[1A[2KChrome Headless 144.0.0.0 (Mac OS 10.15.7): Executed 157 of 317[31m (9 FAILED)[39m (0 secs / 5.39 secs)
[1A[2KERROR: [36m'Error loading locations:', Error: Network error
Error: Network error
    at errorFactory (http://localhost:9876/_karma_webpack_/webpack:/src/app/components/settings/breeding-locations/breeding-locations.component.spec.ts:381:65)
    at Observable._subscribe (http://localhost:9876/_karma_webpack_/webpack:/node_modules/rxjs/dist/esm/internal/observable/throwError.js:5:51)
    at Observable._trySubscribe (http://localhost:9876/_karma_webpack_/webpack:/node_modules/rxjs/dist/esm/internal/Observable.js:37:25)
    at cb (http://localhost:9876/_karma_webpack_/webpack:/node_modules/rxjs/dist/esm/internal/Observable.js:31:30)
    at errorContext (http://localhost:9876/_karma_webpack_/webpack:/node_modules/rxjs/dist/esm/internal/util/errorContext.js:19:9)
    at Observable.subscribe (http://localhost:9876/_karma_webpack_/webpack:/node_modules/rxjs/dist/esm/internal/Observable.js:22:21)
    at http://localhost:9876/_karma_webpack_/webpack:/src/app/components/settings/breeding-locations/breeding-locations.component.ts:48:37
    at Generator.next (<anonymous>)
    at asyncGeneratorStep (http://localhost:9876/_karma_webpack_/webpack:/node_modules/@babel/runtime/helpers/esm/asyncToGenerator.js:3:1)
    at _next (http://localhost:9876/_karma_webpack_/webpack:/node_modules/@babel/runtime/helpers/esm/asyncToGenerator.js:17:1)[39m
Chrome Headless 144.0.0.0 (Mac OS 10.15.7): Executed 157 of 317[31m (9 FAILED)[39m (0 secs / 5.39 secs)
ERROR: 'Error loading locations:', Error: Network error
Error: Network error
    at errorFactory (http://localhost:9876/_karma_webpack_/webpack:/src/app/components/settings/breeding-locations/breeding-locations.component.spec.ts:381:65)
    at Observable._subscribe (http://localhost:9876/_karma_webpack_/webpack:/node_modules/rxjs/dist/esm/internal/observable/throwError.js:5:51)
    at Observable._trySubscribe (http://localhost:9876/_karma_webpack_/webpack:/node_modules/rxjs/dist/esm/internal/Observable.js:37:25)
    at cb (http://localhost:9876/_karma_webpack_/webpack:/node_modules/rxjs/dist/esm/internal/Observable.js:31:30)
    at errorContext (http://localhost:9876/_karma_webpack_/webpack:/node_modules/rxjs/dist/esm/internal/util/errorContext.js:19:9)
    at Observable.subscribe (http://localhost:9876/_karma_webpack_/webpack:/node_modules/rxjs/dist/esm/internal/Observable.js:22:21)
    at http://localhost:9876/_karma_webpack_/webpack:/src/app/components/settings/breeding-locations/breeding-locations.component.ts:48:37
    at Generator.next (<anonymous>)
    at asyncGeneratorStep (http://localhost:9876/_karma_webpack_/webpack:/node_modules/@babel/runtime/helpers/esm/asyncToGenerator.js:3:1)
    at _next (http://localhost:9876/_karma_webpack_/webpack:/node_modules/@babel/runtime/helpers/esm/asyncToGenerator.js:17:1)
[1A[2KChrome Headless 144.0.0.0 (Mac OS 10.15.7): Executed 158 of 317[31m (9 FAILED)[39m (0 secs / 5.391 secs)
[1A[2KERROR: [36m'=== DELETE LOCATION ERROR ==='[39m
Chrome Headless 144.0.0.0 (Mac OS 10.15.7): Executed 158 of 317[31m (9 FAILED)[39m (0 secs / 5.391 secs)
ERROR: '=== DELETE LOCATION ERROR ==='
[1A[2KERROR: [36m'Full error object:', Object{status: 500, error: Object{detail: 'Server error'}}[39m
Chrome Headless 144.0.0.0 (Mac OS 10.15.7): Executed 158 of 317[31m (9 FAILED)[39m (0 secs / 5.391 secs)
ERROR: 'Full error object:', Object{status: 500, error: Object{detail: 'Server error'}}
[1A[2KERROR: [36m'Error status:', 500[39m
Chrome Headless 144.0.0.0 (Mac OS 10.15.7): Executed 158 of 317[31m (9 FAILED)[39m (0 secs / 5.391 secs)
ERROR: 'Error status:', 500
[1A[2KERROR: [36m'Error.error:', Object{detail: 'Server error'}[39m
Chrome Headless 144.0.0.0 (Mac OS 10.15.7): Executed 158 of 317[31m (9 FAILED)[39m (0 secs / 5.391 secs)
ERROR: 'Error.error:', Object{detail: 'Server error'}
[1A[2KERROR: [36m'Error.error.detail:', 'Server error'[39m
Chrome Headless 144.0.0.0 (Mac OS 10.15.7): Executed 158 of 317[31m (9 FAILED)[39m (0 secs / 5.391 secs)
ERROR: 'Error.error.detail:', 'Server error'
[1A[2KERROR: [36m'Error.error.error_code:', undefined[39m
Chrome Headless 144.0.0.0 (Mac OS 10.15.7): Executed 158 of 317[31m (9 FAILED)[39m (0 secs / 5.391 secs)
ERROR: 'Error.error.error_code:', undefined
[1A[2KChrome Headless 144.0.0.0 (Mac OS 10.15.7): Executed 159 of 317[31m (9 FAILED)[39m (0 secs / 5.391 secs)
[1A[2KChrome Headless 144.0.0.0 (Mac OS 10.15.7): Executed 160 of 317[31m (9 FAILED)[39m (0 secs / 5.391 secs)
[1A[2KERROR: [36m'Error updating location:', Object{error: Object{detail: 'Update failed'}}[39m
Chrome Headless 144.0.0.0 (Mac OS 10.15.7): Executed 160 of 317[31m (9 FAILED)[39m (0 secs / 5.391 secs)
ERROR: 'Error updating location:', Object{error: Object{detail: 'Update failed'}}
[1A[2KChrome Headless 144.0.0.0 (Mac OS 10.15.7): Executed 161 of 317[31m (9 FAILED)[39m (0 secs / 5.391 secs)
[1A[2KERROR: [36m'Error creating location:', Object{error: Object{detail: 'Creation failed'}}[39m
Chrome Headless 144.0.0.0 (Mac OS 10.15.7): Executed 161 of 317[31m (9 FAILED)[39m (0 secs / 5.391 secs)
ERROR: 'Error creating location:', Object{error: Object{detail: 'Creation failed'}}
[1A[2KChrome Headless 144.0.0.0 (Mac OS 10.15.7): Executed 162 of 317[31m (9 FAILED)[39m (0 secs / 5.392 secs)
[1A[2KChrome Headless 144.0.0.0 (Mac OS 10.15.7): Executed 163 of 317[31m (9 FAILED)[39m (0 secs / 5.393 secs)
[1A[2KChrome Headless 144.0.0.0 (Mac OS 10.15.7): Executed 164 of 317[31m (9 FAILED)[39m (0 secs / 5.394 secs)
[1A[2KERROR: [36m'=== DELETE LOCATION ERROR ==='[39m
Chrome Headless 144.0.0.0 (Mac OS 10.15.7): Executed 164 of 317[31m (9 FAILED)[39m (0 secs / 5.394 secs)
ERROR: '=== DELETE LOCATION ERROR ==='
[1A[2KERROR: [36m'Full error object:', Object{status: 500, error: Object{detail: 'Server error'}}[39m
Chrome Headless 144.0.0.0 (Mac OS 10.15.7): Executed 164 of 317[31m (9 FAILED)[39m (0 secs / 5.394 secs)
ERROR: 'Full error object:', Object{status: 500, error: Object{detail: 'Server error'}}
[1A[2KERROR: [36m'Error status:', 500[39m
Chrome Headless 144.0.0.0 (Mac OS 10.15.7): Executed 164 of 317[31m (9 FAILED)[39m (0 secs / 5.394 secs)
ERROR: 'Error status:', 500
[1A[2KERROR: [36m'Error.error:', Object{detail: 'Server error'}[39m
Chrome Headless 144.0.0.0 (Mac OS 10.15.7): Executed 164 of 317[31m (9 FAILED)[39m (0 secs / 5.394 secs)
ERROR: 'Error.error:', Object{detail: 'Server error'}
[1A[2KERROR: [36m'Error.error.detail:', 'Server error'[39m
Chrome Headless 144.0.0.0 (Mac OS 10.15.7): Executed 164 of 317[31m (9 FAILED)[39m (0 secs / 5.394 secs)
ERROR: 'Error.error.detail:', 'Server error'
[1A[2KERROR: [36m'Error.error.error_code:', undefined[39m
Chrome Headless 144.0.0.0 (Mac OS 10.15.7): Executed 164 of 317[31m (9 FAILED)[39m (0 secs / 5.394 secs)
ERROR: 'Error.error.error_code:', undefined
[1A[2KChrome Headless 144.0.0.0 (Mac OS 10.15.7): Executed 165 of 317[31m (9 FAILED)[39m (0 secs / 5.395 secs)
[1A[2KERROR: [36m'=== DELETE LOCATION ERROR ==='[39m
Chrome Headless 144.0.0.0 (Mac OS 10.15.7): Executed 165 of 317[31m (9 FAILED)[39m (0 secs / 5.395 secs)
ERROR: '=== DELETE LOCATION ERROR ==='
[1A[2KERROR: [36m'Full error object:', Object{status: 409, error: Object{detail: 'Has pets'}}[39m
Chrome Headless 144.0.0.0 (Mac OS 10.15.7): Executed 165 of 317[31m (9 FAILED)[39m (0 secs / 5.395 secs)
ERROR: 'Full error object:', Object{status: 409, error: Object{detail: 'Has pets'}}
[1A[2KERROR: [36m'Error status:', 409[39m
Chrome Headless 144.0.0.0 (Mac OS 10.15.7): Executed 165 of 317[31m (9 FAILED)[39m (0 secs / 5.395 secs)
ERROR: 'Error status:', 409
[1A[2KERROR: [36m'Error.error:', Object{detail: 'Has pets'}[39m
Chrome Headless 144.0.0.0 (Mac OS 10.15.7): Executed 165 of 317[31m (9 FAILED)[39m (0 secs / 5.395 secs)
ERROR: 'Error.error:', Object{detail: 'Has pets'}
[1A[2KERROR: [36m'Error.error.detail:', 'Has pets'[39m
Chrome Headless 144.0.0.0 (Mac OS 10.15.7): Executed 165 of 317[31m (9 FAILED)[39m (0 secs / 5.395 secs)
ERROR: 'Error.error.detail:', 'Has pets'
[1A[2KERROR: [36m'Error.error.error_code:', undefined[39m
Chrome Headless 144.0.0.0 (Mac OS 10.15.7): Executed 165 of 317[31m (9 FAILED)[39m (0 secs / 5.395 secs)
ERROR: 'Error.error.error_code:', undefined
[1A[2KLOG: [36m'=== PROCESSING 409 ERROR ==='[39m
Chrome Headless 144.0.0.0 (Mac OS 10.15.7): Executed 165 of 317[31m (9 FAILED)[39m (0 secs / 5.395 secs)
LOG: '=== PROCESSING 409 ERROR ==='
[1A[2KLOG: [36m'errorDetail:', 'Has pets'[39m
Chrome Headless 144.0.0.0 (Mac OS 10.15.7): Executed 165 of 317[31m (9 FAILED)[39m (0 secs / 5.395 secs)
LOG: 'errorDetail:', 'Has pets'
[1A[2KLOG: [36m'errorDetail type:', 'string'[39m
Chrome Headless 144.0.0.0 (Mac OS 10.15.7): Executed 165 of 317[31m (9 FAILED)[39m (0 secs / 5.395 secs)
LOG: 'errorDetail type:', 'string'
[1A[2K[31mChrome Headless 144.0.0.0 (Mac OS 10.15.7) BreedingLocationsComponent Delete Location should handle error when location has associated pets FAILED[39m
	Expected true to be false.
	    at <Jasmine>
	    at UserContext.<anonymous> (src/app/components/settings/breeding-locations/breeding-locations.component.spec.ts:294:43)
	    at Generator.next (<anonymous>)
	    at asyncGeneratorStep (node_modules/@babel/runtime/helpers/esm/asyncToGenerator.js:3:1)
	    at _next (node_modules/@babel/runtime/helpers/esm/asyncToGenerator.js:17:1)
Chrome Headless 144.0.0.0 (Mac OS 10.15.7): Executed 166 of 317[31m (10 FAILED)[39m (0 secs / 5.396 secs)
[1A[2KChrome Headless 144.0.0.0 (Mac OS 10.15.7): Executed 167 of 317[31m (10 FAILED)[39m (0 secs / 5.397 secs)
[1A[2KChrome Headless 144.0.0.0 (Mac OS 10.15.7): Executed 168 of 317[31m (10 FAILED)[39m (0 secs / 5.398 secs)
[1A[2KChrome Headless 144.0.0.0 (Mac OS 10.15.7): Executed 169 of 317[31m (10 FAILED)[39m (0 secs / 5.399 secs)
[1A[2KChrome Headless 144.0.0.0 (Mac OS 10.15.7): Executed 170 of 317[31m (10 FAILED)[39m (0 secs / 5.399 secs)
[1A[2KERROR: [36m'Error loading locations:', Error: Network error
Error: Network error
    at errorFactory (http://localhost:9876/_karma_webpack_/webpack:/src/app/components/settings/breeding-locations/breeding-locations.component.spec.ts:97:65)
    at Observable._subscribe (http://localhost:9876/_karma_webpack_/webpack:/node_modules/rxjs/dist/esm/internal/observable/throwError.js:5:51)
    at Observable._trySubscribe (http://localhost:9876/_karma_webpack_/webpack:/node_modules/rxjs/dist/esm/internal/Observable.js:37:25)
    at cb (http://localhost:9876/_karma_webpack_/webpack:/node_modules/rxjs/dist/esm/internal/Observable.js:31:30)
    at errorContext (http://localhost:9876/_karma_webpack_/webpack:/node_modules/rxjs/dist/esm/internal/util/errorContext.js:19:9)
    at Observable.subscribe (http://localhost:9876/_karma_webpack_/webpack:/node_modules/rxjs/dist/esm/internal/Observable.js:22:21)
    at http://localhost:9876/_karma_webpack_/webpack:/src/app/components/settings/breeding-locations/breeding-locations.component.ts:48:37
    at Generator.next (<anonymous>)
    at asyncGeneratorStep (http://localhost:9876/_karma_webpack_/webpack:/node_modules/@babel/runtime/helpers/esm/asyncToGenerator.js:3:1)
    at _next (http://localhost:9876/_karma_webpack_/webpack:/node_modules/@babel/runtime/helpers/esm/asyncToGenerator.js:17:1)[39m
Chrome Headless 144.0.0.0 (Mac OS 10.15.7): Executed 170 of 317[31m (10 FAILED)[39m (0 secs / 5.399 secs)
ERROR: 'Error loading locations:', Error: Network error
Error: Network error
    at errorFactory (http://localhost:9876/_karma_webpack_/webpack:/src/app/components/settings/breeding-locations/breeding-locations.component.spec.ts:97:65)
    at Observable._subscribe (http://localhost:9876/_karma_webpack_/webpack:/node_modules/rxjs/dist/esm/internal/observable/throwError.js:5:51)
    at Observable._trySubscribe (http://localhost:9876/_karma_webpack_/webpack:/node_modules/rxjs/dist/esm/internal/Observable.js:37:25)
    at cb (http://localhost:9876/_karma_webpack_/webpack:/node_modules/rxjs/dist/esm/internal/Observable.js:31:30)
    at errorContext (http://localhost:9876/_karma_webpack_/webpack:/node_modules/rxjs/dist/esm/internal/util/errorContext.js:19:9)
    at Observable.subscribe (http://localhost:9876/_karma_webpack_/webpack:/node_modules/rxjs/dist/esm/internal/Observable.js:22:21)
    at http://localhost:9876/_karma_webpack_/webpack:/src/app/components/settings/breeding-locations/breeding-locations.component.ts:48:37
    at Generator.next (<anonymous>)
    at asyncGeneratorStep (http://localhost:9876/_karma_webpack_/webpack:/node_modules/@babel/runtime/helpers/esm/asyncToGenerator.js:3:1)
    at _next (http://localhost:9876/_karma_webpack_/webpack:/node_modules/@babel/runtime/helpers/esm/asyncToGenerator.js:17:1)
[1A[2KChrome Headless 144.0.0.0 (Mac OS 10.15.7): Executed 171 of 317[31m (10 FAILED)[39m (0 secs / 5.399 secs)
[1A[2K[31mChrome Headless 144.0.0.0 (Mac OS 10.15.7) BreedingLocationsComponent Location List Loading should load locations on init FAILED[39m
	Expected spy DataService.getLocations to have been called with:
	  [ 'user-123' ]
	but actual calls were:
	  [  ].
	
	Call 0:
	  Expected $.length = 0 to equal 1.
	  Expected $[0] = undefined to equal 'user-123'.
	Error: Expected spy DataService.getLocations to have been called with:
	  [ 'user-123' ]
	but actual calls were:
	  [  ].
	Call 0:
	  Expected $.length = 0 to equal 1.
	  Expected $[0] = undefined to equal 'user-123'.
	    at <Jasmine>
	    at UserContext.apply (src/app/components/settings/breeding-locations/breeding-locations.component.spec.ts:91:40)
	    at _ZoneDelegate.invoke (node_modules/zone.js/fesm2015/zone.js:398:28)
	    at ProxyZoneSpec.onInvoke (node_modules/zone.js/fesm2015/zone-testing.js:2132:39)
	    at _ZoneDelegate.invoke (node_modules/zone.js/fesm2015/zone.js:397:34)
Chrome Headless 144.0.0.0 (Mac OS 10.15.7): Executed 172 of 317[31m (11 FAILED)[39m (0 secs / 5.4 secs)
[1A[2KERROR: [36m'Error creating location:', Object{error: Object{detail: 'Creation failed'}}[39m
Chrome Headless 144.0.0.0 (Mac OS 10.15.7): Executed 172 of 317[31m (11 FAILED)[39m (0 secs / 5.4 secs)
ERROR: 'Error creating location:', Object{error: Object{detail: 'Creation failed'}}
[1A[2KChrome Headless 144.0.0.0 (Mac OS 10.15.7): Executed 173 of 317[31m (11 FAILED)[39m (0 secs / 5.401 secs)
[1A[2KChrome Headless 144.0.0.0 (Mac OS 10.15.7): Executed 174 of 317[31m (11 FAILED)[39m (0 secs / 5.402 secs)
[1A[2KChrome Headless 144.0.0.0 (Mac OS 10.15.7): Executed 175 of 317[31m (11 FAILED)[39m (0 secs / 5.403 secs)
[1A[2KChrome Headless 144.0.0.0 (Mac OS 10.15.7): Executed 176 of 317[31m (11 FAILED)[39m (0 secs / 5.404 secs)
[1A[2KChrome Headless 144.0.0.0 (Mac OS 10.15.7): Executed 177 of 317[31m (11 FAILED)[39m (0 secs / 5.405 secs)
[1A[2KLOG: [36m'All pets loaded:', [Object{id: 'pet-1', name: 'Max', breed_name: 'Labrador', breed_id: 1, location_name: 'Kennel A', pet_dob: '2020-01-01', gender: 'Male', weight: '30', description: 'Adult dog', is_puppy: 0, has_microchip: 1, has_vaccination: 1, has_healthcertificate: 1, has_dewormed: 1, has_birthcertificate: 1}, Object{id: 'pet-2', name: 'Bella', breed_name: 'Golden Retriever', breed_id: 2, location_name: 'Kennel A', pet_dob: '2019-06-15', gender: 'Female', weight: '28', description: 'Adult dog', is_puppy: 0, has_microchip: 1, has_vaccination: 1, has_healthcertificate: 1, has_dewormed: 1, has_birthcertificate: 1}, Object{id: 'pet-3', name: 'Charlie', breed_name: 'Beagle', breed_id: 3, location_name: 'Kennel B', pet_dob: '2021-03-20', gender: 'Male', weight: '15', description: 'Adult dog', is_puppy: 0, has_microchip: 1, has_vaccination: 1, has_healthcertificate: 0, has_dewormed: 1, has_birthcertificate: 1}, Object{id: 'pet-4', name: 'Puppy', breed_name: 'Labrador', breed_id: 1, location_name: 'Kennel A', pet_dob: '2023-11-01', gender: 'Male', weight: '5', description: 'Puppy', is_puppy: 1, has_microchip: 0, has_vaccination: 0, has_healthcertificate: 0, has_dewormed: 1, has_birthcertificate: 0}][39m
Chrome Headless 144.0.0.0 (Mac OS 10.15.7): Executed 177 of 317[31m (11 FAILED)[39m (0 secs / 5.405 secs)
LOG: 'All pets loaded:', [Object{id: 'pet-1', name: 'Max', breed_name: 'Labrador', breed_id: 1, location_name: 'Kennel A', pet_dob: '2020-01-01', gender: 'Male', weight: '30', description: 'Adult dog', is_puppy: 0, has_microchip: 1, has_vaccination: 1, has_healthcertificate: 1, has_dewormed: 1, has_birthcertificate: 1}, Object{id: 'pet-2', name: 'Bella', breed_name: 'Golden Retriever', breed_id: 2, location_name: 'Kennel A', pet_dob: '2019-06-15', gender: 'Female', weight: '28', description: 'Adult dog', is_puppy: 0, has_microchip: 1, has_vaccination: 1, has_healthcertificate: 1, has_dewormed: 1, has_birthcertificate: 1}, Object{id: 'pet-3', name: 'Charlie', breed_name: 'Beagle', breed_id: 3, location_name: 'Kennel B', pet_dob: '2021-03-20', gender: 'Male', weight: '15', description: 'Adult dog', is_puppy: 0, has_microchip: 1, has_vaccination: 1, has_healthcertificate: 0, has_dewormed: 1, has_birthcertificate: 1}, Object{id: 'pet-4', name: 'Puppy', breed_name: 'Labrador', breed_id: 1, location_name: 'Kennel A', pet_dob: '2023-11-01', gender: 'Male', weight: '5', description: 'Puppy', is_puppy: 1, has_microchip: 0, has_vaccination: 0, has_healthcertificate: 0, has_dewormed: 1, has_birthcertificate: 0}]
[1A[2KLOG: [36m'Pet details:', [Object{name: 'Max', is_puppy: 0, is_puppy_type: 'number', location: 'Kennel A'}, Object{name: 'Bella', is_puppy: 0, is_puppy_type: 'number', location: 'Kennel A'}, Object{name: 'Charlie', is_puppy: 0, is_puppy_type: 'number', location: 'Kennel B'}, Object{name: 'Puppy', is_puppy: 1, is_puppy_type: 'number', location: 'Kennel A'}][39m
Chrome Headless 144.0.0.0 (Mac OS 10.15.7): Executed 177 of 317[31m (11 FAILED)[39m (0 secs / 5.405 secs)
LOG: 'Pet details:', [Object{name: 'Max', is_puppy: 0, is_puppy_type: 'number', location: 'Kennel A'}, Object{name: 'Bella', is_puppy: 0, is_puppy_type: 'number', location: 'Kennel A'}, Object{name: 'Charlie', is_puppy: 0, is_puppy_type: 'number', location: 'Kennel B'}, Object{name: 'Puppy', is_puppy: 1, is_puppy_type: 'number', location: 'Kennel A'}]
[1A[2KLOG: [36m'Available adult pets:', [Object{id: 'pet-1', name: 'Max', breed_name: 'Labrador', breed_id: 1, location_name: 'Kennel A', pet_dob: '2020-01-01', gender: 'Male', weight: '30', description: 'Adult dog', is_puppy: 0, has_microchip: 1, has_vaccination: 1, has_healthcertificate: 1, has_dewormed: 1, has_birthcertificate: 1}, Object{id: 'pet-2', name: 'Bella', breed_name: 'Golden Retriever', breed_id: 2, location_name: 'Kennel A', pet_dob: '2019-06-15', gender: 'Female', weight: '28', description: 'Adult dog', is_puppy: 0, has_microchip: 1, has_vaccination: 1, has_healthcertificate: 1, has_dewormed: 1, has_birthcertificate: 1}, Object{id: 'pet-3', name: 'Charlie', breed_name: 'Beagle', breed_id: 3, location_name: 'Kennel B', pet_dob: '2021-03-20', gender: 'Male', weight: '15', description: 'Adult dog', is_puppy: 0, has_microchip: 1, has_vaccination: 1, has_healthcertificate: 0, has_dewormed: 1, has_birthcertificate: 1}][39m
Chrome Headless 144.0.0.0 (Mac OS 10.15.7): Executed 177 of 317[31m (11 FAILED)[39m (0 secs / 5.405 secs)
LOG: 'Available adult pets:', [Object{id: 'pet-1', name: 'Max', breed_name: 'Labrador', breed_id: 1, location_name: 'Kennel A', pet_dob: '2020-01-01', gender: 'Male', weight: '30', description: 'Adult dog', is_puppy: 0, has_microchip: 1, has_vaccination: 1, has_healthcertificate: 1, has_dewormed: 1, has_birthcertificate: 1}, Object{id: 'pet-2', name: 'Bella', breed_name: 'Golden Retriever', breed_id: 2, location_name: 'Kennel A', pet_dob: '2019-06-15', gender: 'Female', weight: '28', description: 'Adult dog', is_puppy: 0, has_microchip: 1, has_vaccination: 1, has_healthcertificate: 1, has_dewormed: 1, has_birthcertificate: 1}, Object{id: 'pet-3', name: 'Charlie', breed_name: 'Beagle', breed_id: 3, location_name: 'Kennel B', pet_dob: '2021-03-20', gender: 'Male', weight: '15', description: 'Adult dog', is_puppy: 0, has_microchip: 1, has_vaccination: 1, has_healthcertificate: 0, has_dewormed: 1, has_birthcertificate: 1}]
[1A[2KLOG: [36m'All pets loaded:', [Object{id: 'pet-1', name: 'Max', breed_name: 'Labrador', breed_id: 1, location_name: 'Kennel A', pet_dob: '2020-01-01', gender: 'Male', weight: '30', description: 'Adult dog', is_puppy: 0, has_microchip: 1, has_vaccination: 1, has_healthcertificate: 1, has_dewormed: 1, has_birthcertificate: 1}, Object{id: 'pet-2', name: 'Bella', breed_name: 'Golden Retriever', breed_id: 2, location_name: 'Kennel A', pet_dob: '2019-06-15', gender: 'Female', weight: '28', description: 'Adult dog', is_puppy: 0, has_microchip: 1, has_vaccination: 1, has_healthcertificate: 1, has_dewormed: 1, has_birthcertificate: 1}, Object{id: 'pet-3', name: 'Charlie', breed_name: 'Beagle', breed_id: 3, location_name: 'Kennel B', pet_dob: '2021-03-20', gender: 'Male', weight: '15', description: 'Adult dog', is_puppy: 0, has_microchip: 1, has_vaccination: 1, has_healthcertificate: 0, has_dewormed: 1, has_birthcertificate: 1}, Object{id: 'pet-4', name: 'Puppy', breed_name: 'Labrador', breed_id: 1, location_name: 'Kennel A', pet_dob: '2023-11-01', gender: 'Male', weight: '5', description: 'Puppy', is_puppy: 1, has_microchip: 0, has_vaccination: 0, has_healthcertificate: 0, has_dewormed: 1, has_birthcertificate: 0}][39m
Chrome Headless 144.0.0.0 (Mac OS 10.15.7): Executed 177 of 317[31m (11 FAILED)[39m (0 secs / 5.405 secs)
LOG: 'All pets loaded:', [Object{id: 'pet-1', name: 'Max', breed_name: 'Labrador', breed_id: 1, location_name: 'Kennel A', pet_dob: '2020-01-01', gender: 'Male', weight: '30', description: 'Adult dog', is_puppy: 0, has_microchip: 1, has_vaccination: 1, has_healthcertificate: 1, has_dewormed: 1, has_birthcertificate: 1}, Object{id: 'pet-2', name: 'Bella', breed_name: 'Golden Retriever', breed_id: 2, location_name: 'Kennel A', pet_dob: '2019-06-15', gender: 'Female', weight: '28', description: 'Adult dog', is_puppy: 0, has_microchip: 1, has_vaccination: 1, has_healthcertificate: 1, has_dewormed: 1, has_birthcertificate: 1}, Object{id: 'pet-3', name: 'Charlie', breed_name: 'Beagle', breed_id: 3, location_name: 'Kennel B', pet_dob: '2021-03-20', gender: 'Male', weight: '15', description: 'Adult dog', is_puppy: 0, has_microchip: 1, has_vaccination: 1, has_healthcertificate: 0, has_dewormed: 1, has_birthcertificate: 1}, Object{id: 'pet-4', name: 'Puppy', breed_name: 'Labrador', breed_id: 1, location_name: 'Kennel A', pet_dob: '2023-11-01', gender: 'Male', weight: '5', description: 'Puppy', is_puppy: 1, has_microchip: 0, has_vaccination: 0, has_healthcertificate: 0, has_dewormed: 1, has_birthcertificate: 0}]
[1A[2KLOG: [36m'Pet details:', [Object{name: 'Max', is_puppy: 0, is_puppy_type: 'number', location: 'Kennel A'}, Object{name: 'Bella', is_puppy: 0, is_puppy_type: 'number', location: 'Kennel A'}, Object{name: 'Charlie', is_puppy: 0, is_puppy_type: 'number', location: 'Kennel B'}, Object{name: 'Puppy', is_puppy: 1, is_puppy_type: 'number', location: 'Kennel A'}][39m
Chrome Headless 144.0.0.0 (Mac OS 10.15.7): Executed 177 of 317[31m (11 FAILED)[39m (0 secs / 5.405 secs)
LOG: 'Pet details:', [Object{name: 'Max', is_puppy: 0, is_puppy_type: 'number', location: 'Kennel A'}, Object{name: 'Bella', is_puppy: 0, is_puppy_type: 'number', location: 'Kennel A'}, Object{name: 'Charlie', is_puppy: 0, is_puppy_type: 'number', location: 'Kennel B'}, Object{name: 'Puppy', is_puppy: 1, is_puppy_type: 'number', location: 'Kennel A'}]
[1A[2KLOG: [36m'Available adult pets:', [Object{id: 'pet-1', name: 'Max', breed_name: 'Labrador', breed_id: 1, location_name: 'Kennel A', pet_dob: '2020-01-01', gender: 'Male', weight: '30', description: 'Adult dog', is_puppy: 0, has_microchip: 1, has_vaccination: 1, has_healthcertificate: 1, has_dewormed: 1, has_birthcertificate: 1}, Object{id: 'pet-2', name: 'Bella', breed_name: 'Golden Retriever', breed_id: 2, location_name: 'Kennel A', pet_dob: '2019-06-15', gender: 'Female', weight: '28', description: 'Adult dog', is_puppy: 0, has_microchip: 1, has_vaccination: 1, has_healthcertificate: 1, has_dewormed: 1, has_birthcertificate: 1}, Object{id: 'pet-3', name: 'Charlie', breed_name: 'Beagle', breed_id: 3, location_name: 'Kennel B', pet_dob: '2021-03-20', gender: 'Male', weight: '15', description: 'Adult dog', is_puppy: 0, has_microchip: 1, has_vaccination: 1, has_healthcertificate: 0, has_dewormed: 1, has_birthcertificate: 1}][39m
Chrome Headless 144.0.0.0 (Mac OS 10.15.7): Executed 177 of 317[31m (11 FAILED)[39m (0 secs / 5.405 secs)
LOG: 'Available adult pets:', [Object{id: 'pet-1', name: 'Max', breed_name: 'Labrador', breed_id: 1, location_name: 'Kennel A', pet_dob: '2020-01-01', gender: 'Male', weight: '30', description: 'Adult dog', is_puppy: 0, has_microchip: 1, has_vaccination: 1, has_healthcertificate: 1, has_dewormed: 1, has_birthcertificate: 1}, Object{id: 'pet-2', name: 'Bella', breed_name: 'Golden Retriever', breed_id: 2, location_name: 'Kennel A', pet_dob: '2019-06-15', gender: 'Female', weight: '28', description: 'Adult dog', is_puppy: 0, has_microchip: 1, has_vaccination: 1, has_healthcertificate: 1, has_dewormed: 1, has_birthcertificate: 1}, Object{id: 'pet-3', name: 'Charlie', breed_name: 'Beagle', breed_id: 3, location_name: 'Kennel B', pet_dob: '2021-03-20', gender: 'Male', weight: '15', description: 'Adult dog', is_puppy: 0, has_microchip: 1, has_vaccination: 1, has_healthcertificate: 0, has_dewormed: 1, has_birthcertificate: 1}]
[1A[2KChrome Headless 144.0.0.0 (Mac OS 10.15.7): Executed 178 of 317[31m (11 FAILED)[39m (0 secs / 5.406 secs)
[1A[2KLOG: [36m'All pets loaded:', [Object{id: 'pet-1', name: 'Max', breed_name: 'Labrador', breed_id: 1, location_name: 'Kennel A', pet_dob: '2020-01-01', gender: 'Male', weight: '30', description: 'Adult dog', is_puppy: 0, has_microchip: 1, has_vaccination: 1, has_healthcertificate: 1, has_dewormed: 1, has_birthcertificate: 1}, Object{id: 'pet-2', name: 'Bella', breed_name: 'Golden Retriever', breed_id: 2, location_name: 'Kennel A', pet_dob: '2019-06-15', gender: 'Female', weight: '28', description: 'Adult dog', is_puppy: 0, has_microchip: 1, has_vaccination: 1, has_healthcertificate: 1, has_dewormed: 1, has_birthcertificate: 1}, Object{id: 'pet-3', name: 'Charlie', breed_name: 'Beagle', breed_id: 3, location_name: 'Kennel B', pet_dob: '2021-03-20', gender: 'Male', weight: '15', description: 'Adult dog', is_puppy: 0, has_microchip: 1, has_vaccination: 1, has_healthcertificate: 0, has_dewormed: 1, has_birthcertificate: 1}, Object{id: 'pet-4', name: 'Puppy', breed_name: 'Labrador', breed_id: 1, location_name: 'Kennel A', pet_dob: '2023-11-01', gender: 'Male', weight: '5', description: 'Puppy', is_puppy: 1, has_microchip: 0, has_vaccination: 0, has_healthcertificate: 0, has_dewormed: 1, has_birthcertificate: 0}][39m
Chrome Headless 144.0.0.0 (Mac OS 10.15.7): Executed 178 of 317[31m (11 FAILED)[39m (0 secs / 5.406 secs)
LOG: 'All pets loaded:', [Object{id: 'pet-1', name: 'Max', breed_name: 'Labrador', breed_id: 1, location_name: 'Kennel A', pet_dob: '2020-01-01', gender: 'Male', weight: '30', description: 'Adult dog', is_puppy: 0, has_microchip: 1, has_vaccination: 1, has_healthcertificate: 1, has_dewormed: 1, has_birthcertificate: 1}, Object{id: 'pet-2', name: 'Bella', breed_name: 'Golden Retriever', breed_id: 2, location_name: 'Kennel A', pet_dob: '2019-06-15', gender: 'Female', weight: '28', description: 'Adult dog', is_puppy: 0, has_microchip: 1, has_vaccination: 1, has_healthcertificate: 1, has_dewormed: 1, has_birthcertificate: 1}, Object{id: 'pet-3', name: 'Charlie', breed_name: 'Beagle', breed_id: 3, location_name: 'Kennel B', pet_dob: '2021-03-20', gender: 'Male', weight: '15', description: 'Adult dog', is_puppy: 0, has_microchip: 1, has_vaccination: 1, has_healthcertificate: 0, has_dewormed: 1, has_birthcertificate: 1}, Object{id: 'pet-4', name: 'Puppy', breed_name: 'Labrador', breed_id: 1, location_name: 'Kennel A', pet_dob: '2023-11-01', gender: 'Male', weight: '5', description: 'Puppy', is_puppy: 1, has_microchip: 0, has_vaccination: 0, has_healthcertificate: 0, has_dewormed: 1, has_birthcertificate: 0}]
[1A[2KLOG: [36m'Pet details:', [Object{name: 'Max', is_puppy: 0, is_puppy_type: 'number', location: 'Kennel A'}, Object{name: 'Bella', is_puppy: 0, is_puppy_type: 'number', location: 'Kennel A'}, Object{name: 'Charlie', is_puppy: 0, is_puppy_type: 'number', location: 'Kennel B'}, Object{name: 'Puppy', is_puppy: 1, is_puppy_type: 'number', location: 'Kennel A'}][39m
Chrome Headless 144.0.0.0 (Mac OS 10.15.7): Executed 178 of 317[31m (11 FAILED)[39m (0 secs / 5.406 secs)
LOG: 'Pet details:', [Object{name: 'Max', is_puppy: 0, is_puppy_type: 'number', location: 'Kennel A'}, Object{name: 'Bella', is_puppy: 0, is_puppy_type: 'number', location: 'Kennel A'}, Object{name: 'Charlie', is_puppy: 0, is_puppy_type: 'number', location: 'Kennel B'}, Object{name: 'Puppy', is_puppy: 1, is_puppy_type: 'number', location: 'Kennel A'}]
[1A[2KLOG: [36m'Available adult pets:', [Object{id: 'pet-1', name: 'Max', breed_name: 'Labrador', breed_id: 1, location_name: 'Kennel A', pet_dob: '2020-01-01', gender: 'Male', weight: '30', description: 'Adult dog', is_puppy: 0, has_microchip: 1, has_vaccination: 1, has_healthcertificate: 1, has_dewormed: 1, has_birthcertificate: 1}, Object{id: 'pet-2', name: 'Bella', breed_name: 'Golden Retriever', breed_id: 2, location_name: 'Kennel A', pet_dob: '2019-06-15', gender: 'Female', weight: '28', description: 'Adult dog', is_puppy: 0, has_microchip: 1, has_vaccination: 1, has_healthcertificate: 1, has_dewormed: 1, has_birthcertificate: 1}, Object{id: 'pet-3', name: 'Charlie', breed_name: 'Beagle', breed_id: 3, location_name: 'Kennel B', pet_dob: '2021-03-20', gender: 'Male', weight: '15', description: 'Adult dog', is_puppy: 0, has_microchip: 1, has_vaccination: 1, has_healthcertificate: 0, has_dewormed: 1, has_birthcertificate: 1}][39m
Chrome Headless 144.0.0.0 (Mac OS 10.15.7): Executed 178 of 317[31m (11 FAILED)[39m (0 secs / 5.406 secs)
LOG: 'Available adult pets:', [Object{id: 'pet-1', name: 'Max', breed_name: 'Labrador', breed_id: 1, location_name: 'Kennel A', pet_dob: '2020-01-01', gender: 'Male', weight: '30', description: 'Adult dog', is_puppy: 0, has_microchip: 1, has_vaccination: 1, has_healthcertificate: 1, has_dewormed: 1, has_birthcertificate: 1}, Object{id: 'pet-2', name: 'Bella', breed_name: 'Golden Retriever', breed_id: 2, location_name: 'Kennel A', pet_dob: '2019-06-15', gender: 'Female', weight: '28', description: 'Adult dog', is_puppy: 0, has_microchip: 1, has_vaccination: 1, has_healthcertificate: 1, has_dewormed: 1, has_birthcertificate: 1}, Object{id: 'pet-3', name: 'Charlie', breed_name: 'Beagle', breed_id: 3, location_name: 'Kennel B', pet_dob: '2021-03-20', gender: 'Male', weight: '15', description: 'Adult dog', is_puppy: 0, has_microchip: 1, has_vaccination: 1, has_healthcertificate: 0, has_dewormed: 1, has_birthcertificate: 1}]
[1A[2K[31mChrome Headless 144.0.0.0 (Mac OS 10.15.7) PetAssignmentComponent assignPets should clear location error on successful assignment FAILED[39m
	Expected 'Previous error' to be ''.
	    at <Jasmine>
	    at UserContext.apply (src/app/components/pet-assignment/pet-assignment.component.spec.ts:353:39)
	    at _ZoneDelegate.invoke (node_modules/zone.js/fesm2015/zone.js:398:28)
	    at ProxyZoneSpec.onInvoke (node_modules/zone.js/fesm2015/zone-testing.js:2132:39)
	    at _ZoneDelegate.invoke (node_modules/zone.js/fesm2015/zone.js:397:34)
Chrome Headless 144.0.0.0 (Mac OS 10.15.7): Executed 179 of 317[31m (12 FAILED)[39m (0 secs / 5.407 secs)
[1A[2KLOG: [36m'All pets loaded:', [Object{id: 'pet-1', name: 'Max', breed_name: 'Labrador', breed_id: 1, location_name: 'Kennel A', pet_dob: '2020-01-01', gender: 'Male', weight: '30', description: 'Adult dog', is_puppy: 0, has_microchip: 1, has_vaccination: 1, has_healthcertificate: 1, has_dewormed: 1, has_birthcertificate: 1}, Object{id: 'pet-2', name: 'Bella', breed_name: 'Golden Retriever', breed_id: 2, location_name: 'Kennel A', pet_dob: '2019-06-15', gender: 'Female', weight: '28', description: 'Adult dog', is_puppy: 0, has_microchip: 1, has_vaccination: 1, has_healthcertificate: 1, has_dewormed: 1, has_birthcertificate: 1}, Object{id: 'pet-3', name: 'Charlie', breed_name: 'Beagle', breed_id: 3, location_name: 'Kennel B', pet_dob: '2021-03-20', gender: 'Male', weight: '15', description: 'Adult dog', is_puppy: 0, has_microchip: 1, has_vaccination: 1, has_healthcertificate: 0, has_dewormed: 1, has_birthcertificate: 1}, Object{id: 'pet-4', name: 'Puppy', breed_name: 'Labrador', breed_id: 1, location_name: 'Kennel A', pet_dob: '2023-11-01', gender: 'Male', weight: '5', description: 'Puppy', is_puppy: 1, has_microchip: 0, has_vaccination: 0, has_healthcertificate: 0, has_dewormed: 1, has_birthcertificate: 0}][39m
Chrome Headless 144.0.0.0 (Mac OS 10.15.7): Executed 179 of 317[31m (12 FAILED)[39m (0 secs / 5.407 secs)
LOG: 'All pets loaded:', [Object{id: 'pet-1', name: 'Max', breed_name: 'Labrador', breed_id: 1, location_name: 'Kennel A', pet_dob: '2020-01-01', gender: 'Male', weight: '30', description: 'Adult dog', is_puppy: 0, has_microchip: 1, has_vaccination: 1, has_healthcertificate: 1, has_dewormed: 1, has_birthcertificate: 1}, Object{id: 'pet-2', name: 'Bella', breed_name: 'Golden Retriever', breed_id: 2, location_name: 'Kennel A', pet_dob: '2019-06-15', gender: 'Female', weight: '28', description: 'Adult dog', is_puppy: 0, has_microchip: 1, has_vaccination: 1, has_healthcertificate: 1, has_dewormed: 1, has_birthcertificate: 1}, Object{id: 'pet-3', name: 'Charlie', breed_name: 'Beagle', breed_id: 3, location_name: 'Kennel B', pet_dob: '2021-03-20', gender: 'Male', weight: '15', description: 'Adult dog', is_puppy: 0, has_microchip: 1, has_vaccination: 1, has_healthcertificate: 0, has_dewormed: 1, has_birthcertificate: 1}, Object{id: 'pet-4', name: 'Puppy', breed_name: 'Labrador', breed_id: 1, location_name: 'Kennel A', pet_dob: '2023-11-01', gender: 'Male', weight: '5', description: 'Puppy', is_puppy: 1, has_microchip: 0, has_vaccination: 0, has_healthcertificate: 0, has_dewormed: 1, has_birthcertificate: 0}]
[1A[2KLOG: [36m'Pet details:', [Object{name: 'Max', is_puppy: 0, is_puppy_type: 'number', location: 'Kennel A'}, Object{name: 'Bella', is_puppy: 0, is_puppy_type: 'number', location: 'Kennel A'}, Object{name: 'Charlie', is_puppy: 0, is_puppy_type: 'number', location: 'Kennel B'}, Object{name: 'Puppy', is_puppy: 1, is_puppy_type: 'number', location: 'Kennel A'}][39m
Chrome Headless 144.0.0.0 (Mac OS 10.15.7): Executed 179 of 317[31m (12 FAILED)[39m (0 secs / 5.407 secs)
LOG: 'Pet details:', [Object{name: 'Max', is_puppy: 0, is_puppy_type: 'number', location: 'Kennel A'}, Object{name: 'Bella', is_puppy: 0, is_puppy_type: 'number', location: 'Kennel A'}, Object{name: 'Charlie', is_puppy: 0, is_puppy_type: 'number', location: 'Kennel B'}, Object{name: 'Puppy', is_puppy: 1, is_puppy_type: 'number', location: 'Kennel A'}]
[1A[2KLOG: [36m'Available adult pets:', [Object{id: 'pet-1', name: 'Max', breed_name: 'Labrador', breed_id: 1, location_name: 'Kennel A', pet_dob: '2020-01-01', gender: 'Male', weight: '30', description: 'Adult dog', is_puppy: 0, has_microchip: 1, has_vaccination: 1, has_healthcertificate: 1, has_dewormed: 1, has_birthcertificate: 1}, Object{id: 'pet-2', name: 'Bella', breed_name: 'Golden Retriever', breed_id: 2, location_name: 'Kennel A', pet_dob: '2019-06-15', gender: 'Female', weight: '28', description: 'Adult dog', is_puppy: 0, has_microchip: 1, has_vaccination: 1, has_healthcertificate: 1, has_dewormed: 1, has_birthcertificate: 1}, Object{id: 'pet-3', name: 'Charlie', breed_name: 'Beagle', breed_id: 3, location_name: 'Kennel B', pet_dob: '2021-03-20', gender: 'Male', weight: '15', description: 'Adult dog', is_puppy: 0, has_microchip: 1, has_vaccination: 1, has_healthcertificate: 0, has_dewormed: 1, has_birthcertificate: 1}][39m
Chrome Headless 144.0.0.0 (Mac OS 10.15.7): Executed 179 of 317[31m (12 FAILED)[39m (0 secs / 5.407 secs)
LOG: 'Available adult pets:', [Object{id: 'pet-1', name: 'Max', breed_name: 'Labrador', breed_id: 1, location_name: 'Kennel A', pet_dob: '2020-01-01', gender: 'Male', weight: '30', description: 'Adult dog', is_puppy: 0, has_microchip: 1, has_vaccination: 1, has_healthcertificate: 1, has_dewormed: 1, has_birthcertificate: 1}, Object{id: 'pet-2', name: 'Bella', breed_name: 'Golden Retriever', breed_id: 2, location_name: 'Kennel A', pet_dob: '2019-06-15', gender: 'Female', weight: '28', description: 'Adult dog', is_puppy: 0, has_microchip: 1, has_vaccination: 1, has_healthcertificate: 1, has_dewormed: 1, has_birthcertificate: 1}, Object{id: 'pet-3', name: 'Charlie', breed_name: 'Beagle', breed_id: 3, location_name: 'Kennel B', pet_dob: '2021-03-20', gender: 'Male', weight: '15', description: 'Adult dog', is_puppy: 0, has_microchip: 1, has_vaccination: 1, has_healthcertificate: 0, has_dewormed: 1, has_birthcertificate: 1}]
[1A[2KChrome Headless 144.0.0.0 (Mac OS 10.15.7): Executed 180 of 317[31m (12 FAILED)[39m (0 secs / 5.408 secs)
[1A[2KLOG: [36m'All pets loaded:', [Object{id: 'pet-1', name: 'Max', breed_name: 'Labrador', breed_id: 1, location_name: 'Kennel A', pet_dob: '2020-01-01', gender: 'Male', weight: '30', description: 'Adult dog', is_puppy: 0, has_microchip: 1, has_vaccination: 1, has_healthcertificate: 1, has_dewormed: 1, has_birthcertificate: 1}, Object{id: 'pet-2', name: 'Bella', breed_name: 'Golden Retriever', breed_id: 2, location_name: 'Kennel A', pet_dob: '2019-06-15', gender: 'Female', weight: '28', description: 'Adult dog', is_puppy: 0, has_microchip: 1, has_vaccination: 1, has_healthcertificate: 1, has_dewormed: 1, has_birthcertificate: 1}, Object{id: 'pet-3', name: 'Charlie', breed_name: 'Beagle', breed_id: 3, location_name: 'Kennel B', pet_dob: '2021-03-20', gender: 'Male', weight: '15', description: 'Adult dog', is_puppy: 0, has_microchip: 1, has_vaccination: 1, has_healthcertificate: 0, has_dewormed: 1, has_birthcertificate: 1}, Object{id: 'pet-4', name: 'Puppy', breed_name: 'Labrador', breed_id: 1, location_name: 'Kennel A', pet_dob: '2023-11-01', gender: 'Male', weight: '5', description: 'Puppy', is_puppy: 1, has_microchip: 0, has_vaccination: 0, has_healthcertificate: 0, has_dewormed: 1, has_birthcertificate: 0}][39m
Chrome Headless 144.0.0.0 (Mac OS 10.15.7): Executed 180 of 317[31m (12 FAILED)[39m (0 secs / 5.408 secs)
LOG: 'All pets loaded:', [Object{id: 'pet-1', name: 'Max', breed_name: 'Labrador', breed_id: 1, location_name: 'Kennel A', pet_dob: '2020-01-01', gender: 'Male', weight: '30', description: 'Adult dog', is_puppy: 0, has_microchip: 1, has_vaccination: 1, has_healthcertificate: 1, has_dewormed: 1, has_birthcertificate: 1}, Object{id: 'pet-2', name: 'Bella', breed_name: 'Golden Retriever', breed_id: 2, location_name: 'Kennel A', pet_dob: '2019-06-15', gender: 'Female', weight: '28', description: 'Adult dog', is_puppy: 0, has_microchip: 1, has_vaccination: 1, has_healthcertificate: 1, has_dewormed: 1, has_birthcertificate: 1}, Object{id: 'pet-3', name: 'Charlie', breed_name: 'Beagle', breed_id: 3, location_name: 'Kennel B', pet_dob: '2021-03-20', gender: 'Male', weight: '15', description: 'Adult dog', is_puppy: 0, has_microchip: 1, has_vaccination: 1, has_healthcertificate: 0, has_dewormed: 1, has_birthcertificate: 1}, Object{id: 'pet-4', name: 'Puppy', breed_name: 'Labrador', breed_id: 1, location_name: 'Kennel A', pet_dob: '2023-11-01', gender: 'Male', weight: '5', description: 'Puppy', is_puppy: 1, has_microchip: 0, has_vaccination: 0, has_healthcertificate: 0, has_dewormed: 1, has_birthcertificate: 0}]
[1A[2KLOG: [36m'Pet details:', [Object{name: 'Max', is_puppy: 0, is_puppy_type: 'number', location: 'Kennel A'}, Object{name: 'Bella', is_puppy: 0, is_puppy_type: 'number', location: 'Kennel A'}, Object{name: 'Charlie', is_puppy: 0, is_puppy_type: 'number', location: 'Kennel B'}, Object{name: 'Puppy', is_puppy: 1, is_puppy_type: 'number', location: 'Kennel A'}][39m
Chrome Headless 144.0.0.0 (Mac OS 10.15.7): Executed 180 of 317[31m (12 FAILED)[39m (0 secs / 5.408 secs)
LOG: 'Pet details:', [Object{name: 'Max', is_puppy: 0, is_puppy_type: 'number', location: 'Kennel A'}, Object{name: 'Bella', is_puppy: 0, is_puppy_type: 'number', location: 'Kennel A'}, Object{name: 'Charlie', is_puppy: 0, is_puppy_type: 'number', location: 'Kennel B'}, Object{name: 'Puppy', is_puppy: 1, is_puppy_type: 'number', location: 'Kennel A'}]
[1A[2KLOG: [36m'Available adult pets:', [Object{id: 'pet-1', name: 'Max', breed_name: 'Labrador', breed_id: 1, location_name: 'Kennel A', pet_dob: '2020-01-01', gender: 'Male', weight: '30', description: 'Adult dog', is_puppy: 0, has_microchip: 1, has_vaccination: 1, has_healthcertificate: 1, has_dewormed: 1, has_birthcertificate: 1}, Object{id: 'pet-2', name: 'Bella', breed_name: 'Golden Retriever', breed_id: 2, location_name: 'Kennel A', pet_dob: '2019-06-15', gender: 'Female', weight: '28', description: 'Adult dog', is_puppy: 0, has_microchip: 1, has_vaccination: 1, has_healthcertificate: 1, has_dewormed: 1, has_birthcertificate: 1}, Object{id: 'pet-3', name: 'Charlie', breed_name: 'Beagle', breed_id: 3, location_name: 'Kennel B', pet_dob: '2021-03-20', gender: 'Male', weight: '15', description: 'Adult dog', is_puppy: 0, has_microchip: 1, has_vaccination: 1, has_healthcertificate: 0, has_dewormed: 1, has_birthcertificate: 1}][39m
Chrome Headless 144.0.0.0 (Mac OS 10.15.7): Executed 180 of 317[31m (12 FAILED)[39m (0 secs / 5.408 secs)
LOG: 'Available adult pets:', [Object{id: 'pet-1', name: 'Max', breed_name: 'Labrador', breed_id: 1, location_name: 'Kennel A', pet_dob: '2020-01-01', gender: 'Male', weight: '30', description: 'Adult dog', is_puppy: 0, has_microchip: 1, has_vaccination: 1, has_healthcertificate: 1, has_dewormed: 1, has_birthcertificate: 1}, Object{id: 'pet-2', name: 'Bella', breed_name: 'Golden Retriever', breed_id: 2, location_name: 'Kennel A', pet_dob: '2019-06-15', gender: 'Female', weight: '28', description: 'Adult dog', is_puppy: 0, has_microchip: 1, has_vaccination: 1, has_healthcertificate: 1, has_dewormed: 1, has_birthcertificate: 1}, Object{id: 'pet-3', name: 'Charlie', breed_name: 'Beagle', breed_id: 3, location_name: 'Kennel B', pet_dob: '2021-03-20', gender: 'Male', weight: '15', description: 'Adult dog', is_puppy: 0, has_microchip: 1, has_vaccination: 1, has_healthcertificate: 0, has_dewormed: 1, has_birthcertificate: 1}]
[1A[2KChrome Headless 144.0.0.0 (Mac OS 10.15.7): Executed 181 of 317[31m (12 FAILED)[39m (0 secs / 5.409 secs)
[1A[2KLOG: [36m'All pets loaded:', [Object{id: 'pet-1', name: 'Max', breed_name: 'Labrador', breed_id: 1, location_name: 'Kennel A', pet_dob: '2020-01-01', gender: 'Male', weight: '30', description: 'Adult dog', is_puppy: 0, has_microchip: 1, has_vaccination: 1, has_healthcertificate: 1, has_dewormed: 1, has_birthcertificate: 1}, Object{id: 'pet-2', name: 'Bella', breed_name: 'Golden Retriever', breed_id: 2, location_name: 'Kennel A', pet_dob: '2019-06-15', gender: 'Female', weight: '28', description: 'Adult dog', is_puppy: 0, has_microchip: 1, has_vaccination: 1, has_healthcertificate: 1, has_dewormed: 1, has_birthcertificate: 1}, Object{id: 'pet-3', name: 'Charlie', breed_name: 'Beagle', breed_id: 3, location_name: 'Kennel B', pet_dob: '2021-03-20', gender: 'Male', weight: '15', description: 'Adult dog', is_puppy: 0, has_microchip: 1, has_vaccination: 1, has_healthcertificate: 0, has_dewormed: 1, has_birthcertificate: 1}, Object{id: 'pet-4', name: 'Puppy', breed_name: 'Labrador', breed_id: 1, location_name: 'Kennel A', pet_dob: '2023-11-01', gender: 'Male', weight: '5', description: 'Puppy', is_puppy: 1, has_microchip: 0, has_vaccination: 0, has_healthcertificate: 0, has_dewormed: 1, has_birthcertificate: 0}][39m
Chrome Headless 144.0.0.0 (Mac OS 10.15.7): Executed 181 of 317[31m (12 FAILED)[39m (0 secs / 5.409 secs)
LOG: 'All pets loaded:', [Object{id: 'pet-1', name: 'Max', breed_name: 'Labrador', breed_id: 1, location_name: 'Kennel A', pet_dob: '2020-01-01', gender: 'Male', weight: '30', description: 'Adult dog', is_puppy: 0, has_microchip: 1, has_vaccination: 1, has_healthcertificate: 1, has_dewormed: 1, has_birthcertificate: 1}, Object{id: 'pet-2', name: 'Bella', breed_name: 'Golden Retriever', breed_id: 2, location_name: 'Kennel A', pet_dob: '2019-06-15', gender: 'Female', weight: '28', description: 'Adult dog', is_puppy: 0, has_microchip: 1, has_vaccination: 1, has_healthcertificate: 1, has_dewormed: 1, has_birthcertificate: 1}, Object{id: 'pet-3', name: 'Charlie', breed_name: 'Beagle', breed_id: 3, location_name: 'Kennel B', pet_dob: '2021-03-20', gender: 'Male', weight: '15', description: 'Adult dog', is_puppy: 0, has_microchip: 1, has_vaccination: 1, has_healthcertificate: 0, has_dewormed: 1, has_birthcertificate: 1}, Object{id: 'pet-4', name: 'Puppy', breed_name: 'Labrador', breed_id: 1, location_name: 'Kennel A', pet_dob: '2023-11-01', gender: 'Male', weight: '5', description: 'Puppy', is_puppy: 1, has_microchip: 0, has_vaccination: 0, has_healthcertificate: 0, has_dewormed: 1, has_birthcertificate: 0}]
[1A[2KLOG: [36m'Pet details:', [Object{name: 'Max', is_puppy: 0, is_puppy_type: 'number', location: 'Kennel A'}, Object{name: 'Bella', is_puppy: 0, is_puppy_type: 'number', location: 'Kennel A'}, Object{name: 'Charlie', is_puppy: 0, is_puppy_type: 'number', location: 'Kennel B'}, Object{name: 'Puppy', is_puppy: 1, is_puppy_type: 'number', location: 'Kennel A'}][39m
Chrome Headless 144.0.0.0 (Mac OS 10.15.7): Executed 181 of 317[31m (12 FAILED)[39m (0 secs / 5.409 secs)
LOG: 'Pet details:', [Object{name: 'Max', is_puppy: 0, is_puppy_type: 'number', location: 'Kennel A'}, Object{name: 'Bella', is_puppy: 0, is_puppy_type: 'number', location: 'Kennel A'}, Object{name: 'Charlie', is_puppy: 0, is_puppy_type: 'number', location: 'Kennel B'}, Object{name: 'Puppy', is_puppy: 1, is_puppy_type: 'number', location: 'Kennel A'}]
[1A[2KLOG: [36m'Available adult pets:', [Object{id: 'pet-1', name: 'Max', breed_name: 'Labrador', breed_id: 1, location_name: 'Kennel A', pet_dob: '2020-01-01', gender: 'Male', weight: '30', description: 'Adult dog', is_puppy: 0, has_microchip: 1, has_vaccination: 1, has_healthcertificate: 1, has_dewormed: 1, has_birthcertificate: 1}, Object{id: 'pet-2', name: 'Bella', breed_name: 'Golden Retriever', breed_id: 2, location_name: 'Kennel A', pet_dob: '2019-06-15', gender: 'Female', weight: '28', description: 'Adult dog', is_puppy: 0, has_microchip: 1, has_vaccination: 1, has_healthcertificate: 1, has_dewormed: 1, has_birthcertificate: 1}, Object{id: 'pet-3', name: 'Charlie', breed_name: 'Beagle', breed_id: 3, location_name: 'Kennel B', pet_dob: '2021-03-20', gender: 'Male', weight: '15', description: 'Adult dog', is_puppy: 0, has_microchip: 1, has_vaccination: 1, has_healthcertificate: 0, has_dewormed: 1, has_birthcertificate: 1}][39m
Chrome Headless 144.0.0.0 (Mac OS 10.15.7): Executed 181 of 317[31m (12 FAILED)[39m (0 secs / 5.409 secs)
LOG: 'Available adult pets:', [Object{id: 'pet-1', name: 'Max', breed_name: 'Labrador', breed_id: 1, location_name: 'Kennel A', pet_dob: '2020-01-01', gender: 'Male', weight: '30', description: 'Adult dog', is_puppy: 0, has_microchip: 1, has_vaccination: 1, has_healthcertificate: 1, has_dewormed: 1, has_birthcertificate: 1}, Object{id: 'pet-2', name: 'Bella', breed_name: 'Golden Retriever', breed_id: 2, location_name: 'Kennel A', pet_dob: '2019-06-15', gender: 'Female', weight: '28', description: 'Adult dog', is_puppy: 0, has_microchip: 1, has_vaccination: 1, has_healthcertificate: 1, has_dewormed: 1, has_birthcertificate: 1}, Object{id: 'pet-3', name: 'Charlie', breed_name: 'Beagle', breed_id: 3, location_name: 'Kennel B', pet_dob: '2021-03-20', gender: 'Male', weight: '15', description: 'Adult dog', is_puppy: 0, has_microchip: 1, has_vaccination: 1, has_healthcertificate: 0, has_dewormed: 1, has_birthcertificate: 1}]
[1A[2KChrome Headless 144.0.0.0 (Mac OS 10.15.7): Executed 182 of 317[31m (12 FAILED)[39m (0 secs / 5.41 secs)
[1A[2KLOG: [36m'All pets loaded:', [Object{id: 'pet-1', name: 'Max', breed_name: 'Labrador', breed_id: 1, location_name: 'Kennel A', pet_dob: '2020-01-01', gender: 'Male', weight: '30', description: 'Adult dog', is_puppy: 0, has_microchip: 1, has_vaccination: 1, has_healthcertificate: 1, has_dewormed: 1, has_birthcertificate: 1}, Object{id: 'pet-2', name: 'Bella', breed_name: 'Golden Retriever', breed_id: 2, location_name: 'Kennel A', pet_dob: '2019-06-15', gender: 'Female', weight: '28', description: 'Adult dog', is_puppy: 0, has_microchip: 1, has_vaccination: 1, has_healthcertificate: 1, has_dewormed: 1, has_birthcertificate: 1}, Object{id: 'pet-3', name: 'Charlie', breed_name: 'Beagle', breed_id: 3, location_name: 'Kennel B', pet_dob: '2021-03-20', gender: 'Male', weight: '15', description: 'Adult dog', is_puppy: 0, has_microchip: 1, has_vaccination: 1, has_healthcertificate: 0, has_dewormed: 1, has_birthcertificate: 1}, Object{id: 'pet-4', name: 'Puppy', breed_name: 'Labrador', breed_id: 1, location_name: 'Kennel A', pet_dob: '2023-11-01', gender: 'Male', weight: '5', description: 'Puppy', is_puppy: 1, has_microchip: 0, has_vaccination: 0, has_healthcertificate: 0, has_dewormed: 1, has_birthcertificate: 0}][39m
Chrome Headless 144.0.0.0 (Mac OS 10.15.7): Executed 182 of 317[31m (12 FAILED)[39m (0 secs / 5.41 secs)
LOG: 'All pets loaded:', [Object{id: 'pet-1', name: 'Max', breed_name: 'Labrador', breed_id: 1, location_name: 'Kennel A', pet_dob: '2020-01-01', gender: 'Male', weight: '30', description: 'Adult dog', is_puppy: 0, has_microchip: 1, has_vaccination: 1, has_healthcertificate: 1, has_dewormed: 1, has_birthcertificate: 1}, Object{id: 'pet-2', name: 'Bella', breed_name: 'Golden Retriever', breed_id: 2, location_name: 'Kennel A', pet_dob: '2019-06-15', gender: 'Female', weight: '28', description: 'Adult dog', is_puppy: 0, has_microchip: 1, has_vaccination: 1, has_healthcertificate: 1, has_dewormed: 1, has_birthcertificate: 1}, Object{id: 'pet-3', name: 'Charlie', breed_name: 'Beagle', breed_id: 3, location_name: 'Kennel B', pet_dob: '2021-03-20', gender: 'Male', weight: '15', description: 'Adult dog', is_puppy: 0, has_microchip: 1, has_vaccination: 1, has_healthcertificate: 0, has_dewormed: 1, has_birthcertificate: 1}, Object{id: 'pet-4', name: 'Puppy', breed_name: 'Labrador', breed_id: 1, location_name: 'Kennel A', pet_dob: '2023-11-01', gender: 'Male', weight: '5', description: 'Puppy', is_puppy: 1, has_microchip: 0, has_vaccination: 0, has_healthcertificate: 0, has_dewormed: 1, has_birthcertificate: 0}]
[1A[2KLOG: [36m'Pet details:', [Object{name: 'Max', is_puppy: 0, is_puppy_type: 'number', location: 'Kennel A'}, Object{name: 'Bella', is_puppy: 0, is_puppy_type: 'number', location: 'Kennel A'}, Object{name: 'Charlie', is_puppy: 0, is_puppy_type: 'number', location: 'Kennel B'}, Object{name: 'Puppy', is_puppy: 1, is_puppy_type: 'number', location: 'Kennel A'}][39m
Chrome Headless 144.0.0.0 (Mac OS 10.15.7): Executed 182 of 317[31m (12 FAILED)[39m (0 secs / 5.41 secs)
LOG: 'Pet details:', [Object{name: 'Max', is_puppy: 0, is_puppy_type: 'number', location: 'Kennel A'}, Object{name: 'Bella', is_puppy: 0, is_puppy_type: 'number', location: 'Kennel A'}, Object{name: 'Charlie', is_puppy: 0, is_puppy_type: 'number', location: 'Kennel B'}, Object{name: 'Puppy', is_puppy: 1, is_puppy_type: 'number', location: 'Kennel A'}]
[1A[2KLOG: [36m'Available adult pets:', [Object{id: 'pet-1', name: 'Max', breed_name: 'Labrador', breed_id: 1, location_name: 'Kennel A', pet_dob: '2020-01-01', gender: 'Male', weight: '30', description: 'Adult dog', is_puppy: 0, has_microchip: 1, has_vaccination: 1, has_healthcertificate: 1, has_dewormed: 1, has_birthcertificate: 1}, Object{id: 'pet-2', name: 'Bella', breed_name: 'Golden Retriever', breed_id: 2, location_name: 'Kennel A', pet_dob: '2019-06-15', gender: 'Female', weight: '28', description: 'Adult dog', is_puppy: 0, has_microchip: 1, has_vaccination: 1, has_healthcertificate: 1, has_dewormed: 1, has_birthcertificate: 1}, Object{id: 'pet-3', name: 'Charlie', breed_name: 'Beagle', breed_id: 3, location_name: 'Kennel B', pet_dob: '2021-03-20', gender: 'Male', weight: '15', description: 'Adult dog', is_puppy: 0, has_microchip: 1, has_vaccination: 1, has_healthcertificate: 0, has_dewormed: 1, has_birthcertificate: 1}][39m
Chrome Headless 144.0.0.0 (Mac OS 10.15.7): Executed 182 of 317[31m (12 FAILED)[39m (0 secs / 5.41 secs)
LOG: 'Available adult pets:', [Object{id: 'pet-1', name: 'Max', breed_name: 'Labrador', breed_id: 1, location_name: 'Kennel A', pet_dob: '2020-01-01', gender: 'Male', weight: '30', description: 'Adult dog', is_puppy: 0, has_microchip: 1, has_vaccination: 1, has_healthcertificate: 1, has_dewormed: 1, has_birthcertificate: 1}, Object{id: 'pet-2', name: 'Bella', breed_name: 'Golden Retriever', breed_id: 2, location_name: 'Kennel A', pet_dob: '2019-06-15', gender: 'Female', weight: '28', description: 'Adult dog', is_puppy: 0, has_microchip: 1, has_vaccination: 1, has_healthcertificate: 1, has_dewormed: 1, has_birthcertificate: 1}, Object{id: 'pet-3', name: 'Charlie', breed_name: 'Beagle', breed_id: 3, location_name: 'Kennel B', pet_dob: '2021-03-20', gender: 'Male', weight: '15', description: 'Adult dog', is_puppy: 0, has_microchip: 1, has_vaccination: 1, has_healthcertificate: 0, has_dewormed: 1, has_birthcertificate: 1}]
[1A[2KChrome Headless 144.0.0.0 (Mac OS 10.15.7): Executed 183 of 317[31m (12 FAILED)[39m (0 secs / 5.411 secs)
[1A[2KLOG: [36m'All pets loaded:', [Object{id: 'pet-1', name: 'Max', breed_name: 'Labrador', breed_id: 1, location_name: 'Kennel A', pet_dob: '2020-01-01', gender: 'Male', weight: '30', description: 'Adult dog', is_puppy: 0, has_microchip: 1, has_vaccination: 1, has_healthcertificate: 1, has_dewormed: 1, has_birthcertificate: 1}, Object{id: 'pet-2', name: 'Bella', breed_name: 'Golden Retriever', breed_id: 2, location_name: 'Kennel A', pet_dob: '2019-06-15', gender: 'Female', weight: '28', description: 'Adult dog', is_puppy: 0, has_microchip: 1, has_vaccination: 1, has_healthcertificate: 1, has_dewormed: 1, has_birthcertificate: 1}, Object{id: 'pet-3', name: 'Charlie', breed_name: 'Beagle', breed_id: 3, location_name: 'Kennel B', pet_dob: '2021-03-20', gender: 'Male', weight: '15', description: 'Adult dog', is_puppy: 0, has_microchip: 1, has_vaccination: 1, has_healthcertificate: 0, has_dewormed: 1, has_birthcertificate: 1}, Object{id: 'pet-4', name: 'Puppy', breed_name: 'Labrador', breed_id: 1, location_name: 'Kennel A', pet_dob: '2023-11-01', gender: 'Male', weight: '5', description: 'Puppy', is_puppy: 1, has_microchip: 0, has_vaccination: 0, has_healthcertificate: 0, has_dewormed: 1, has_birthcertificate: 0}][39m
Chrome Headless 144.0.0.0 (Mac OS 10.15.7): Executed 183 of 317[31m (12 FAILED)[39m (0 secs / 5.411 secs)
LOG: 'All pets loaded:', [Object{id: 'pet-1', name: 'Max', breed_name: 'Labrador', breed_id: 1, location_name: 'Kennel A', pet_dob: '2020-01-01', gender: 'Male', weight: '30', description: 'Adult dog', is_puppy: 0, has_microchip: 1, has_vaccination: 1, has_healthcertificate: 1, has_dewormed: 1, has_birthcertificate: 1}, Object{id: 'pet-2', name: 'Bella', breed_name: 'Golden Retriever', breed_id: 2, location_name: 'Kennel A', pet_dob: '2019-06-15', gender: 'Female', weight: '28', description: 'Adult dog', is_puppy: 0, has_microchip: 1, has_vaccination: 1, has_healthcertificate: 1, has_dewormed: 1, has_birthcertificate: 1}, Object{id: 'pet-3', name: 'Charlie', breed_name: 'Beagle', breed_id: 3, location_name: 'Kennel B', pet_dob: '2021-03-20', gender: 'Male', weight: '15', description: 'Adult dog', is_puppy: 0, has_microchip: 1, has_vaccination: 1, has_healthcertificate: 0, has_dewormed: 1, has_birthcertificate: 1}, Object{id: 'pet-4', name: 'Puppy', breed_name: 'Labrador', breed_id: 1, location_name: 'Kennel A', pet_dob: '2023-11-01', gender: 'Male', weight: '5', description: 'Puppy', is_puppy: 1, has_microchip: 0, has_vaccination: 0, has_healthcertificate: 0, has_dewormed: 1, has_birthcertificate: 0}]
[1A[2KLOG: [36m'Pet details:', [Object{name: 'Max', is_puppy: 0, is_puppy_type: 'number', location: 'Kennel A'}, Object{name: 'Bella', is_puppy: 0, is_puppy_type: 'number', location: 'Kennel A'}, Object{name: 'Charlie', is_puppy: 0, is_puppy_type: 'number', location: 'Kennel B'}, Object{name: 'Puppy', is_puppy: 1, is_puppy_type: 'number', location: 'Kennel A'}][39m
Chrome Headless 144.0.0.0 (Mac OS 10.15.7): Executed 183 of 317[31m (12 FAILED)[39m (0 secs / 5.411 secs)
LOG: 'Pet details:', [Object{name: 'Max', is_puppy: 0, is_puppy_type: 'number', location: 'Kennel A'}, Object{name: 'Bella', is_puppy: 0, is_puppy_type: 'number', location: 'Kennel A'}, Object{name: 'Charlie', is_puppy: 0, is_puppy_type: 'number', location: 'Kennel B'}, Object{name: 'Puppy', is_puppy: 1, is_puppy_type: 'number', location: 'Kennel A'}]
[1A[2KLOG: [36m'Available adult pets:', [Object{id: 'pet-1', name: 'Max', breed_name: 'Labrador', breed_id: 1, location_name: 'Kennel A', pet_dob: '2020-01-01', gender: 'Male', weight: '30', description: 'Adult dog', is_puppy: 0, has_microchip: 1, has_vaccination: 1, has_healthcertificate: 1, has_dewormed: 1, has_birthcertificate: 1}, Object{id: 'pet-2', name: 'Bella', breed_name: 'Golden Retriever', breed_id: 2, location_name: 'Kennel A', pet_dob: '2019-06-15', gender: 'Female', weight: '28', description: 'Adult dog', is_puppy: 0, has_microchip: 1, has_vaccination: 1, has_healthcertificate: 1, has_dewormed: 1, has_birthcertificate: 1}, Object{id: 'pet-3', name: 'Charlie', breed_name: 'Beagle', breed_id: 3, location_name: 'Kennel B', pet_dob: '2021-03-20', gender: 'Male', weight: '15', description: 'Adult dog', is_puppy: 0, has_microchip: 1, has_vaccination: 1, has_healthcertificate: 0, has_dewormed: 1, has_birthcertificate: 1}][39m
Chrome Headless 144.0.0.0 (Mac OS 10.15.7): Executed 183 of 317[31m (12 FAILED)[39m (0 secs / 5.411 secs)
LOG: 'Available adult pets:', [Object{id: 'pet-1', name: 'Max', breed_name: 'Labrador', breed_id: 1, location_name: 'Kennel A', pet_dob: '2020-01-01', gender: 'Male', weight: '30', description: 'Adult dog', is_puppy: 0, has_microchip: 1, has_vaccination: 1, has_healthcertificate: 1, has_dewormed: 1, has_birthcertificate: 1}, Object{id: 'pet-2', name: 'Bella', breed_name: 'Golden Retriever', breed_id: 2, location_name: 'Kennel A', pet_dob: '2019-06-15', gender: 'Female', weight: '28', description: 'Adult dog', is_puppy: 0, has_microchip: 1, has_vaccination: 1, has_healthcertificate: 1, has_dewormed: 1, has_birthcertificate: 1}, Object{id: 'pet-3', name: 'Charlie', breed_name: 'Beagle', breed_id: 3, location_name: 'Kennel B', pet_dob: '2021-03-20', gender: 'Male', weight: '15', description: 'Adult dog', is_puppy: 0, has_microchip: 1, has_vaccination: 1, has_healthcertificate: 0, has_dewormed: 1, has_birthcertificate: 1}]
[1A[2KERROR: [36m'Error assigning pets:', Object{}[39m
Chrome Headless 144.0.0.0 (Mac OS 10.15.7): Executed 183 of 317[31m (12 FAILED)[39m (0 secs / 5.411 secs)
ERROR: 'Error assigning pets:', Object{}
[1A[2KChrome Headless 144.0.0.0 (Mac OS 10.15.7): Executed 184 of 317[31m (12 FAILED)[39m (0 secs / 5.411 secs)
[1A[2KLOG: [36m'All pets loaded:', [Object{id: 'pet-1', name: 'Max', breed_name: 'Labrador', breed_id: 1, location_name: 'Kennel A', pet_dob: '2020-01-01', gender: 'Male', weight: '30', description: 'Adult dog', is_puppy: 0, has_microchip: 1, has_vaccination: 1, has_healthcertificate: 1, has_dewormed: 1, has_birthcertificate: 1}, Object{id: 'pet-2', name: 'Bella', breed_name: 'Golden Retriever', breed_id: 2, location_name: 'Kennel A', pet_dob: '2019-06-15', gender: 'Female', weight: '28', description: 'Adult dog', is_puppy: 0, has_microchip: 1, has_vaccination: 1, has_healthcertificate: 1, has_dewormed: 1, has_birthcertificate: 1}, Object{id: 'pet-3', name: 'Charlie', breed_name: 'Beagle', breed_id: 3, location_name: 'Kennel B', pet_dob: '2021-03-20', gender: 'Male', weight: '15', description: 'Adult dog', is_puppy: 0, has_microchip: 1, has_vaccination: 1, has_healthcertificate: 0, has_dewormed: 1, has_birthcertificate: 1}, Object{id: 'pet-4', name: 'Puppy', breed_name: 'Labrador', breed_id: 1, location_name: 'Kennel A', pet_dob: '2023-11-01', gender: 'Male', weight: '5', description: 'Puppy', is_puppy: 1, has_microchip: 0, has_vaccination: 0, has_healthcertificate: 0, has_dewormed: 1, has_birthcertificate: 0}][39m
Chrome Headless 144.0.0.0 (Mac OS 10.15.7): Executed 184 of 317[31m (12 FAILED)[39m (0 secs / 5.411 secs)
LOG: 'All pets loaded:', [Object{id: 'pet-1', name: 'Max', breed_name: 'Labrador', breed_id: 1, location_name: 'Kennel A', pet_dob: '2020-01-01', gender: 'Male', weight: '30', description: 'Adult dog', is_puppy: 0, has_microchip: 1, has_vaccination: 1, has_healthcertificate: 1, has_dewormed: 1, has_birthcertificate: 1}, Object{id: 'pet-2', name: 'Bella', breed_name: 'Golden Retriever', breed_id: 2, location_name: 'Kennel A', pet_dob: '2019-06-15', gender: 'Female', weight: '28', description: 'Adult dog', is_puppy: 0, has_microchip: 1, has_vaccination: 1, has_healthcertificate: 1, has_dewormed: 1, has_birthcertificate: 1}, Object{id: 'pet-3', name: 'Charlie', breed_name: 'Beagle', breed_id: 3, location_name: 'Kennel B', pet_dob: '2021-03-20', gender: 'Male', weight: '15', description: 'Adult dog', is_puppy: 0, has_microchip: 1, has_vaccination: 1, has_healthcertificate: 0, has_dewormed: 1, has_birthcertificate: 1}, Object{id: 'pet-4', name: 'Puppy', breed_name: 'Labrador', breed_id: 1, location_name: 'Kennel A', pet_dob: '2023-11-01', gender: 'Male', weight: '5', description: 'Puppy', is_puppy: 1, has_microchip: 0, has_vaccination: 0, has_healthcertificate: 0, has_dewormed: 1, has_birthcertificate: 0}]
[1A[2KLOG: [36m'Pet details:', [Object{name: 'Max', is_puppy: 0, is_puppy_type: 'number', location: 'Kennel A'}, Object{name: 'Bella', is_puppy: 0, is_puppy_type: 'number', location: 'Kennel A'}, Object{name: 'Charlie', is_puppy: 0, is_puppy_type: 'number', location: 'Kennel B'}, Object{name: 'Puppy', is_puppy: 1, is_puppy_type: 'number', location: 'Kennel A'}][39m
Chrome Headless 144.0.0.0 (Mac OS 10.15.7): Executed 184 of 317[31m (12 FAILED)[39m (0 secs / 5.411 secs)
LOG: 'Pet details:', [Object{name: 'Max', is_puppy: 0, is_puppy_type: 'number', location: 'Kennel A'}, Object{name: 'Bella', is_puppy: 0, is_puppy_type: 'number', location: 'Kennel A'}, Object{name: 'Charlie', is_puppy: 0, is_puppy_type: 'number', location: 'Kennel B'}, Object{name: 'Puppy', is_puppy: 1, is_puppy_type: 'number', location: 'Kennel A'}]
[1A[2KLOG: [36m'Available adult pets:', [Object{id: 'pet-1', name: 'Max', breed_name: 'Labrador', breed_id: 1, location_name: 'Kennel A', pet_dob: '2020-01-01', gender: 'Male', weight: '30', description: 'Adult dog', is_puppy: 0, has_microchip: 1, has_vaccination: 1, has_healthcertificate: 1, has_dewormed: 1, has_birthcertificate: 1}, Object{id: 'pet-2', name: 'Bella', breed_name: 'Golden Retriever', breed_id: 2, location_name: 'Kennel A', pet_dob: '2019-06-15', gender: 'Female', weight: '28', description: 'Adult dog', is_puppy: 0, has_microchip: 1, has_vaccination: 1, has_healthcertificate: 1, has_dewormed: 1, has_birthcertificate: 1}, Object{id: 'pet-3', name: 'Charlie', breed_name: 'Beagle', breed_id: 3, location_name: 'Kennel B', pet_dob: '2021-03-20', gender: 'Male', weight: '15', description: 'Adult dog', is_puppy: 0, has_microchip: 1, has_vaccination: 1, has_healthcertificate: 0, has_dewormed: 1, has_birthcertificate: 1}][39m
Chrome Headless 144.0.0.0 (Mac OS 10.15.7): Executed 184 of 317[31m (12 FAILED)[39m (0 secs / 5.411 secs)
LOG: 'Available adult pets:', [Object{id: 'pet-1', name: 'Max', breed_name: 'Labrador', breed_id: 1, location_name: 'Kennel A', pet_dob: '2020-01-01', gender: 'Male', weight: '30', description: 'Adult dog', is_puppy: 0, has_microchip: 1, has_vaccination: 1, has_healthcertificate: 1, has_dewormed: 1, has_birthcertificate: 1}, Object{id: 'pet-2', name: 'Bella', breed_name: 'Golden Retriever', breed_id: 2, location_name: 'Kennel A', pet_dob: '2019-06-15', gender: 'Female', weight: '28', description: 'Adult dog', is_puppy: 0, has_microchip: 1, has_vaccination: 1, has_healthcertificate: 1, has_dewormed: 1, has_birthcertificate: 1}, Object{id: 'pet-3', name: 'Charlie', breed_name: 'Beagle', breed_id: 3, location_name: 'Kennel B', pet_dob: '2021-03-20', gender: 'Male', weight: '15', description: 'Adult dog', is_puppy: 0, has_microchip: 1, has_vaccination: 1, has_healthcertificate: 0, has_dewormed: 1, has_birthcertificate: 1}]
[1A[2KChrome Headless 144.0.0.0 (Mac OS 10.15.7): Executed 185 of 317[31m (12 FAILED)[39m (0 secs / 5.411 secs)
[1A[2KLOG: [36m'All pets loaded:', [Object{id: 'pet-1', name: 'Max', breed_name: 'Labrador', breed_id: 1, location_name: 'Kennel A', pet_dob: '2020-01-01', gender: 'Male', weight: '30', description: 'Adult dog', is_puppy: 0, has_microchip: 1, has_vaccination: 1, has_healthcertificate: 1, has_dewormed: 1, has_birthcertificate: 1}, Object{id: 'pet-2', name: 'Bella', breed_name: 'Golden Retriever', breed_id: 2, location_name: 'Kennel A', pet_dob: '2019-06-15', gender: 'Female', weight: '28', description: 'Adult dog', is_puppy: 0, has_microchip: 1, has_vaccination: 1, has_healthcertificate: 1, has_dewormed: 1, has_birthcertificate: 1}, Object{id: 'pet-3', name: 'Charlie', breed_name: 'Beagle', breed_id: 3, location_name: 'Kennel B', pet_dob: '2021-03-20', gender: 'Male', weight: '15', description: 'Adult dog', is_puppy: 0, has_microchip: 1, has_vaccination: 1, has_healthcertificate: 0, has_dewormed: 1, has_birthcertificate: 1}, Object{id: 'pet-4', name: 'Puppy', breed_name: 'Labrador', breed_id: 1, location_name: 'Kennel A', pet_dob: '2023-11-01', gender: 'Male', weight: '5', description: 'Puppy', is_puppy: 1, has_microchip: 0, has_vaccination: 0, has_healthcertificate: 0, has_dewormed: 1, has_birthcertificate: 0}][39m
Chrome Headless 144.0.0.0 (Mac OS 10.15.7): Executed 185 of 317[31m (12 FAILED)[39m (0 secs / 5.411 secs)
LOG: 'All pets loaded:', [Object{id: 'pet-1', name: 'Max', breed_name: 'Labrador', breed_id: 1, location_name: 'Kennel A', pet_dob: '2020-01-01', gender: 'Male', weight: '30', description: 'Adult dog', is_puppy: 0, has_microchip: 1, has_vaccination: 1, has_healthcertificate: 1, has_dewormed: 1, has_birthcertificate: 1}, Object{id: 'pet-2', name: 'Bella', breed_name: 'Golden Retriever', breed_id: 2, location_name: 'Kennel A', pet_dob: '2019-06-15', gender: 'Female', weight: '28', description: 'Adult dog', is_puppy: 0, has_microchip: 1, has_vaccination: 1, has_healthcertificate: 1, has_dewormed: 1, has_birthcertificate: 1}, Object{id: 'pet-3', name: 'Charlie', breed_name: 'Beagle', breed_id: 3, location_name: 'Kennel B', pet_dob: '2021-03-20', gender: 'Male', weight: '15', description: 'Adult dog', is_puppy: 0, has_microchip: 1, has_vaccination: 1, has_healthcertificate: 0, has_dewormed: 1, has_birthcertificate: 1}, Object{id: 'pet-4', name: 'Puppy', breed_name: 'Labrador', breed_id: 1, location_name: 'Kennel A', pet_dob: '2023-11-01', gender: 'Male', weight: '5', description: 'Puppy', is_puppy: 1, has_microchip: 0, has_vaccination: 0, has_healthcertificate: 0, has_dewormed: 1, has_birthcertificate: 0}]
[1A[2KLOG: [36m'Pet details:', [Object{name: 'Max', is_puppy: 0, is_puppy_type: 'number', location: 'Kennel A'}, Object{name: 'Bella', is_puppy: 0, is_puppy_type: 'number', location: 'Kennel A'}, Object{name: 'Charlie', is_puppy: 0, is_puppy_type: 'number', location: 'Kennel B'}, Object{name: 'Puppy', is_puppy: 1, is_puppy_type: 'number', location: 'Kennel A'}][39m
Chrome Headless 144.0.0.0 (Mac OS 10.15.7): Executed 185 of 317[31m (12 FAILED)[39m (0 secs / 5.411 secs)
LOG: 'Pet details:', [Object{name: 'Max', is_puppy: 0, is_puppy_type: 'number', location: 'Kennel A'}, Object{name: 'Bella', is_puppy: 0, is_puppy_type: 'number', location: 'Kennel A'}, Object{name: 'Charlie', is_puppy: 0, is_puppy_type: 'number', location: 'Kennel B'}, Object{name: 'Puppy', is_puppy: 1, is_puppy_type: 'number', location: 'Kennel A'}]
[1A[2KLOG: [36m'Available adult pets:', [Object{id: 'pet-1', name: 'Max', breed_name: 'Labrador', breed_id: 1, location_name: 'Kennel A', pet_dob: '2020-01-01', gender: 'Male', weight: '30', description: 'Adult dog', is_puppy: 0, has_microchip: 1, has_vaccination: 1, has_healthcertificate: 1, has_dewormed: 1, has_birthcertificate: 1}, Object{id: 'pet-2', name: 'Bella', breed_name: 'Golden Retriever', breed_id: 2, location_name: 'Kennel A', pet_dob: '2019-06-15', gender: 'Female', weight: '28', description: 'Adult dog', is_puppy: 0, has_microchip: 1, has_vaccination: 1, has_healthcertificate: 1, has_dewormed: 1, has_birthcertificate: 1}, Object{id: 'pet-3', name: 'Charlie', breed_name: 'Beagle', breed_id: 3, location_name: 'Kennel B', pet_dob: '2021-03-20', gender: 'Male', weight: '15', description: 'Adult dog', is_puppy: 0, has_microchip: 1, has_vaccination: 1, has_healthcertificate: 0, has_dewormed: 1, has_birthcertificate: 1}][39m
Chrome Headless 144.0.0.0 (Mac OS 10.15.7): Executed 185 of 317[31m (12 FAILED)[39m (0 secs / 5.411 secs)
LOG: 'Available adult pets:', [Object{id: 'pet-1', name: 'Max', breed_name: 'Labrador', breed_id: 1, location_name: 'Kennel A', pet_dob: '2020-01-01', gender: 'Male', weight: '30', description: 'Adult dog', is_puppy: 0, has_microchip: 1, has_vaccination: 1, has_healthcertificate: 1, has_dewormed: 1, has_birthcertificate: 1}, Object{id: 'pet-2', name: 'Bella', breed_name: 'Golden Retriever', breed_id: 2, location_name: 'Kennel A', pet_dob: '2019-06-15', gender: 'Female', weight: '28', description: 'Adult dog', is_puppy: 0, has_microchip: 1, has_vaccination: 1, has_healthcertificate: 1, has_dewormed: 1, has_birthcertificate: 1}, Object{id: 'pet-3', name: 'Charlie', breed_name: 'Beagle', breed_id: 3, location_name: 'Kennel B', pet_dob: '2021-03-20', gender: 'Male', weight: '15', description: 'Adult dog', is_puppy: 0, has_microchip: 1, has_vaccination: 1, has_healthcertificate: 0, has_dewormed: 1, has_birthcertificate: 1}]
[1A[2KChrome Headless 144.0.0.0 (Mac OS 10.15.7): Executed 186 of 317[31m (12 FAILED)[39m (0 secs / 5.412 secs)
[1A[2KLOG: [36m'All pets loaded:', [Object{id: 'pet-1', name: 'Max', breed_name: 'Labrador', breed_id: 1, location_name: 'Kennel A', pet_dob: '2020-01-01', gender: 'Male', weight: '30', description: 'Adult dog', is_puppy: 0, has_microchip: 1, has_vaccination: 1, has_healthcertificate: 1, has_dewormed: 1, has_birthcertificate: 1}, Object{id: 'pet-2', name: 'Bella', breed_name: 'Golden Retriever', breed_id: 2, location_name: 'Kennel A', pet_dob: '2019-06-15', gender: 'Female', weight: '28', description: 'Adult dog', is_puppy: 0, has_microchip: 1, has_vaccination: 1, has_healthcertificate: 1, has_dewormed: 1, has_birthcertificate: 1}, Object{id: 'pet-3', name: 'Charlie', breed_name: 'Beagle', breed_id: 3, location_name: 'Kennel B', pet_dob: '2021-03-20', gender: 'Male', weight: '15', description: 'Adult dog', is_puppy: 0, has_microchip: 1, has_vaccination: 1, has_healthcertificate: 0, has_dewormed: 1, has_birthcertificate: 1}, Object{id: 'pet-4', name: 'Puppy', breed_name: 'Labrador', breed_id: 1, location_name: 'Kennel A', pet_dob: '2023-11-01', gender: 'Male', weight: '5', description: 'Puppy', is_puppy: 1, has_microchip: 0, has_vaccination: 0, has_healthcertificate: 0, has_dewormed: 1, has_birthcertificate: 0}][39m
Chrome Headless 144.0.0.0 (Mac OS 10.15.7): Executed 186 of 317[31m (12 FAILED)[39m (0 secs / 5.412 secs)
LOG: 'All pets loaded:', [Object{id: 'pet-1', name: 'Max', breed_name: 'Labrador', breed_id: 1, location_name: 'Kennel A', pet_dob: '2020-01-01', gender: 'Male', weight: '30', description: 'Adult dog', is_puppy: 0, has_microchip: 1, has_vaccination: 1, has_healthcertificate: 1, has_dewormed: 1, has_birthcertificate: 1}, Object{id: 'pet-2', name: 'Bella', breed_name: 'Golden Retriever', breed_id: 2, location_name: 'Kennel A', pet_dob: '2019-06-15', gender: 'Female', weight: '28', description: 'Adult dog', is_puppy: 0, has_microchip: 1, has_vaccination: 1, has_healthcertificate: 1, has_dewormed: 1, has_birthcertificate: 1}, Object{id: 'pet-3', name: 'Charlie', breed_name: 'Beagle', breed_id: 3, location_name: 'Kennel B', pet_dob: '2021-03-20', gender: 'Male', weight: '15', description: 'Adult dog', is_puppy: 0, has_microchip: 1, has_vaccination: 1, has_healthcertificate: 0, has_dewormed: 1, has_birthcertificate: 1}, Object{id: 'pet-4', name: 'Puppy', breed_name: 'Labrador', breed_id: 1, location_name: 'Kennel A', pet_dob: '2023-11-01', gender: 'Male', weight: '5', description: 'Puppy', is_puppy: 1, has_microchip: 0, has_vaccination: 0, has_healthcertificate: 0, has_dewormed: 1, has_birthcertificate: 0}]
[1A[2KLOG: [36m'Pet details:', [Object{name: 'Max', is_puppy: 0, is_puppy_type: 'number', location: 'Kennel A'}, Object{name: 'Bella', is_puppy: 0, is_puppy_type: 'number', location: 'Kennel A'}, Object{name: 'Charlie', is_puppy: 0, is_puppy_type: 'number', location: 'Kennel B'}, Object{name: 'Puppy', is_puppy: 1, is_puppy_type: 'number', location: 'Kennel A'}][39m
Chrome Headless 144.0.0.0 (Mac OS 10.15.7): Executed 186 of 317[31m (12 FAILED)[39m (0 secs / 5.412 secs)
LOG: 'Pet details:', [Object{name: 'Max', is_puppy: 0, is_puppy_type: 'number', location: 'Kennel A'}, Object{name: 'Bella', is_puppy: 0, is_puppy_type: 'number', location: 'Kennel A'}, Object{name: 'Charlie', is_puppy: 0, is_puppy_type: 'number', location: 'Kennel B'}, Object{name: 'Puppy', is_puppy: 1, is_puppy_type: 'number', location: 'Kennel A'}]
[1A[2KLOG: [36m'Available adult pets:', [Object{id: 'pet-1', name: 'Max', breed_name: 'Labrador', breed_id: 1, location_name: 'Kennel A', pet_dob: '2020-01-01', gender: 'Male', weight: '30', description: 'Adult dog', is_puppy: 0, has_microchip: 1, has_vaccination: 1, has_healthcertificate: 1, has_dewormed: 1, has_birthcertificate: 1}, Object{id: 'pet-2', name: 'Bella', breed_name: 'Golden Retriever', breed_id: 2, location_name: 'Kennel A', pet_dob: '2019-06-15', gender: 'Female', weight: '28', description: 'Adult dog', is_puppy: 0, has_microchip: 1, has_vaccination: 1, has_healthcertificate: 1, has_dewormed: 1, has_birthcertificate: 1}, Object{id: 'pet-3', name: 'Charlie', breed_name: 'Beagle', breed_id: 3, location_name: 'Kennel B', pet_dob: '2021-03-20', gender: 'Male', weight: '15', description: 'Adult dog', is_puppy: 0, has_microchip: 1, has_vaccination: 1, has_healthcertificate: 0, has_dewormed: 1, has_birthcertificate: 1}][39m
Chrome Headless 144.0.0.0 (Mac OS 10.15.7): Executed 186 of 317[31m (12 FAILED)[39m (0 secs / 5.412 secs)
LOG: 'Available adult pets:', [Object{id: 'pet-1', name: 'Max', breed_name: 'Labrador', breed_id: 1, location_name: 'Kennel A', pet_dob: '2020-01-01', gender: 'Male', weight: '30', description: 'Adult dog', is_puppy: 0, has_microchip: 1, has_vaccination: 1, has_healthcertificate: 1, has_dewormed: 1, has_birthcertificate: 1}, Object{id: 'pet-2', name: 'Bella', breed_name: 'Golden Retriever', breed_id: 2, location_name: 'Kennel A', pet_dob: '2019-06-15', gender: 'Female', weight: '28', description: 'Adult dog', is_puppy: 0, has_microchip: 1, has_vaccination: 1, has_healthcertificate: 1, has_dewormed: 1, has_birthcertificate: 1}, Object{id: 'pet-3', name: 'Charlie', breed_name: 'Beagle', breed_id: 3, location_name: 'Kennel B', pet_dob: '2021-03-20', gender: 'Male', weight: '15', description: 'Adult dog', is_puppy: 0, has_microchip: 1, has_vaccination: 1, has_healthcertificate: 0, has_dewormed: 1, has_birthcertificate: 1}]
[1A[2KChrome Headless 144.0.0.0 (Mac OS 10.15.7): Executed 187 of 317[31m (12 FAILED)[39m (0 secs / 5.413 secs)
[1A[2KLOG: [36m'All pets loaded:', [Object{id: 'pet-1', name: 'Max', breed_name: 'Labrador', breed_id: 1, location_name: 'Kennel A', pet_dob: '2020-01-01', gender: 'Male', weight: '30', description: 'Adult dog', is_puppy: 0, has_microchip: 1, has_vaccination: 1, has_healthcertificate: 1, has_dewormed: 1, has_birthcertificate: 1}, Object{id: 'pet-2', name: 'Bella', breed_name: 'Golden Retriever', breed_id: 2, location_name: 'Kennel A', pet_dob: '2019-06-15', gender: 'Female', weight: '28', description: 'Adult dog', is_puppy: 0, has_microchip: 1, has_vaccination: 1, has_healthcertificate: 1, has_dewormed: 1, has_birthcertificate: 1}, Object{id: 'pet-3', name: 'Charlie', breed_name: 'Beagle', breed_id: 3, location_name: 'Kennel B', pet_dob: '2021-03-20', gender: 'Male', weight: '15', description: 'Adult dog', is_puppy: 0, has_microchip: 1, has_vaccination: 1, has_healthcertificate: 0, has_dewormed: 1, has_birthcertificate: 1}, Object{id: 'pet-4', name: 'Puppy', breed_name: 'Labrador', breed_id: 1, location_name: 'Kennel A', pet_dob: '2023-11-01', gender: 'Male', weight: '5', description: 'Puppy', is_puppy: 1, has_microchip: 0, has_vaccination: 0, has_healthcertificate: 0, has_dewormed: 1, has_birthcertificate: 0}][39m
Chrome Headless 144.0.0.0 (Mac OS 10.15.7): Executed 187 of 317[31m (12 FAILED)[39m (0 secs / 5.413 secs)
LOG: 'All pets loaded:', [Object{id: 'pet-1', name: 'Max', breed_name: 'Labrador', breed_id: 1, location_name: 'Kennel A', pet_dob: '2020-01-01', gender: 'Male', weight: '30', description: 'Adult dog', is_puppy: 0, has_microchip: 1, has_vaccination: 1, has_healthcertificate: 1, has_dewormed: 1, has_birthcertificate: 1}, Object{id: 'pet-2', name: 'Bella', breed_name: 'Golden Retriever', breed_id: 2, location_name: 'Kennel A', pet_dob: '2019-06-15', gender: 'Female', weight: '28', description: 'Adult dog', is_puppy: 0, has_microchip: 1, has_vaccination: 1, has_healthcertificate: 1, has_dewormed: 1, has_birthcertificate: 1}, Object{id: 'pet-3', name: 'Charlie', breed_name: 'Beagle', breed_id: 3, location_name: 'Kennel B', pet_dob: '2021-03-20', gender: 'Male', weight: '15', description: 'Adult dog', is_puppy: 0, has_microchip: 1, has_vaccination: 1, has_healthcertificate: 0, has_dewormed: 1, has_birthcertificate: 1}, Object{id: 'pet-4', name: 'Puppy', breed_name: 'Labrador', breed_id: 1, location_name: 'Kennel A', pet_dob: '2023-11-01', gender: 'Male', weight: '5', description: 'Puppy', is_puppy: 1, has_microchip: 0, has_vaccination: 0, has_healthcertificate: 0, has_dewormed: 1, has_birthcertificate: 0}]
[1A[2KLOG: [36m'Pet details:', [Object{name: 'Max', is_puppy: 0, is_puppy_type: 'number', location: 'Kennel A'}, Object{name: 'Bella', is_puppy: 0, is_puppy_type: 'number', location: 'Kennel A'}, Object{name: 'Charlie', is_puppy: 0, is_puppy_type: 'number', location: 'Kennel B'}, Object{name: 'Puppy', is_puppy: 1, is_puppy_type: 'number', location: 'Kennel A'}][39m
Chrome Headless 144.0.0.0 (Mac OS 10.15.7): Executed 187 of 317[31m (12 FAILED)[39m (0 secs / 5.413 secs)
LOG: 'Pet details:', [Object{name: 'Max', is_puppy: 0, is_puppy_type: 'number', location: 'Kennel A'}, Object{name: 'Bella', is_puppy: 0, is_puppy_type: 'number', location: 'Kennel A'}, Object{name: 'Charlie', is_puppy: 0, is_puppy_type: 'number', location: 'Kennel B'}, Object{name: 'Puppy', is_puppy: 1, is_puppy_type: 'number', location: 'Kennel A'}]
[1A[2KLOG: [36m'Available adult pets:', [Object{id: 'pet-1', name: 'Max', breed_name: 'Labrador', breed_id: 1, location_name: 'Kennel A', pet_dob: '2020-01-01', gender: 'Male', weight: '30', description: 'Adult dog', is_puppy: 0, has_microchip: 1, has_vaccination: 1, has_healthcertificate: 1, has_dewormed: 1, has_birthcertificate: 1}, Object{id: 'pet-2', name: 'Bella', breed_name: 'Golden Retriever', breed_id: 2, location_name: 'Kennel A', pet_dob: '2019-06-15', gender: 'Female', weight: '28', description: 'Adult dog', is_puppy: 0, has_microchip: 1, has_vaccination: 1, has_healthcertificate: 1, has_dewormed: 1, has_birthcertificate: 1}, Object{id: 'pet-3', name: 'Charlie', breed_name: 'Beagle', breed_id: 3, location_name: 'Kennel B', pet_dob: '2021-03-20', gender: 'Male', weight: '15', description: 'Adult dog', is_puppy: 0, has_microchip: 1, has_vaccination: 1, has_healthcertificate: 0, has_dewormed: 1, has_birthcertificate: 1}][39m
Chrome Headless 144.0.0.0 (Mac OS 10.15.7): Executed 187 of 317[31m (12 FAILED)[39m (0 secs / 5.413 secs)
LOG: 'Available adult pets:', [Object{id: 'pet-1', name: 'Max', breed_name: 'Labrador', breed_id: 1, location_name: 'Kennel A', pet_dob: '2020-01-01', gender: 'Male', weight: '30', description: 'Adult dog', is_puppy: 0, has_microchip: 1, has_vaccination: 1, has_healthcertificate: 1, has_dewormed: 1, has_birthcertificate: 1}, Object{id: 'pet-2', name: 'Bella', breed_name: 'Golden Retriever', breed_id: 2, location_name: 'Kennel A', pet_dob: '2019-06-15', gender: 'Female', weight: '28', description: 'Adult dog', is_puppy: 0, has_microchip: 1, has_vaccination: 1, has_healthcertificate: 1, has_dewormed: 1, has_birthcertificate: 1}, Object{id: 'pet-3', name: 'Charlie', breed_name: 'Beagle', breed_id: 3, location_name: 'Kennel B', pet_dob: '2021-03-20', gender: 'Male', weight: '15', description: 'Adult dog', is_puppy: 0, has_microchip: 1, has_vaccination: 1, has_healthcertificate: 0, has_dewormed: 1, has_birthcertificate: 1}]
[1A[2KChrome Headless 144.0.0.0 (Mac OS 10.15.7): Executed 188 of 317[31m (12 FAILED)[39m (0 secs / 5.414 secs)
[1A[2KLOG: [36m'All pets loaded:', [Object{id: 'pet-1', name: 'Max', breed_name: 'Labrador', breed_id: 1, location_name: 'Kennel A', pet_dob: '2020-01-01', gender: 'Male', weight: '30', description: 'Adult dog', is_puppy: 0, has_microchip: 1, has_vaccination: 1, has_healthcertificate: 1, has_dewormed: 1, has_birthcertificate: 1}, Object{id: 'pet-2', name: 'Bella', breed_name: 'Golden Retriever', breed_id: 2, location_name: 'Kennel A', pet_dob: '2019-06-15', gender: 'Female', weight: '28', description: 'Adult dog', is_puppy: 0, has_microchip: 1, has_vaccination: 1, has_healthcertificate: 1, has_dewormed: 1, has_birthcertificate: 1}, Object{id: 'pet-3', name: 'Charlie', breed_name: 'Beagle', breed_id: 3, location_name: 'Kennel B', pet_dob: '2021-03-20', gender: 'Male', weight: '15', description: 'Adult dog', is_puppy: 0, has_microchip: 1, has_vaccination: 1, has_healthcertificate: 0, has_dewormed: 1, has_birthcertificate: 1}, Object{id: 'pet-4', name: 'Puppy', breed_name: 'Labrador', breed_id: 1, location_name: 'Kennel A', pet_dob: '2023-11-01', gender: 'Male', weight: '5', description: 'Puppy', is_puppy: 1, has_microchip: 0, has_vaccination: 0, has_healthcertificate: 0, has_dewormed: 1, has_birthcertificate: 0}][39m
Chrome Headless 144.0.0.0 (Mac OS 10.15.7): Executed 188 of 317[31m (12 FAILED)[39m (0 secs / 5.414 secs)
LOG: 'All pets loaded:', [Object{id: 'pet-1', name: 'Max', breed_name: 'Labrador', breed_id: 1, location_name: 'Kennel A', pet_dob: '2020-01-01', gender: 'Male', weight: '30', description: 'Adult dog', is_puppy: 0, has_microchip: 1, has_vaccination: 1, has_healthcertificate: 1, has_dewormed: 1, has_birthcertificate: 1}, Object{id: 'pet-2', name: 'Bella', breed_name: 'Golden Retriever', breed_id: 2, location_name: 'Kennel A', pet_dob: '2019-06-15', gender: 'Female', weight: '28', description: 'Adult dog', is_puppy: 0, has_microchip: 1, has_vaccination: 1, has_healthcertificate: 1, has_dewormed: 1, has_birthcertificate: 1}, Object{id: 'pet-3', name: 'Charlie', breed_name: 'Beagle', breed_id: 3, location_name: 'Kennel B', pet_dob: '2021-03-20', gender: 'Male', weight: '15', description: 'Adult dog', is_puppy: 0, has_microchip: 1, has_vaccination: 1, has_healthcertificate: 0, has_dewormed: 1, has_birthcertificate: 1}, Object{id: 'pet-4', name: 'Puppy', breed_name: 'Labrador', breed_id: 1, location_name: 'Kennel A', pet_dob: '2023-11-01', gender: 'Male', weight: '5', description: 'Puppy', is_puppy: 1, has_microchip: 0, has_vaccination: 0, has_healthcertificate: 0, has_dewormed: 1, has_birthcertificate: 0}]
[1A[2KLOG: [36m'Pet details:', [Object{name: 'Max', is_puppy: 0, is_puppy_type: 'number', location: 'Kennel A'}, Object{name: 'Bella', is_puppy: 0, is_puppy_type: 'number', location: 'Kennel A'}, Object{name: 'Charlie', is_puppy: 0, is_puppy_type: 'number', location: 'Kennel B'}, Object{name: 'Puppy', is_puppy: 1, is_puppy_type: 'number', location: 'Kennel A'}][39m
Chrome Headless 144.0.0.0 (Mac OS 10.15.7): Executed 188 of 317[31m (12 FAILED)[39m (0 secs / 5.414 secs)
LOG: 'Pet details:', [Object{name: 'Max', is_puppy: 0, is_puppy_type: 'number', location: 'Kennel A'}, Object{name: 'Bella', is_puppy: 0, is_puppy_type: 'number', location: 'Kennel A'}, Object{name: 'Charlie', is_puppy: 0, is_puppy_type: 'number', location: 'Kennel B'}, Object{name: 'Puppy', is_puppy: 1, is_puppy_type: 'number', location: 'Kennel A'}]
[1A[2KLOG: [36m'Available adult pets:', [Object{id: 'pet-1', name: 'Max', breed_name: 'Labrador', breed_id: 1, location_name: 'Kennel A', pet_dob: '2020-01-01', gender: 'Male', weight: '30', description: 'Adult dog', is_puppy: 0, has_microchip: 1, has_vaccination: 1, has_healthcertificate: 1, has_dewormed: 1, has_birthcertificate: 1}, Object{id: 'pet-2', name: 'Bella', breed_name: 'Golden Retriever', breed_id: 2, location_name: 'Kennel A', pet_dob: '2019-06-15', gender: 'Female', weight: '28', description: 'Adult dog', is_puppy: 0, has_microchip: 1, has_vaccination: 1, has_healthcertificate: 1, has_dewormed: 1, has_birthcertificate: 1}, Object{id: 'pet-3', name: 'Charlie', breed_name: 'Beagle', breed_id: 3, location_name: 'Kennel B', pet_dob: '2021-03-20', gender: 'Male', weight: '15', description: 'Adult dog', is_puppy: 0, has_microchip: 1, has_vaccination: 1, has_healthcertificate: 0, has_dewormed: 1, has_birthcertificate: 1}][39m
Chrome Headless 144.0.0.0 (Mac OS 10.15.7): Executed 188 of 317[31m (12 FAILED)[39m (0 secs / 5.414 secs)
LOG: 'Available adult pets:', [Object{id: 'pet-1', name: 'Max', breed_name: 'Labrador', breed_id: 1, location_name: 'Kennel A', pet_dob: '2020-01-01', gender: 'Male', weight: '30', description: 'Adult dog', is_puppy: 0, has_microchip: 1, has_vaccination: 1, has_healthcertificate: 1, has_dewormed: 1, has_birthcertificate: 1}, Object{id: 'pet-2', name: 'Bella', breed_name: 'Golden Retriever', breed_id: 2, location_name: 'Kennel A', pet_dob: '2019-06-15', gender: 'Female', weight: '28', description: 'Adult dog', is_puppy: 0, has_microchip: 1, has_vaccination: 1, has_healthcertificate: 1, has_dewormed: 1, has_birthcertificate: 1}, Object{id: 'pet-3', name: 'Charlie', breed_name: 'Beagle', breed_id: 3, location_name: 'Kennel B', pet_dob: '2021-03-20', gender: 'Male', weight: '15', description: 'Adult dog', is_puppy: 0, has_microchip: 1, has_vaccination: 1, has_healthcertificate: 0, has_dewormed: 1, has_birthcertificate: 1}]
[1A[2KChrome Headless 144.0.0.0 (Mac OS 10.15.7): Executed 189 of 317[31m (12 FAILED)[39m (0 secs / 5.415 secs)
[1A[2KChrome Headless 144.0.0.0 (Mac OS 10.15.7): Executed 190 of 317[31m (12 FAILED)[39m (0 secs / 5.416 secs)
[1A[2KChrome Headless 144.0.0.0 (Mac OS 10.15.7): Executed 191 of 317[31m (12 FAILED)[39m (0 secs / 5.417 secs)
[1A[2KChrome Headless 144.0.0.0 (Mac OS 10.15.7): Executed 192 of 317[31m (12 FAILED)[39m (0 secs / 5.418 secs)
[1A[2KChrome Headless 144.0.0.0 (Mac OS 10.15.7): Executed 193 of 317[31m (12 FAILED)[39m (0 secs / 5.418 secs)
[1A[2KChrome Headless 144.0.0.0 (Mac OS 10.15.7): Executed 194 of 317[31m (12 FAILED)[39m (0 secs / 5.419 secs)
[1A[2KERROR: [36m'Error loading pets:', Object{message: 'Failed to load pets'}[39m
Chrome Headless 144.0.0.0 (Mac OS 10.15.7): Executed 194 of 317[31m (12 FAILED)[39m (0 secs / 5.419 secs)
ERROR: 'Error loading pets:', Object{message: 'Failed to load pets'}
[1A[2KChrome Headless 144.0.0.0 (Mac OS 10.15.7): Executed 195 of 317[31m (12 FAILED)[39m (0 secs / 5.42 secs)
[1A[2KERROR: [36m'Error getting user:', Object{message: 'Not authenticated'}[39m
Chrome Headless 144.0.0.0 (Mac OS 10.15.7): Executed 195 of 317[31m (12 FAILED)[39m (0 secs / 5.42 secs)
ERROR: 'Error getting user:', Object{message: 'Not authenticated'}
[1A[2KChrome Headless 144.0.0.0 (Mac OS 10.15.7): Executed 196 of 317[31m (12 FAILED)[39m (0 secs / 5.421 secs)
[1A[2KLOG: [36m'All pets loaded:', [Object{id: 'pet-1', name: 'Max', breed_name: 'Labrador', breed_id: 1, location_name: 'Kennel A', pet_dob: '2020-01-01', gender: 'Male', weight: '30', description: 'Adult dog', is_puppy: 0, has_microchip: 1, has_vaccination: 1, has_healthcertificate: 1, has_dewormed: 1, has_birthcertificate: 1}, Object{id: 'pet-2', name: 'Bella', breed_name: 'Golden Retriever', breed_id: 2, location_name: 'Kennel A', pet_dob: '2019-06-15', gender: 'Female', weight: '28', description: 'Adult dog', is_puppy: 0, has_microchip: 1, has_vaccination: 1, has_healthcertificate: 1, has_dewormed: 1, has_birthcertificate: 1}, Object{id: 'pet-3', name: 'Charlie', breed_name: 'Beagle', breed_id: 3, location_name: 'Kennel B', pet_dob: '2021-03-20', gender: 'Male', weight: '15', description: 'Adult dog', is_puppy: 0, has_microchip: 1, has_vaccination: 1, has_healthcertificate: 0, has_dewormed: 1, has_birthcertificate: 1}, Object{id: 'pet-4', name: 'Puppy', breed_name: 'Labrador', breed_id: 1, location_name: 'Kennel A', pet_dob: '2023-11-01', gender: 'Male', weight: '5', description: 'Puppy', is_puppy: 1, has_microchip: 0, has_vaccination: 0, has_healthcertificate: 0, has_dewormed: 1, has_birthcertificate: 0}][39m
Chrome Headless 144.0.0.0 (Mac OS 10.15.7): Executed 196 of 317[31m (12 FAILED)[39m (0 secs / 5.421 secs)
LOG: 'All pets loaded:', [Object{id: 'pet-1', name: 'Max', breed_name: 'Labrador', breed_id: 1, location_name: 'Kennel A', pet_dob: '2020-01-01', gender: 'Male', weight: '30', description: 'Adult dog', is_puppy: 0, has_microchip: 1, has_vaccination: 1, has_healthcertificate: 1, has_dewormed: 1, has_birthcertificate: 1}, Object{id: 'pet-2', name: 'Bella', breed_name: 'Golden Retriever', breed_id: 2, location_name: 'Kennel A', pet_dob: '2019-06-15', gender: 'Female', weight: '28', description: 'Adult dog', is_puppy: 0, has_microchip: 1, has_vaccination: 1, has_healthcertificate: 1, has_dewormed: 1, has_birthcertificate: 1}, Object{id: 'pet-3', name: 'Charlie', breed_name: 'Beagle', breed_id: 3, location_name: 'Kennel B', pet_dob: '2021-03-20', gender: 'Male', weight: '15', description: 'Adult dog', is_puppy: 0, has_microchip: 1, has_vaccination: 1, has_healthcertificate: 0, has_dewormed: 1, has_birthcertificate: 1}, Object{id: 'pet-4', name: 'Puppy', breed_name: 'Labrador', breed_id: 1, location_name: 'Kennel A', pet_dob: '2023-11-01', gender: 'Male', weight: '5', description: 'Puppy', is_puppy: 1, has_microchip: 0, has_vaccination: 0, has_healthcertificate: 0, has_dewormed: 1, has_birthcertificate: 0}]
[1A[2KLOG: [36m'Pet details:', [Object{name: 'Max', is_puppy: 0, is_puppy_type: 'number', location: 'Kennel A'}, Object{name: 'Bella', is_puppy: 0, is_puppy_type: 'number', location: 'Kennel A'}, Object{name: 'Charlie', is_puppy: 0, is_puppy_type: 'number', location: 'Kennel B'}, Object{name: 'Puppy', is_puppy: 1, is_puppy_type: 'number', location: 'Kennel A'}][39m
Chrome Headless 144.0.0.0 (Mac OS 10.15.7): Executed 196 of 317[31m (12 FAILED)[39m (0 secs / 5.421 secs)
LOG: 'Pet details:', [Object{name: 'Max', is_puppy: 0, is_puppy_type: 'number', location: 'Kennel A'}, Object{name: 'Bella', is_puppy: 0, is_puppy_type: 'number', location: 'Kennel A'}, Object{name: 'Charlie', is_puppy: 0, is_puppy_type: 'number', location: 'Kennel B'}, Object{name: 'Puppy', is_puppy: 1, is_puppy_type: 'number', location: 'Kennel A'}]
[1A[2KLOG: [36m'Available adult pets:', [Object{id: 'pet-1', name: 'Max', breed_name: 'Labrador', breed_id: 1, location_name: 'Kennel A', pet_dob: '2020-01-01', gender: 'Male', weight: '30', description: 'Adult dog', is_puppy: 0, has_microchip: 1, has_vaccination: 1, has_healthcertificate: 1, has_dewormed: 1, has_birthcertificate: 1}, Object{id: 'pet-2', name: 'Bella', breed_name: 'Golden Retriever', breed_id: 2, location_name: 'Kennel A', pet_dob: '2019-06-15', gender: 'Female', weight: '28', description: 'Adult dog', is_puppy: 0, has_microchip: 1, has_vaccination: 1, has_healthcertificate: 1, has_dewormed: 1, has_birthcertificate: 1}, Object{id: 'pet-3', name: 'Charlie', breed_name: 'Beagle', breed_id: 3, location_name: 'Kennel B', pet_dob: '2021-03-20', gender: 'Male', weight: '15', description: 'Adult dog', is_puppy: 0, has_microchip: 1, has_vaccination: 1, has_healthcertificate: 0, has_dewormed: 1, has_birthcertificate: 1}][39m
Chrome Headless 144.0.0.0 (Mac OS 10.15.7): Executed 196 of 317[31m (12 FAILED)[39m (0 secs / 5.421 secs)
LOG: 'Available adult pets:', [Object{id: 'pet-1', name: 'Max', breed_name: 'Labrador', breed_id: 1, location_name: 'Kennel A', pet_dob: '2020-01-01', gender: 'Male', weight: '30', description: 'Adult dog', is_puppy: 0, has_microchip: 1, has_vaccination: 1, has_healthcertificate: 1, has_dewormed: 1, has_birthcertificate: 1}, Object{id: 'pet-2', name: 'Bella', breed_name: 'Golden Retriever', breed_id: 2, location_name: 'Kennel A', pet_dob: '2019-06-15', gender: 'Female', weight: '28', description: 'Adult dog', is_puppy: 0, has_microchip: 1, has_vaccination: 1, has_healthcertificate: 1, has_dewormed: 1, has_birthcertificate: 1}, Object{id: 'pet-3', name: 'Charlie', breed_name: 'Beagle', breed_id: 3, location_name: 'Kennel B', pet_dob: '2021-03-20', gender: 'Male', weight: '15', description: 'Adult dog', is_puppy: 0, has_microchip: 1, has_vaccination: 1, has_healthcertificate: 0, has_dewormed: 1, has_birthcertificate: 1}]
[1A[2KChrome Headless 144.0.0.0 (Mac OS 10.15.7): Executed 197 of 317[31m (12 FAILED)[39m (0 secs / 5.421 secs)
[1A[2KLOG: [36m'All pets loaded:', [Object{id: 'pet-1', name: 'Max', breed_name: 'Labrador', breed_id: 1, location_name: 'Kennel A', pet_dob: '2020-01-01', gender: 'Male', weight: '30', description: 'Adult dog', is_puppy: 0, has_microchip: 1, has_vaccination: 1, has_healthcertificate: 1, has_dewormed: 1, has_birthcertificate: 1}, Object{id: 'pet-2', name: 'Bella', breed_name: 'Golden Retriever', breed_id: 2, location_name: 'Kennel A', pet_dob: '2019-06-15', gender: 'Female', weight: '28', description: 'Adult dog', is_puppy: 0, has_microchip: 1, has_vaccination: 1, has_healthcertificate: 1, has_dewormed: 1, has_birthcertificate: 1}, Object{id: 'pet-3', name: 'Charlie', breed_name: 'Beagle', breed_id: 3, location_name: 'Kennel B', pet_dob: '2021-03-20', gender: 'Male', weight: '15', description: 'Adult dog', is_puppy: 0, has_microchip: 1, has_vaccination: 1, has_healthcertificate: 0, has_dewormed: 1, has_birthcertificate: 1}, Object{id: 'pet-4', name: 'Puppy', breed_name: 'Labrador', breed_id: 1, location_name: 'Kennel A', pet_dob: '2023-11-01', gender: 'Male', weight: '5', description: 'Puppy', is_puppy: 1, has_microchip: 0, has_vaccination: 0, has_healthcertificate: 0, has_dewormed: 1, has_birthcertificate: 0}][39m
Chrome Headless 144.0.0.0 (Mac OS 10.15.7): Executed 197 of 317[31m (12 FAILED)[39m (0 secs / 5.421 secs)
LOG: 'All pets loaded:', [Object{id: 'pet-1', name: 'Max', breed_name: 'Labrador', breed_id: 1, location_name: 'Kennel A', pet_dob: '2020-01-01', gender: 'Male', weight: '30', description: 'Adult dog', is_puppy: 0, has_microchip: 1, has_vaccination: 1, has_healthcertificate: 1, has_dewormed: 1, has_birthcertificate: 1}, Object{id: 'pet-2', name: 'Bella', breed_name: 'Golden Retriever', breed_id: 2, location_name: 'Kennel A', pet_dob: '2019-06-15', gender: 'Female', weight: '28', description: 'Adult dog', is_puppy: 0, has_microchip: 1, has_vaccination: 1, has_healthcertificate: 1, has_dewormed: 1, has_birthcertificate: 1}, Object{id: 'pet-3', name: 'Charlie', breed_name: 'Beagle', breed_id: 3, location_name: 'Kennel B', pet_dob: '2021-03-20', gender: 'Male', weight: '15', description: 'Adult dog', is_puppy: 0, has_microchip: 1, has_vaccination: 1, has_healthcertificate: 0, has_dewormed: 1, has_birthcertificate: 1}, Object{id: 'pet-4', name: 'Puppy', breed_name: 'Labrador', breed_id: 1, location_name: 'Kennel A', pet_dob: '2023-11-01', gender: 'Male', weight: '5', description: 'Puppy', is_puppy: 1, has_microchip: 0, has_vaccination: 0, has_healthcertificate: 0, has_dewormed: 1, has_birthcertificate: 0}]
[1A[2KLOG: [36m'Pet details:', [Object{name: 'Max', is_puppy: 0, is_puppy_type: 'number', location: 'Kennel A'}, Object{name: 'Bella', is_puppy: 0, is_puppy_type: 'number', location: 'Kennel A'}, Object{name: 'Charlie', is_puppy: 0, is_puppy_type: 'number', location: 'Kennel B'}, Object{name: 'Puppy', is_puppy: 1, is_puppy_type: 'number', location: 'Kennel A'}][39m
Chrome Headless 144.0.0.0 (Mac OS 10.15.7): Executed 197 of 317[31m (12 FAILED)[39m (0 secs / 5.421 secs)
LOG: 'Pet details:', [Object{name: 'Max', is_puppy: 0, is_puppy_type: 'number', location: 'Kennel A'}, Object{name: 'Bella', is_puppy: 0, is_puppy_type: 'number', location: 'Kennel A'}, Object{name: 'Charlie', is_puppy: 0, is_puppy_type: 'number', location: 'Kennel B'}, Object{name: 'Puppy', is_puppy: 1, is_puppy_type: 'number', location: 'Kennel A'}]
[1A[2KLOG: [36m'Available adult pets:', [Object{id: 'pet-1', name: 'Max', breed_name: 'Labrador', breed_id: 1, location_name: 'Kennel A', pet_dob: '2020-01-01', gender: 'Male', weight: '30', description: 'Adult dog', is_puppy: 0, has_microchip: 1, has_vaccination: 1, has_healthcertificate: 1, has_dewormed: 1, has_birthcertificate: 1}, Object{id: 'pet-2', name: 'Bella', breed_name: 'Golden Retriever', breed_id: 2, location_name: 'Kennel A', pet_dob: '2019-06-15', gender: 'Female', weight: '28', description: 'Adult dog', is_puppy: 0, has_microchip: 1, has_vaccination: 1, has_healthcertificate: 1, has_dewormed: 1, has_birthcertificate: 1}, Object{id: 'pet-3', name: 'Charlie', breed_name: 'Beagle', breed_id: 3, location_name: 'Kennel B', pet_dob: '2021-03-20', gender: 'Male', weight: '15', description: 'Adult dog', is_puppy: 0, has_microchip: 1, has_vaccination: 1, has_healthcertificate: 0, has_dewormed: 1, has_birthcertificate: 1}][39m
Chrome Headless 144.0.0.0 (Mac OS 10.15.7): Executed 197 of 317[31m (12 FAILED)[39m (0 secs / 5.421 secs)
LOG: 'Available adult pets:', [Object{id: 'pet-1', name: 'Max', breed_name: 'Labrador', breed_id: 1, location_name: 'Kennel A', pet_dob: '2020-01-01', gender: 'Male', weight: '30', description: 'Adult dog', is_puppy: 0, has_microchip: 1, has_vaccination: 1, has_healthcertificate: 1, has_dewormed: 1, has_birthcertificate: 1}, Object{id: 'pet-2', name: 'Bella', breed_name: 'Golden Retriever', breed_id: 2, location_name: 'Kennel A', pet_dob: '2019-06-15', gender: 'Female', weight: '28', description: 'Adult dog', is_puppy: 0, has_microchip: 1, has_vaccination: 1, has_healthcertificate: 1, has_dewormed: 1, has_birthcertificate: 1}, Object{id: 'pet-3', name: 'Charlie', breed_name: 'Beagle', breed_id: 3, location_name: 'Kennel B', pet_dob: '2021-03-20', gender: 'Male', weight: '15', description: 'Adult dog', is_puppy: 0, has_microchip: 1, has_vaccination: 1, has_healthcertificate: 0, has_dewormed: 1, has_birthcertificate: 1}]
[1A[2KChrome Headless 144.0.0.0 (Mac OS 10.15.7): Executed 198 of 317[31m (12 FAILED)[39m (0 secs / 5.421 secs)
[1A[2KChrome Headless 144.0.0.0 (Mac OS 10.15.7): Executed 199 of 317[31m (12 FAILED)[39m (0 secs / 5.422 secs)
[1A[2K[31mChrome Headless 144.0.0.0 (Mac OS 10.15.7) BreedingLocationsComponent - Property-Based Validation Property: Form validation prevents submission with invalid data should allow submission when optional field address2 is empty FAILED[39m
	ɵNotFound: NG0201: No provider found for `InjectionToken ToastConfig`. Source: DynamicTestModule. Path: ToastrService -> InjectionToken ToastConfig. Find more at https://v21.angular.dev/errors/NG0201
	error properties: Object({ code: -201, ngErrorCode: -201, ngErrorMessage: 'No provider found for `InjectionToken ToastConfig`.', ngTokenPath: [ 'ToastrService', 'InjectionToken ToastConfig' ] })
	ɵNotFound: NG0201: No provider found for `InjectionToken ToastConfig`. Source: DynamicTestModule. Path: ToastrService -> InjectionToken ToastConfig. Find more at https://v21.angular.dev/errors/NG0201
	    at createRuntimeError (node_modules/@angular/core/fesm2022/_untracked-chunk.mjs:600:17)
	    at NullInjector.get (node_modules/@angular/core/fesm2022/_untracked-chunk.mjs:881:21)
	    at R3Injector.get (node_modules/@angular/core/fesm2022/_untracked-chunk.mjs:1206:27)
	    at R3Injector.get (node_modules/@angular/core/fesm2022/_untracked-chunk.mjs:1206:27)
	    at R3Injector.retrieve (node_modules/@angular/core/fesm2022/_untracked-chunk.mjs:1116:19)
	    at injectInjectorOnly (node_modules/@angular/core/fesm2022/_untracked-chunk.mjs:670:35)
	    at Module.ɵɵinject (node_modules/@angular/core/fesm2022/_untracked-chunk.mjs:682:58)
	    at Object.factory (node_modules/ngx-toastr/fesm2020/ngx-toastr.mjs:16:109)
	    at callback (node_modules/@angular/core/fesm2022/_untracked-chunk.mjs:1311:35)
	    at runInInjectorProfilerContext (node_modules/@angular/core/fesm2022/_untracked-chunk.mjs:442:5)
Chrome Headless 144.0.0.0 (Mac OS 10.15.7): Executed 200 of 317[31m (13 FAILED)[39m (0 secs / 5.423 secs)
[1A[2K[31mChrome Headless 144.0.0.0 (Mac OS 10.15.7) BreedingLocationsComponent - Property-Based Validation Property: Form validation prevents submission with invalid data should prevent submission with multiple invalid fields (city, state, country) FAILED[39m
	ɵNotFound: NG0201: No provider found for `InjectionToken ToastConfig`. Source: DynamicTestModule. Path: ToastrService -> InjectionToken ToastConfig. Find more at https://v21.angular.dev/errors/NG0201
	error properties: Object({ code: -201, ngErrorCode: -201, ngErrorMessage: 'No provider found for `InjectionToken ToastConfig`.', ngTokenPath: [ 'ToastrService', 'InjectionToken ToastConfig' ] })
	ɵNotFound: NG0201: No provider found for `InjectionToken ToastConfig`. Source: DynamicTestModule. Path: ToastrService -> InjectionToken ToastConfig. Find more at https://v21.angular.dev/errors/NG0201
	    at createRuntimeError (node_modules/@angular/core/fesm2022/_untracked-chunk.mjs:600:17)
	    at NullInjector.get (node_modules/@angular/core/fesm2022/_untracked-chunk.mjs:881:21)
	    at R3Injector.get (node_modules/@angular/core/fesm2022/_untracked-chunk.mjs:1206:27)
	    at R3Injector.get (node_modules/@angular/core/fesm2022/_untracked-chunk.mjs:1206:27)
	    at R3Injector.retrieve (node_modules/@angular/core/fesm2022/_untracked-chunk.mjs:1116:19)
	    at injectInjectorOnly (node_modules/@angular/core/fesm2022/_untracked-chunk.mjs:670:35)
	    at Module.ɵɵinject (node_modules/@angular/core/fesm2022/_untracked-chunk.mjs:682:58)
	    at Object.factory (node_modules/ngx-toastr/fesm2020/ngx-toastr.mjs:16:109)
	    at callback (node_modules/@angular/core/fesm2022/_untracked-chunk.mjs:1311:35)
	    at runInInjectorProfilerContext (node_modules/@angular/core/fesm2022/_untracked-chunk.mjs:442:5)
Chrome Headless 144.0.0.0 (Mac OS 10.15.7): Executed 201 of 317[31m (14 FAILED)[39m (0 secs / 5.424 secs)
[1A[2K[31mChrome Headless 144.0.0.0 (Mac OS 10.15.7) BreedingLocationsComponent - Property-Based Validation Property: Form validation prevents submission with invalid data should clear validation errors when form is cancelled FAILED[39m
	ɵNotFound: NG0201: No provider found for `InjectionToken ToastConfig`. Source: DynamicTestModule. Path: ToastrService -> InjectionToken ToastConfig. Find more at https://v21.angular.dev/errors/NG0201
	error properties: Object({ code: -201, ngErrorCode: -201, ngErrorMessage: 'No provider found for `InjectionToken ToastConfig`.', ngTokenPath: [ 'ToastrService', 'InjectionToken ToastConfig' ] })
	ɵNotFound: NG0201: No provider found for `InjectionToken ToastConfig`. Source: DynamicTestModule. Path: ToastrService -> InjectionToken ToastConfig. Find more at https://v21.angular.dev/errors/NG0201
	    at createRuntimeError (node_modules/@angular/core/fesm2022/_untracked-chunk.mjs:600:17)
	    at NullInjector.get (node_modules/@angular/core/fesm2022/_untracked-chunk.mjs:881:21)
	    at R3Injector.get (node_modules/@angular/core/fesm2022/_untracked-chunk.mjs:1206:27)
	    at R3Injector.get (node_modules/@angular/core/fesm2022/_untracked-chunk.mjs:1206:27)
	    at R3Injector.retrieve (node_modules/@angular/core/fesm2022/_untracked-chunk.mjs:1116:19)
	    at injectInjectorOnly (node_modules/@angular/core/fesm2022/_untracked-chunk.mjs:670:35)
	    at Module.ɵɵinject (node_modules/@angular/core/fesm2022/_untracked-chunk.mjs:682:58)
	    at Object.factory (node_modules/ngx-toastr/fesm2020/ngx-toastr.mjs:16:109)
	    at callback (node_modules/@angular/core/fesm2022/_untracked-chunk.mjs:1311:35)
	    at runInInjectorProfilerContext (node_modules/@angular/core/fesm2022/_untracked-chunk.mjs:442:5)
Chrome Headless 144.0.0.0 (Mac OS 10.15.7): Executed 202 of 317[31m (15 FAILED)[39m (0 secs / 5.425 secs)
[1A[2K[31mChrome Headless 144.0.0.0 (Mac OS 10.15.7) BreedingLocationsComponent - Property-Based Validation Property: Form validation prevents submission with invalid data should mark all invalid fields as touched to display errors FAILED[39m
	ɵNotFound: NG0201: No provider found for `InjectionToken ToastConfig`. Source: DynamicTestModule. Path: ToastrService -> InjectionToken ToastConfig. Find more at https://v21.angular.dev/errors/NG0201
	error properties: Object({ code: -201, ngErrorCode: -201, ngErrorMessage: 'No provider found for `InjectionToken ToastConfig`.', ngTokenPath: [ 'ToastrService', 'InjectionToken ToastConfig' ] })
	ɵNotFound: NG0201: No provider found for `InjectionToken ToastConfig`. Source: DynamicTestModule. Path: ToastrService -> InjectionToken ToastConfig. Find more at https://v21.angular.dev/errors/NG0201
	    at createRuntimeError (node_modules/@angular/core/fesm2022/_untracked-chunk.mjs:600:17)
	    at NullInjector.get (node_modules/@angular/core/fesm2022/_untracked-chunk.mjs:881:21)
	    at R3Injector.get (node_modules/@angular/core/fesm2022/_untracked-chunk.mjs:1206:27)
	    at R3Injector.get (node_modules/@angular/core/fesm2022/_untracked-chunk.mjs:1206:27)
	    at R3Injector.retrieve (node_modules/@angular/core/fesm2022/_untracked-chunk.mjs:1116:19)
	    at injectInjectorOnly (node_modules/@angular/core/fesm2022/_untracked-chunk.mjs:670:35)
	    at Module.ɵɵinject (node_modules/@angular/core/fesm2022/_untracked-chunk.mjs:682:58)
	    at Object.factory (node_modules/ngx-toastr/fesm2020/ngx-toastr.mjs:16:109)
	    at callback (node_modules/@angular/core/fesm2022/_untracked-chunk.mjs:1311:35)
	    at runInInjectorProfilerContext (node_modules/@angular/core/fesm2022/_untracked-chunk.mjs:442:5)
Chrome Headless 144.0.0.0 (Mac OS 10.15.7): Executed 203 of 317[31m (16 FAILED)[39m (0 secs / 5.426 secs)
[1A[2K[31mChrome Headless 144.0.0.0 (Mac OS 10.15.7) BreedingLocationsComponent - Property-Based Validation Property: Form validation prevents submission with invalid data should validate required fields during edit mode FAILED[39m
	ɵNotFound: NG0201: No provider found for `InjectionToken ToastConfig`. Source: DynamicTestModule. Path: ToastrService -> InjectionToken ToastConfig. Find more at https://v21.angular.dev/errors/NG0201
	error properties: Object({ code: -201, ngErrorCode: -201, ngErrorMessage: 'No provider found for `InjectionToken ToastConfig`.', ngTokenPath: [ 'ToastrService', 'InjectionToken ToastConfig' ] })
	ɵNotFound: NG0201: No provider found for `InjectionToken ToastConfig`. Source: DynamicTestModule. Path: ToastrService -> InjectionToken ToastConfig. Find more at https://v21.angular.dev/errors/NG0201
	    at createRuntimeError (node_modules/@angular/core/fesm2022/_untracked-chunk.mjs:600:17)
	    at NullInjector.get (node_modules/@angular/core/fesm2022/_untracked-chunk.mjs:881:21)
	    at R3Injector.get (node_modules/@angular/core/fesm2022/_untracked-chunk.mjs:1206:27)
	    at R3Injector.get (node_modules/@angular/core/fesm2022/_untracked-chunk.mjs:1206:27)
	    at R3Injector.retrieve (node_modules/@angular/core/fesm2022/_untracked-chunk.mjs:1116:19)
	    at injectInjectorOnly (node_modules/@angular/core/fesm2022/_untracked-chunk.mjs:670:35)
	    at Module.ɵɵinject (node_modules/@angular/core/fesm2022/_untracked-chunk.mjs:682:58)
	    at Object.factory (node_modules/ngx-toastr/fesm2020/ngx-toastr.mjs:16:109)
	    at callback (node_modules/@angular/core/fesm2022/_untracked-chunk.mjs:1311:35)
	    at runInInjectorProfilerContext (node_modules/@angular/core/fesm2022/_untracked-chunk.mjs:442:5)
Chrome Headless 144.0.0.0 (Mac OS 10.15.7): Executed 204 of 317[31m (17 FAILED)[39m (0 secs / 5.43 secs)
[1A[2K[31mChrome Headless 144.0.0.0 (Mac OS 10.15.7) BreedingLocationsComponent - Property-Based Validation Property: Form validation prevents submission with invalid data should update validation state when field value changes from invalid to valid FAILED[39m
	ɵNotFound: NG0201: No provider found for `InjectionToken ToastConfig`. Source: DynamicTestModule. Path: ToastrService -> InjectionToken ToastConfig. Find more at https://v21.angular.dev/errors/NG0201
	error properties: Object({ code: -201, ngErrorCode: -201, ngErrorMessage: 'No provider found for `InjectionToken ToastConfig`.', ngTokenPath: [ 'ToastrService', 'InjectionToken ToastConfig' ] })
	ɵNotFound: NG0201: No provider found for `InjectionToken ToastConfig`. Source: DynamicTestModule. Path: ToastrService -> InjectionToken ToastConfig. Find more at https://v21.angular.dev/errors/NG0201
	    at createRuntimeError (node_modules/@angular/core/fesm2022/_untracked-chunk.mjs:600:17)
	    at NullInjector.get (node_modules/@angular/core/fesm2022/_untracked-chunk.mjs:881:21)
	    at R3Injector.get (node_modules/@angular/core/fesm2022/_untracked-chunk.mjs:1206:27)
	    at R3Injector.get (node_modules/@angular/core/fesm2022/_untracked-chunk.mjs:1206:27)
	    at R3Injector.retrieve (node_modules/@angular/core/fesm2022/_untracked-chunk.mjs:1116:19)
	    at injectInjectorOnly (node_modules/@angular/core/fesm2022/_untracked-chunk.mjs:670:35)
	    at Module.ɵɵinject (node_modules/@angular/core/fesm2022/_untracked-chunk.mjs:682:58)
	    at Object.factory (node_modules/ngx-toastr/fesm2020/ngx-toastr.mjs:16:109)
	    at callback (node_modules/@angular/core/fesm2022/_untracked-chunk.mjs:1311:35)
	    at runInInjectorProfilerContext (node_modules/@angular/core/fesm2022/_untracked-chunk.mjs:442:5)
Chrome Headless 144.0.0.0 (Mac OS 10.15.7): Executed 205 of 317[31m (18 FAILED)[39m (0 secs / 5.431 secs)
[1A[2K[31mChrome Headless 144.0.0.0 (Mac OS 10.15.7) BreedingLocationsComponent - Property-Based Validation Property: Form validation prevents submission with invalid data should note that whitespace validation is handled by backend FAILED[39m
	ɵNotFound: NG0201: No provider found for `InjectionToken ToastConfig`. Source: DynamicTestModule. Path: ToastrService -> InjectionToken ToastConfig. Find more at https://v21.angular.dev/errors/NG0201
	error properties: Object({ code: -201, ngErrorCode: -201, ngErrorMessage: 'No provider found for `InjectionToken ToastConfig`.', ngTokenPath: [ 'ToastrService', 'InjectionToken ToastConfig' ] })
	ɵNotFound: NG0201: No provider found for `InjectionToken ToastConfig`. Source: DynamicTestModule. Path: ToastrService -> InjectionToken ToastConfig. Find more at https://v21.angular.dev/errors/NG0201
	    at createRuntimeError (node_modules/@angular/core/fesm2022/_untracked-chunk.mjs:600:17)
	    at NullInjector.get (node_modules/@angular/core/fesm2022/_untracked-chunk.mjs:881:21)
	    at R3Injector.get (node_modules/@angular/core/fesm2022/_untracked-chunk.mjs:1206:27)
	    at R3Injector.get (node_modules/@angular/core/fesm2022/_untracked-chunk.mjs:1206:27)
	    at R3Injector.retrieve (node_modules/@angular/core/fesm2022/_untracked-chunk.mjs:1116:19)
	    at injectInjectorOnly (node_modules/@angular/core/fesm2022/_untracked-chunk.mjs:670:35)
	    at Module.ɵɵinject (node_modules/@angular/core/fesm2022/_untracked-chunk.mjs:682:58)
	    at Object.factory (node_modules/ngx-toastr/fesm2020/ngx-toastr.mjs:16:109)
	    at callback (node_modules/@angular/core/fesm2022/_untracked-chunk.mjs:1311:35)
	    at runInInjectorProfilerContext (node_modules/@angular/core/fesm2022/_untracked-chunk.mjs:442:5)
Chrome Headless 144.0.0.0 (Mac OS 10.15.7): Executed 206 of 317[31m (19 FAILED)[39m (0 secs / 5.431 secs)
[1A[2K[31mChrome Headless 144.0.0.0 (Mac OS 10.15.7) BreedingLocationsComponent - Property-Based Validation Property: Form validation prevents submission with invalid data Required field: state should prevent submission when state is invalid (case 0: null) FAILED[39m
	ɵNotFound: NG0201: No provider found for `InjectionToken ToastConfig`. Source: DynamicTestModule. Path: ToastrService -> InjectionToken ToastConfig. Find more at https://v21.angular.dev/errors/NG0201
	error properties: Object({ code: -201, ngErrorCode: -201, ngErrorMessage: 'No provider found for `InjectionToken ToastConfig`.', ngTokenPath: [ 'ToastrService', 'InjectionToken ToastConfig' ] })
	ɵNotFound: NG0201: No provider found for `InjectionToken ToastConfig`. Source: DynamicTestModule. Path: ToastrService -> InjectionToken ToastConfig. Find more at https://v21.angular.dev/errors/NG0201
	    at createRuntimeError (node_modules/@angular/core/fesm2022/_untracked-chunk.mjs:600:17)
	    at NullInjector.get (node_modules/@angular/core/fesm2022/_untracked-chunk.mjs:881:21)
	    at R3Injector.get (node_modules/@angular/core/fesm2022/_untracked-chunk.mjs:1206:27)
	    at R3Injector.get (node_modules/@angular/core/fesm2022/_untracked-chunk.mjs:1206:27)
	    at R3Injector.retrieve (node_modules/@angular/core/fesm2022/_untracked-chunk.mjs:1116:19)
	    at injectInjectorOnly (node_modules/@angular/core/fesm2022/_untracked-chunk.mjs:670:35)
	    at Module.ɵɵinject (node_modules/@angular/core/fesm2022/_untracked-chunk.mjs:682:58)
	    at Object.factory (node_modules/ngx-toastr/fesm2020/ngx-toastr.mjs:16:109)
	    at callback (node_modules/@angular/core/fesm2022/_untracked-chunk.mjs:1311:35)
	    at runInInjectorProfilerContext (node_modules/@angular/core/fesm2022/_untracked-chunk.mjs:442:5)
Chrome Headless 144.0.0.0 (Mac OS 10.15.7): Executed 207 of 317[31m (20 FAILED)[39m (0 secs / 5.431 secs)
[1A[2K[31mChrome Headless 144.0.0.0 (Mac OS 10.15.7) BreedingLocationsComponent - Property-Based Validation Property: Form validation prevents submission with invalid data Required field: state should allow submission when state has valid value FAILED[39m
	ɵNotFound: NG0201: No provider found for `InjectionToken ToastConfig`. Source: DynamicTestModule. Path: ToastrService -> InjectionToken ToastConfig. Find more at https://v21.angular.dev/errors/NG0201
	error properties: Object({ code: -201, ngErrorCode: -201, ngErrorMessage: 'No provider found for `InjectionToken ToastConfig`.', ngTokenPath: [ 'ToastrService', 'InjectionToken ToastConfig' ] })
	ɵNotFound: NG0201: No provider found for `InjectionToken ToastConfig`. Source: DynamicTestModule. Path: ToastrService -> InjectionToken ToastConfig. Find more at https://v21.angular.dev/errors/NG0201
	    at createRuntimeError (node_modules/@angular/core/fesm2022/_untracked-chunk.mjs:600:17)
	    at NullInjector.get (node_modules/@angular/core/fesm2022/_untracked-chunk.mjs:881:21)
	    at R3Injector.get (node_modules/@angular/core/fesm2022/_untracked-chunk.mjs:1206:27)
	    at R3Injector.get (node_modules/@angular/core/fesm2022/_untracked-chunk.mjs:1206:27)
	    at R3Injector.retrieve (node_modules/@angular/core/fesm2022/_untracked-chunk.mjs:1116:19)
	    at injectInjectorOnly (node_modules/@angular/core/fesm2022/_untracked-chunk.mjs:670:35)
	    at Module.ɵɵinject (node_modules/@angular/core/fesm2022/_untracked-chunk.mjs:682:58)
	    at Object.factory (node_modules/ngx-toastr/fesm2020/ngx-toastr.mjs:16:109)
	    at callback (node_modules/@angular/core/fesm2022/_untracked-chunk.mjs:1311:35)
	    at runInInjectorProfilerContext (node_modules/@angular/core/fesm2022/_untracked-chunk.mjs:442:5)
Chrome Headless 144.0.0.0 (Mac OS 10.15.7): Executed 208 of 317[31m (21 FAILED)[39m (0 secs / 5.432 secs)
[1A[2K[31mChrome Headless 144.0.0.0 (Mac OS 10.15.7) BreedingLocationsComponent - Property-Based Validation Property: Form validation prevents submission with invalid data Required field: state should prevent submission when state is invalid (case 1: undefined) FAILED[39m
	ɵNotFound: NG0201: No provider found for `InjectionToken ToastConfig`. Source: DynamicTestModule. Path: ToastrService -> InjectionToken ToastConfig. Find more at https://v21.angular.dev/errors/NG0201
	error properties: Object({ code: -201, ngErrorCode: -201, ngErrorMessage: 'No provider found for `InjectionToken ToastConfig`.', ngTokenPath: [ 'ToastrService', 'InjectionToken ToastConfig' ] })
	ɵNotFound: NG0201: No provider found for `InjectionToken ToastConfig`. Source: DynamicTestModule. Path: ToastrService -> InjectionToken ToastConfig. Find more at https://v21.angular.dev/errors/NG0201
	    at createRuntimeError (node_modules/@angular/core/fesm2022/_untracked-chunk.mjs:600:17)
	    at NullInjector.get (node_modules/@angular/core/fesm2022/_untracked-chunk.mjs:881:21)
	    at R3Injector.get (node_modules/@angular/core/fesm2022/_untracked-chunk.mjs:1206:27)
	    at R3Injector.get (node_modules/@angular/core/fesm2022/_untracked-chunk.mjs:1206:27)
	    at R3Injector.retrieve (node_modules/@angular/core/fesm2022/_untracked-chunk.mjs:1116:19)
	    at injectInjectorOnly (node_modules/@angular/core/fesm2022/_untracked-chunk.mjs:670:35)
	    at Module.ɵɵinject (node_modules/@angular/core/fesm2022/_untracked-chunk.mjs:682:58)
	    at Object.factory (node_modules/ngx-toastr/fesm2020/ngx-toastr.mjs:16:109)
	    at callback (node_modules/@angular/core/fesm2022/_untracked-chunk.mjs:1311:35)
	    at runInInjectorProfilerContext (node_modules/@angular/core/fesm2022/_untracked-chunk.mjs:442:5)
Chrome Headless 144.0.0.0 (Mac OS 10.15.7): Executed 209 of 317[31m (22 FAILED)[39m (0 secs / 5.433 secs)
[1A[2K[31mChrome Headless 144.0.0.0 (Mac OS 10.15.7) BreedingLocationsComponent - Property-Based Validation Property: Form validation prevents submission with invalid data Required field: state should prevent submission when state is invalid (case 2: "") FAILED[39m
	ɵNotFound: NG0201: No provider found for `InjectionToken ToastConfig`. Source: DynamicTestModule. Path: ToastrService -> InjectionToken ToastConfig. Find more at https://v21.angular.dev/errors/NG0201
	error properties: Object({ code: -201, ngErrorCode: -201, ngErrorMessage: 'No provider found for `InjectionToken ToastConfig`.', ngTokenPath: [ 'ToastrService', 'InjectionToken ToastConfig' ] })
	ɵNotFound: NG0201: No provider found for `InjectionToken ToastConfig`. Source: DynamicTestModule. Path: ToastrService -> InjectionToken ToastConfig. Find more at https://v21.angular.dev/errors/NG0201
	    at createRuntimeError (node_modules/@angular/core/fesm2022/_untracked-chunk.mjs:600:17)
	    at NullInjector.get (node_modules/@angular/core/fesm2022/_untracked-chunk.mjs:881:21)
	    at R3Injector.get (node_modules/@angular/core/fesm2022/_untracked-chunk.mjs:1206:27)
	    at R3Injector.get (node_modules/@angular/core/fesm2022/_untracked-chunk.mjs:1206:27)
	    at R3Injector.retrieve (node_modules/@angular/core/fesm2022/_untracked-chunk.mjs:1116:19)
	    at injectInjectorOnly (node_modules/@angular/core/fesm2022/_untracked-chunk.mjs:670:35)
	    at Module.ɵɵinject (node_modules/@angular/core/fesm2022/_untracked-chunk.mjs:682:58)
	    at Object.factory (node_modules/ngx-toastr/fesm2020/ngx-toastr.mjs:16:109)
	    at callback (node_modules/@angular/core/fesm2022/_untracked-chunk.mjs:1311:35)
	    at runInInjectorProfilerContext (node_modules/@angular/core/fesm2022/_untracked-chunk.mjs:442:5)
Chrome Headless 144.0.0.0 (Mac OS 10.15.7): Executed 210 of 317[31m (23 FAILED)[39m (0 secs / 5.433 secs)
[1A[2K[31mChrome Headless 144.0.0.0 (Mac OS 10.15.7) BreedingLocationsComponent - Property-Based Validation Property: Form validation prevents submission with invalid data should prevent submission when all required fields are empty FAILED[39m
	ɵNotFound: NG0201: No provider found for `InjectionToken ToastConfig`. Source: DynamicTestModule. Path: ToastrService -> InjectionToken ToastConfig. Find more at https://v21.angular.dev/errors/NG0201
	error properties: Object({ code: -201, ngErrorCode: -201, ngErrorMessage: 'No provider found for `InjectionToken ToastConfig`.', ngTokenPath: [ 'ToastrService', 'InjectionToken ToastConfig' ] })
	ɵNotFound: NG0201: No provider found for `InjectionToken ToastConfig`. Source: DynamicTestModule. Path: ToastrService -> InjectionToken ToastConfig. Find more at https://v21.angular.dev/errors/NG0201
	    at createRuntimeError (node_modules/@angular/core/fesm2022/_untracked-chunk.mjs:600:17)
	    at NullInjector.get (node_modules/@angular/core/fesm2022/_untracked-chunk.mjs:881:21)
	    at R3Injector.get (node_modules/@angular/core/fesm2022/_untracked-chunk.mjs:1206:27)
	    at R3Injector.get (node_modules/@angular/core/fesm2022/_untracked-chunk.mjs:1206:27)
	    at R3Injector.retrieve (node_modules/@angular/core/fesm2022/_untracked-chunk.mjs:1116:19)
	    at injectInjectorOnly (node_modules/@angular/core/fesm2022/_untracked-chunk.mjs:670:35)
	    at Module.ɵɵinject (node_modules/@angular/core/fesm2022/_untracked-chunk.mjs:682:58)
	    at Object.factory (node_modules/ngx-toastr/fesm2020/ngx-toastr.mjs:16:109)
	    at callback (node_modules/@angular/core/fesm2022/_untracked-chunk.mjs:1311:35)
	    at runInInjectorProfilerContext (node_modules/@angular/core/fesm2022/_untracked-chunk.mjs:442:5)
Chrome Headless 144.0.0.0 (Mac OS 10.15.7): Executed 211 of 317[31m (24 FAILED)[39m (0 secs / 5.433 secs)
[1A[2K[31mChrome Headless 144.0.0.0 (Mac OS 10.15.7) BreedingLocationsComponent - Property-Based Validation Property: Form validation prevents submission with invalid data Required field: country should prevent submission when country is invalid (case 2: "") FAILED[39m
	ɵNotFound: NG0201: No provider found for `InjectionToken ToastConfig`. Source: DynamicTestModule. Path: ToastrService -> InjectionToken ToastConfig. Find more at https://v21.angular.dev/errors/NG0201
	error properties: Object({ code: -201, ngErrorCode: -201, ngErrorMessage: 'No provider found for `InjectionToken ToastConfig`.', ngTokenPath: [ 'ToastrService', 'InjectionToken ToastConfig' ] })
	ɵNotFound: NG0201: No provider found for `InjectionToken ToastConfig`. Source: DynamicTestModule. Path: ToastrService -> InjectionToken ToastConfig. Find more at https://v21.angular.dev/errors/NG0201
	    at createRuntimeError (node_modules/@angular/core/fesm2022/_untracked-chunk.mjs:600:17)
	    at NullInjector.get (node_modules/@angular/core/fesm2022/_untracked-chunk.mjs:881:21)
	    at R3Injector.get (node_modules/@angular/core/fesm2022/_untracked-chunk.mjs:1206:27)
	    at R3Injector.get (node_modules/@angular/core/fesm2022/_untracked-chunk.mjs:1206:27)
	    at R3Injector.retrieve (node_modules/@angular/core/fesm2022/_untracked-chunk.mjs:1116:19)
	    at injectInjectorOnly (node_modules/@angular/core/fesm2022/_untracked-chunk.mjs:670:35)
	    at Module.ɵɵinject (node_modules/@angular/core/fesm2022/_untracked-chunk.mjs:682:58)
	    at Object.factory (node_modules/ngx-toastr/fesm2020/ngx-toastr.mjs:16:109)
	    at callback (node_modules/@angular/core/fesm2022/_untracked-chunk.mjs:1311:35)
	    at runInInjectorProfilerContext (node_modules/@angular/core/fesm2022/_untracked-chunk.mjs:442:5)
Chrome Headless 144.0.0.0 (Mac OS 10.15.7): Executed 212 of 317[31m (25 FAILED)[39m (0 secs / 5.434 secs)
[1A[2K[31mChrome Headless 144.0.0.0 (Mac OS 10.15.7) BreedingLocationsComponent - Property-Based Validation Property: Form validation prevents submission with invalid data Required field: country should prevent submission when country is invalid (case 1: undefined) FAILED[39m
	ɵNotFound: NG0201: No provider found for `InjectionToken ToastConfig`. Source: DynamicTestModule. Path: ToastrService -> InjectionToken ToastConfig. Find more at https://v21.angular.dev/errors/NG0201
	error properties: Object({ code: -201, ngErrorCode: -201, ngErrorMessage: 'No provider found for `InjectionToken ToastConfig`.', ngTokenPath: [ 'ToastrService', 'InjectionToken ToastConfig' ] })
	ɵNotFound: NG0201: No provider found for `InjectionToken ToastConfig`. Source: DynamicTestModule. Path: ToastrService -> InjectionToken ToastConfig. Find more at https://v21.angular.dev/errors/NG0201
	    at createRuntimeError (node_modules/@angular/core/fesm2022/_untracked-chunk.mjs:600:17)
	    at NullInjector.get (node_modules/@angular/core/fesm2022/_untracked-chunk.mjs:881:21)
	    at R3Injector.get (node_modules/@angular/core/fesm2022/_untracked-chunk.mjs:1206:27)
	    at R3Injector.get (node_modules/@angular/core/fesm2022/_untracked-chunk.mjs:1206:27)
	    at R3Injector.retrieve (node_modules/@angular/core/fesm2022/_untracked-chunk.mjs:1116:19)
	    at injectInjectorOnly (node_modules/@angular/core/fesm2022/_untracked-chunk.mjs:670:35)
	    at Module.ɵɵinject (node_modules/@angular/core/fesm2022/_untracked-chunk.mjs:682:58)
	    at Object.factory (node_modules/ngx-toastr/fesm2020/ngx-toastr.mjs:16:109)
	    at callback (node_modules/@angular/core/fesm2022/_untracked-chunk.mjs:1311:35)
	    at runInInjectorProfilerContext (node_modules/@angular/core/fesm2022/_untracked-chunk.mjs:442:5)
Chrome Headless 144.0.0.0 (Mac OS 10.15.7): Executed 213 of 317[31m (26 FAILED)[39m (0 secs / 5.434 secs)
[1A[2K[31mChrome Headless 144.0.0.0 (Mac OS 10.15.7) BreedingLocationsComponent - Property-Based Validation Property: Form validation prevents submission with invalid data Required field: country should allow submission when country has valid value FAILED[39m
	ɵNotFound: NG0201: No provider found for `InjectionToken ToastConfig`. Source: DynamicTestModule. Path: ToastrService -> InjectionToken ToastConfig. Find more at https://v21.angular.dev/errors/NG0201
	error properties: Object({ code: -201, ngErrorCode: -201, ngErrorMessage: 'No provider found for `InjectionToken ToastConfig`.', ngTokenPath: [ 'ToastrService', 'InjectionToken ToastConfig' ] })
	ɵNotFound: NG0201: No provider found for `InjectionToken ToastConfig`. Source: DynamicTestModule. Path: ToastrService -> InjectionToken ToastConfig. Find more at https://v21.angular.dev/errors/NG0201
	    at createRuntimeError (node_modules/@angular/core/fesm2022/_untracked-chunk.mjs:600:17)
	    at NullInjector.get (node_modules/@angular/core/fesm2022/_untracked-chunk.mjs:881:21)
	    at R3Injector.get (node_modules/@angular/core/fesm2022/_untracked-chunk.mjs:1206:27)
	    at R3Injector.get (node_modules/@angular/core/fesm2022/_untracked-chunk.mjs:1206:27)
	    at R3Injector.retrieve (node_modules/@angular/core/fesm2022/_untracked-chunk.mjs:1116:19)
	    at injectInjectorOnly (node_modules/@angular/core/fesm2022/_untracked-chunk.mjs:670:35)
	    at Module.ɵɵinject (node_modules/@angular/core/fesm2022/_untracked-chunk.mjs:682:58)
	    at Object.factory (node_modules/ngx-toastr/fesm2020/ngx-toastr.mjs:16:109)
	    at callback (node_modules/@angular/core/fesm2022/_untracked-chunk.mjs:1311:35)
	    at runInInjectorProfilerContext (node_modules/@angular/core/fesm2022/_untracked-chunk.mjs:442:5)
Chrome Headless 144.0.0.0 (Mac OS 10.15.7): Executed 214 of 317[31m (27 FAILED)[39m (0 secs / 5.434 secs)
[1A[2K[31mChrome Headless 144.0.0.0 (Mac OS 10.15.7) BreedingLocationsComponent - Property-Based Validation Property: Form validation prevents submission with invalid data Required field: country should prevent submission when country is invalid (case 0: null) FAILED[39m
	ɵNotFound: NG0201: No provider found for `InjectionToken ToastConfig`. Source: DynamicTestModule. Path: ToastrService -> InjectionToken ToastConfig. Find more at https://v21.angular.dev/errors/NG0201
	error properties: Object({ code: -201, ngErrorCode: -201, ngErrorMessage: 'No provider found for `InjectionToken ToastConfig`.', ngTokenPath: [ 'ToastrService', 'InjectionToken ToastConfig' ] })
	ɵNotFound: NG0201: No provider found for `InjectionToken ToastConfig`. Source: DynamicTestModule. Path: ToastrService -> InjectionToken ToastConfig. Find more at https://v21.angular.dev/errors/NG0201
	    at createRuntimeError (node_modules/@angular/core/fesm2022/_untracked-chunk.mjs:600:17)
	    at NullInjector.get (node_modules/@angular/core/fesm2022/_untracked-chunk.mjs:881:21)
	    at R3Injector.get (node_modules/@angular/core/fesm2022/_untracked-chunk.mjs:1206:27)
	    at R3Injector.get (node_modules/@angular/core/fesm2022/_untracked-chunk.mjs:1206:27)
	    at R3Injector.retrieve (node_modules/@angular/core/fesm2022/_untracked-chunk.mjs:1116:19)
	    at injectInjectorOnly (node_modules/@angular/core/fesm2022/_untracked-chunk.mjs:670:35)
	    at Module.ɵɵinject (node_modules/@angular/core/fesm2022/_untracked-chunk.mjs:682:58)
	    at Object.factory (node_modules/ngx-toastr/fesm2020/ngx-toastr.mjs:16:109)
	    at callback (node_modules/@angular/core/fesm2022/_untracked-chunk.mjs:1311:35)
	    at runInInjectorProfilerContext (node_modules/@angular/core/fesm2022/_untracked-chunk.mjs:442:5)
Chrome Headless 144.0.0.0 (Mac OS 10.15.7): Executed 215 of 317[31m (28 FAILED)[39m (0 secs / 5.435 secs)
[1A[2K[31mChrome Headless 144.0.0.0 (Mac OS 10.15.7) BreedingLocationsComponent - Property-Based Validation Property: Form validation prevents submission with invalid data should prevent submission with multiple invalid fields (name and address1) FAILED[39m
	ɵNotFound: NG0201: No provider found for `InjectionToken ToastConfig`. Source: DynamicTestModule. Path: ToastrService -> InjectionToken ToastConfig. Find more at https://v21.angular.dev/errors/NG0201
	error properties: Object({ code: -201, ngErrorCode: -201, ngErrorMessage: 'No provider found for `InjectionToken ToastConfig`.', ngTokenPath: [ 'ToastrService', 'InjectionToken ToastConfig' ] })
	ɵNotFound: NG0201: No provider found for `InjectionToken ToastConfig`. Source: DynamicTestModule. Path: ToastrService -> InjectionToken ToastConfig. Find more at https://v21.angular.dev/errors/NG0201
	    at createRuntimeError (node_modules/@angular/core/fesm2022/_untracked-chunk.mjs:600:17)
	    at NullInjector.get (node_modules/@angular/core/fesm2022/_untracked-chunk.mjs:881:21)
	    at R3Injector.get (node_modules/@angular/core/fesm2022/_untracked-chunk.mjs:1206:27)
	    at R3Injector.get (node_modules/@angular/core/fesm2022/_untracked-chunk.mjs:1206:27)
	    at R3Injector.retrieve (node_modules/@angular/core/fesm2022/_untracked-chunk.mjs:1116:19)
	    at injectInjectorOnly (node_modules/@angular/core/fesm2022/_untracked-chunk.mjs:670:35)
	    at Module.ɵɵinject (node_modules/@angular/core/fesm2022/_untracked-chunk.mjs:682:58)
	    at Object.factory (node_modules/ngx-toastr/fesm2020/ngx-toastr.mjs:16:109)
	    at callback (node_modules/@angular/core/fesm2022/_untracked-chunk.mjs:1311:35)
	    at runInInjectorProfilerContext (node_modules/@angular/core/fesm2022/_untracked-chunk.mjs:442:5)
Chrome Headless 144.0.0.0 (Mac OS 10.15.7): Executed 216 of 317[31m (29 FAILED)[39m (0 secs / 5.435 secs)
[1A[2K[31mChrome Headless 144.0.0.0 (Mac OS 10.15.7) BreedingLocationsComponent - Property-Based Validation Property: Form validation prevents submission with invalid data Required field: zipcode should prevent submission when zipcode is invalid (case 0: null) FAILED[39m
	ɵNotFound: NG0201: No provider found for `InjectionToken ToastConfig`. Source: DynamicTestModule. Path: ToastrService -> InjectionToken ToastConfig. Find more at https://v21.angular.dev/errors/NG0201
	error properties: Object({ code: -201, ngErrorCode: -201, ngErrorMessage: 'No provider found for `InjectionToken ToastConfig`.', ngTokenPath: [ 'ToastrService', 'InjectionToken ToastConfig' ] })
	ɵNotFound: NG0201: No provider found for `InjectionToken ToastConfig`. Source: DynamicTestModule. Path: ToastrService -> InjectionToken ToastConfig. Find more at https://v21.angular.dev/errors/NG0201
	    at createRuntimeError (node_modules/@angular/core/fesm2022/_untracked-chunk.mjs:600:17)
	    at NullInjector.get (node_modules/@angular/core/fesm2022/_untracked-chunk.mjs:881:21)
	    at R3Injector.get (node_modules/@angular/core/fesm2022/_untracked-chunk.mjs:1206:27)
	    at R3Injector.get (node_modules/@angular/core/fesm2022/_untracked-chunk.mjs:1206:27)
	    at R3Injector.retrieve (node_modules/@angular/core/fesm2022/_untracked-chunk.mjs:1116:19)
	    at injectInjectorOnly (node_modules/@angular/core/fesm2022/_untracked-chunk.mjs:670:35)
	    at Module.ɵɵinject (node_modules/@angular/core/fesm2022/_untracked-chunk.mjs:682:58)
	    at Object.factory (node_modules/ngx-toastr/fesm2020/ngx-toastr.mjs:16:109)
	    at callback (node_modules/@angular/core/fesm2022/_untracked-chunk.mjs:1311:35)
	    at runInInjectorProfilerContext (node_modules/@angular/core/fesm2022/_untracked-chunk.mjs:442:5)
Chrome Headless 144.0.0.0 (Mac OS 10.15.7): Executed 217 of 317[31m (30 FAILED)[39m (0 secs / 5.435 secs)
[1A[2K[31mChrome Headless 144.0.0.0 (Mac OS 10.15.7) BreedingLocationsComponent - Property-Based Validation Property: Form validation prevents submission with invalid data Required field: zipcode should prevent submission when zipcode is invalid (case 2: "") FAILED[39m
	ɵNotFound: NG0201: No provider found for `InjectionToken ToastConfig`. Source: DynamicTestModule. Path: ToastrService -> InjectionToken ToastConfig. Find more at https://v21.angular.dev/errors/NG0201
	error properties: Object({ code: -201, ngErrorCode: -201, ngErrorMessage: 'No provider found for `InjectionToken ToastConfig`.', ngTokenPath: [ 'ToastrService', 'InjectionToken ToastConfig' ] })
	ɵNotFound: NG0201: No provider found for `InjectionToken ToastConfig`. Source: DynamicTestModule. Path: ToastrService -> InjectionToken ToastConfig. Find more at https://v21.angular.dev/errors/NG0201
	    at createRuntimeError (node_modules/@angular/core/fesm2022/_untracked-chunk.mjs:600:17)
	    at NullInjector.get (node_modules/@angular/core/fesm2022/_untracked-chunk.mjs:881:21)
	    at R3Injector.get (node_modules/@angular/core/fesm2022/_untracked-chunk.mjs:1206:27)
	    at R3Injector.get (node_modules/@angular/core/fesm2022/_untracked-chunk.mjs:1206:27)
	    at R3Injector.retrieve (node_modules/@angular/core/fesm2022/_untracked-chunk.mjs:1116:19)
	    at injectInjectorOnly (node_modules/@angular/core/fesm2022/_untracked-chunk.mjs:670:35)
	    at Module.ɵɵinject (node_modules/@angular/core/fesm2022/_untracked-chunk.mjs:682:58)
	    at Object.factory (node_modules/ngx-toastr/fesm2020/ngx-toastr.mjs:16:109)
	    at callback (node_modules/@angular/core/fesm2022/_untracked-chunk.mjs:1311:35)
	    at runInInjectorProfilerContext (node_modules/@angular/core/fesm2022/_untracked-chunk.mjs:442:5)
Chrome Headless 144.0.0.0 (Mac OS 10.15.7): Executed 218 of 317[31m (31 FAILED)[39m (0 secs / 5.436 secs)
[1A[2K[31mChrome Headless 144.0.0.0 (Mac OS 10.15.7) BreedingLocationsComponent - Property-Based Validation Property: Form validation prevents submission with invalid data Required field: zipcode should prevent submission when zipcode is invalid (case 1: undefined) FAILED[39m
	ɵNotFound: NG0201: No provider found for `InjectionToken ToastConfig`. Source: DynamicTestModule. Path: ToastrService -> InjectionToken ToastConfig. Find more at https://v21.angular.dev/errors/NG0201
	error properties: Object({ code: -201, ngErrorCode: -201, ngErrorMessage: 'No provider found for `InjectionToken ToastConfig`.', ngTokenPath: [ 'ToastrService', 'InjectionToken ToastConfig' ] })
	ɵNotFound: NG0201: No provider found for `InjectionToken ToastConfig`. Source: DynamicTestModule. Path: ToastrService -> InjectionToken ToastConfig. Find more at https://v21.angular.dev/errors/NG0201
	    at createRuntimeError (node_modules/@angular/core/fesm2022/_untracked-chunk.mjs:600:17)
	    at NullInjector.get (node_modules/@angular/core/fesm2022/_untracked-chunk.mjs:881:21)
	    at R3Injector.get (node_modules/@angular/core/fesm2022/_untracked-chunk.mjs:1206:27)
	    at R3Injector.get (node_modules/@angular/core/fesm2022/_untracked-chunk.mjs:1206:27)
	    at R3Injector.retrieve (node_modules/@angular/core/fesm2022/_untracked-chunk.mjs:1116:19)
	    at injectInjectorOnly (node_modules/@angular/core/fesm2022/_untracked-chunk.mjs:670:35)
	    at Module.ɵɵinject (node_modules/@angular/core/fesm2022/_untracked-chunk.mjs:682:58)
	    at Object.factory (node_modules/ngx-toastr/fesm2020/ngx-toastr.mjs:16:109)
	    at callback (node_modules/@angular/core/fesm2022/_untracked-chunk.mjs:1311:35)
	    at runInInjectorProfilerContext (node_modules/@angular/core/fesm2022/_untracked-chunk.mjs:442:5)
Chrome Headless 144.0.0.0 (Mac OS 10.15.7): Executed 219 of 317[31m (32 FAILED)[39m (0 secs / 5.436 secs)
[1A[2K[31mChrome Headless 144.0.0.0 (Mac OS 10.15.7) BreedingLocationsComponent - Property-Based Validation Property: Form validation prevents submission with invalid data Required field: zipcode should allow submission when zipcode has valid value FAILED[39m
	ɵNotFound: NG0201: No provider found for `InjectionToken ToastConfig`. Source: DynamicTestModule. Path: ToastrService -> InjectionToken ToastConfig. Find more at https://v21.angular.dev/errors/NG0201
	error properties: Object({ code: -201, ngErrorCode: -201, ngErrorMessage: 'No provider found for `InjectionToken ToastConfig`.', ngTokenPath: [ 'ToastrService', 'InjectionToken ToastConfig' ] })
	ɵNotFound: NG0201: No provider found for `InjectionToken ToastConfig`. Source: DynamicTestModule. Path: ToastrService -> InjectionToken ToastConfig. Find more at https://v21.angular.dev/errors/NG0201
	    at createRuntimeError (node_modules/@angular/core/fesm2022/_untracked-chunk.mjs:600:17)
	    at NullInjector.get (node_modules/@angular/core/fesm2022/_untracked-chunk.mjs:881:21)
	    at R3Injector.get (node_modules/@angular/core/fesm2022/_untracked-chunk.mjs:1206:27)
	    at R3Injector.get (node_modules/@angular/core/fesm2022/_untracked-chunk.mjs:1206:27)
	    at R3Injector.retrieve (node_modules/@angular/core/fesm2022/_untracked-chunk.mjs:1116:19)
	    at injectInjectorOnly (node_modules/@angular/core/fesm2022/_untracked-chunk.mjs:670:35)
	    at Module.ɵɵinject (node_modules/@angular/core/fesm2022/_untracked-chunk.mjs:682:58)
	    at Object.factory (node_modules/ngx-toastr/fesm2020/ngx-toastr.mjs:16:109)
	    at callback (node_modules/@angular/core/fesm2022/_untracked-chunk.mjs:1311:35)
	    at runInInjectorProfilerContext (node_modules/@angular/core/fesm2022/_untracked-chunk.mjs:442:5)
Chrome Headless 144.0.0.0 (Mac OS 10.15.7): Executed 220 of 317[31m (33 FAILED)[39m (0 secs / 5.437 secs)
[1A[2K[31mChrome Headless 144.0.0.0 (Mac OS 10.15.7) BreedingLocationsComponent - Property-Based Validation Property: Form validation prevents submission with invalid data should pass validation with all valid required fields FAILED[39m
	ɵNotFound: NG0201: No provider found for `InjectionToken ToastConfig`. Source: DynamicTestModule. Path: ToastrService -> InjectionToken ToastConfig. Find more at https://v21.angular.dev/errors/NG0201
	error properties: Object({ code: -201, ngErrorCode: -201, ngErrorMessage: 'No provider found for `InjectionToken ToastConfig`.', ngTokenPath: [ 'ToastrService', 'InjectionToken ToastConfig' ] })
	ɵNotFound: NG0201: No provider found for `InjectionToken ToastConfig`. Source: DynamicTestModule. Path: ToastrService -> InjectionToken ToastConfig. Find more at https://v21.angular.dev/errors/NG0201
	    at createRuntimeError (node_modules/@angular/core/fesm2022/_untracked-chunk.mjs:600:17)
	    at NullInjector.get (node_modules/@angular/core/fesm2022/_untracked-chunk.mjs:881:21)
	    at R3Injector.get (node_modules/@angular/core/fesm2022/_untracked-chunk.mjs:1206:27)
	    at R3Injector.get (node_modules/@angular/core/fesm2022/_untracked-chunk.mjs:1206:27)
	    at R3Injector.retrieve (node_modules/@angular/core/fesm2022/_untracked-chunk.mjs:1116:19)
	    at injectInjectorOnly (node_modules/@angular/core/fesm2022/_untracked-chunk.mjs:670:35)
	    at Module.ɵɵinject (node_modules/@angular/core/fesm2022/_untracked-chunk.mjs:682:58)
	    at Object.factory (node_modules/ngx-toastr/fesm2020/ngx-toastr.mjs:16:109)
	    at callback (node_modules/@angular/core/fesm2022/_untracked-chunk.mjs:1311:35)
	    at runInInjectorProfilerContext (node_modules/@angular/core/fesm2022/_untracked-chunk.mjs:442:5)
Chrome Headless 144.0.0.0 (Mac OS 10.15.7): Executed 221 of 317[31m (34 FAILED)[39m (0 secs / 5.438 secs)
[1A[2K[31mChrome Headless 144.0.0.0 (Mac OS 10.15.7) BreedingLocationsComponent - Property-Based Validation Property: Form validation prevents submission with invalid data Required field: city should prevent submission when city is invalid (case 0: null) FAILED[39m
	ɵNotFound: NG0201: No provider found for `InjectionToken ToastConfig`. Source: DynamicTestModule. Path: ToastrService -> InjectionToken ToastConfig. Find more at https://v21.angular.dev/errors/NG0201
	error properties: Object({ code: -201, ngErrorCode: -201, ngErrorMessage: 'No provider found for `InjectionToken ToastConfig`.', ngTokenPath: [ 'ToastrService', 'InjectionToken ToastConfig' ] })
	ɵNotFound: NG0201: No provider found for `InjectionToken ToastConfig`. Source: DynamicTestModule. Path: ToastrService -> InjectionToken ToastConfig. Find more at https://v21.angular.dev/errors/NG0201
	    at createRuntimeError (node_modules/@angular/core/fesm2022/_untracked-chunk.mjs:600:17)
	    at NullInjector.get (node_modules/@angular/core/fesm2022/_untracked-chunk.mjs:881:21)
	    at R3Injector.get (node_modules/@angular/core/fesm2022/_untracked-chunk.mjs:1206:27)
	    at R3Injector.get (node_modules/@angular/core/fesm2022/_untracked-chunk.mjs:1206:27)
	    at R3Injector.retrieve (node_modules/@angular/core/fesm2022/_untracked-chunk.mjs:1116:19)
	    at injectInjectorOnly (node_modules/@angular/core/fesm2022/_untracked-chunk.mjs:670:35)
	    at Module.ɵɵinject (node_modules/@angular/core/fesm2022/_untracked-chunk.mjs:682:58)
	    at Object.factory (node_modules/ngx-toastr/fesm2020/ngx-toastr.mjs:16:109)
	    at callback (node_modules/@angular/core/fesm2022/_untracked-chunk.mjs:1311:35)
	    at runInInjectorProfilerContext (node_modules/@angular/core/fesm2022/_untracked-chunk.mjs:442:5)
Chrome Headless 144.0.0.0 (Mac OS 10.15.7): Executed 222 of 317[31m (35 FAILED)[39m (0 secs / 5.438 secs)
[1A[2K[31mChrome Headless 144.0.0.0 (Mac OS 10.15.7) BreedingLocationsComponent - Property-Based Validation Property: Form validation prevents submission with invalid data Required field: city should allow submission when city has valid value FAILED[39m
	ɵNotFound: NG0201: No provider found for `InjectionToken ToastConfig`. Source: DynamicTestModule. Path: ToastrService -> InjectionToken ToastConfig. Find more at https://v21.angular.dev/errors/NG0201
	error properties: Object({ code: -201, ngErrorCode: -201, ngErrorMessage: 'No provider found for `InjectionToken ToastConfig`.', ngTokenPath: [ 'ToastrService', 'InjectionToken ToastConfig' ] })
	ɵNotFound: NG0201: No provider found for `InjectionToken ToastConfig`. Source: DynamicTestModule. Path: ToastrService -> InjectionToken ToastConfig. Find more at https://v21.angular.dev/errors/NG0201
	    at createRuntimeError (node_modules/@angular/core/fesm2022/_untracked-chunk.mjs:600:17)
	    at NullInjector.get (node_modules/@angular/core/fesm2022/_untracked-chunk.mjs:881:21)
	    at R3Injector.get (node_modules/@angular/core/fesm2022/_untracked-chunk.mjs:1206:27)
	    at R3Injector.get (node_modules/@angular/core/fesm2022/_untracked-chunk.mjs:1206:27)
	    at R3Injector.retrieve (node_modules/@angular/core/fesm2022/_untracked-chunk.mjs:1116:19)
	    at injectInjectorOnly (node_modules/@angular/core/fesm2022/_untracked-chunk.mjs:670:35)
	    at Module.ɵɵinject (node_modules/@angular/core/fesm2022/_untracked-chunk.mjs:682:58)
	    at Object.factory (node_modules/ngx-toastr/fesm2020/ngx-toastr.mjs:16:109)
	    at callback (node_modules/@angular/core/fesm2022/_untracked-chunk.mjs:1311:35)
	    at runInInjectorProfilerContext (node_modules/@angular/core/fesm2022/_untracked-chunk.mjs:442:5)
Chrome Headless 144.0.0.0 (Mac OS 10.15.7): Executed 223 of 317[31m (36 FAILED)[39m (0 secs / 5.439 secs)
[1A[2K[31mChrome Headless 144.0.0.0 (Mac OS 10.15.7) BreedingLocationsComponent - Property-Based Validation Property: Form validation prevents submission with invalid data Required field: city should prevent submission when city is invalid (case 1: undefined) FAILED[39m
	ɵNotFound: NG0201: No provider found for `InjectionToken ToastConfig`. Source: DynamicTestModule. Path: ToastrService -> InjectionToken ToastConfig. Find more at https://v21.angular.dev/errors/NG0201
	error properties: Object({ code: -201, ngErrorCode: -201, ngErrorMessage: 'No provider found for `InjectionToken ToastConfig`.', ngTokenPath: [ 'ToastrService', 'InjectionToken ToastConfig' ] })
	ɵNotFound: NG0201: No provider found for `InjectionToken ToastConfig`. Source: DynamicTestModule. Path: ToastrService -> InjectionToken ToastConfig. Find more at https://v21.angular.dev/errors/NG0201
	    at createRuntimeError (node_modules/@angular/core/fesm2022/_untracked-chunk.mjs:600:17)
	    at NullInjector.get (node_modules/@angular/core/fesm2022/_untracked-chunk.mjs:881:21)
	    at R3Injector.get (node_modules/@angular/core/fesm2022/_untracked-chunk.mjs:1206:27)
	    at R3Injector.get (node_modules/@angular/core/fesm2022/_untracked-chunk.mjs:1206:27)
	    at R3Injector.retrieve (node_modules/@angular/core/fesm2022/_untracked-chunk.mjs:1116:19)
	    at injectInjectorOnly (node_modules/@angular/core/fesm2022/_untracked-chunk.mjs:670:35)
	    at Module.ɵɵinject (node_modules/@angular/core/fesm2022/_untracked-chunk.mjs:682:58)
	    at Object.factory (node_modules/ngx-toastr/fesm2020/ngx-toastr.mjs:16:109)
	    at callback (node_modules/@angular/core/fesm2022/_untracked-chunk.mjs:1311:35)
	    at runInInjectorProfilerContext (node_modules/@angular/core/fesm2022/_untracked-chunk.mjs:442:5)
Chrome Headless 144.0.0.0 (Mac OS 10.15.7): Executed 224 of 317[31m (37 FAILED)[39m (0 secs / 5.44 secs)
[1A[2K[31mChrome Headless 144.0.0.0 (Mac OS 10.15.7) BreedingLocationsComponent - Property-Based Validation Property: Form validation prevents submission with invalid data Required field: city should prevent submission when city is invalid (case 2: "") FAILED[39m
	ɵNotFound: NG0201: No provider found for `InjectionToken ToastConfig`. Source: DynamicTestModule. Path: ToastrService -> InjectionToken ToastConfig. Find more at https://v21.angular.dev/errors/NG0201
	error properties: Object({ code: -201, ngErrorCode: -201, ngErrorMessage: 'No provider found for `InjectionToken ToastConfig`.', ngTokenPath: [ 'ToastrService', 'InjectionToken ToastConfig' ] })
	ɵNotFound: NG0201: No provider found for `InjectionToken ToastConfig`. Source: DynamicTestModule. Path: ToastrService -> InjectionToken ToastConfig. Find more at https://v21.angular.dev/errors/NG0201
	    at createRuntimeError (node_modules/@angular/core/fesm2022/_untracked-chunk.mjs:600:17)
	    at NullInjector.get (node_modules/@angular/core/fesm2022/_untracked-chunk.mjs:881:21)
	    at R3Injector.get (node_modules/@angular/core/fesm2022/_untracked-chunk.mjs:1206:27)
	    at R3Injector.get (node_modules/@angular/core/fesm2022/_untracked-chunk.mjs:1206:27)
	    at R3Injector.retrieve (node_modules/@angular/core/fesm2022/_untracked-chunk.mjs:1116:19)
	    at injectInjectorOnly (node_modules/@angular/core/fesm2022/_untracked-chunk.mjs:670:35)
	    at Module.ɵɵinject (node_modules/@angular/core/fesm2022/_untracked-chunk.mjs:682:58)
	    at Object.factory (node_modules/ngx-toastr/fesm2020/ngx-toastr.mjs:16:109)
	    at callback (node_modules/@angular/core/fesm2022/_untracked-chunk.mjs:1311:35)
	    at runInInjectorProfilerContext (node_modules/@angular/core/fesm2022/_untracked-chunk.mjs:442:5)
Chrome Headless 144.0.0.0 (Mac OS 10.15.7): Executed 225 of 317[31m (38 FAILED)[39m (0 secs / 5.44 secs)
[1A[2K[31mChrome Headless 144.0.0.0 (Mac OS 10.15.7) BreedingLocationsComponent - Property-Based Validation Property: Form validation prevents submission with invalid data Required field: address1 should allow submission when address1 has valid value FAILED[39m
	ɵNotFound: NG0201: No provider found for `InjectionToken ToastConfig`. Source: DynamicTestModule. Path: ToastrService -> InjectionToken ToastConfig. Find more at https://v21.angular.dev/errors/NG0201
	error properties: Object({ code: -201, ngErrorCode: -201, ngErrorMessage: 'No provider found for `InjectionToken ToastConfig`.', ngTokenPath: [ 'ToastrService', 'InjectionToken ToastConfig' ] })
	ɵNotFound: NG0201: No provider found for `InjectionToken ToastConfig`. Source: DynamicTestModule. Path: ToastrService -> InjectionToken ToastConfig. Find more at https://v21.angular.dev/errors/NG0201
	    at createRuntimeError (node_modules/@angular/core/fesm2022/_untracked-chunk.mjs:600:17)
	    at NullInjector.get (node_modules/@angular/core/fesm2022/_untracked-chunk.mjs:881:21)
	    at R3Injector.get (node_modules/@angular/core/fesm2022/_untracked-chunk.mjs:1206:27)
	    at R3Injector.get (node_modules/@angular/core/fesm2022/_untracked-chunk.mjs:1206:27)
	    at R3Injector.retrieve (node_modules/@angular/core/fesm2022/_untracked-chunk.mjs:1116:19)
	    at injectInjectorOnly (node_modules/@angular/core/fesm2022/_untracked-chunk.mjs:670:35)
	    at Module.ɵɵinject (node_modules/@angular/core/fesm2022/_untracked-chunk.mjs:682:58)
	    at Object.factory (node_modules/ngx-toastr/fesm2020/ngx-toastr.mjs:16:109)
	    at callback (node_modules/@angular/core/fesm2022/_untracked-chunk.mjs:1311:35)
	    at runInInjectorProfilerContext (node_modules/@angular/core/fesm2022/_untracked-chunk.mjs:442:5)
Chrome Headless 144.0.0.0 (Mac OS 10.15.7): Executed 226 of 317[31m (39 FAILED)[39m (0 secs / 5.441 secs)
[1A[2K[31mChrome Headless 144.0.0.0 (Mac OS 10.15.7) BreedingLocationsComponent - Property-Based Validation Property: Form validation prevents submission with invalid data Required field: address1 should prevent submission when address1 is invalid (case 0: null) FAILED[39m
	ɵNotFound: NG0201: No provider found for `InjectionToken ToastConfig`. Source: DynamicTestModule. Path: ToastrService -> InjectionToken ToastConfig. Find more at https://v21.angular.dev/errors/NG0201
	error properties: Object({ code: -201, ngErrorCode: -201, ngErrorMessage: 'No provider found for `InjectionToken ToastConfig`.', ngTokenPath: [ 'ToastrService', 'InjectionToken ToastConfig' ] })
	ɵNotFound: NG0201: No provider found for `InjectionToken ToastConfig`. Source: DynamicTestModule. Path: ToastrService -> InjectionToken ToastConfig. Find more at https://v21.angular.dev/errors/NG0201
	    at createRuntimeError (node_modules/@angular/core/fesm2022/_untracked-chunk.mjs:600:17)
	    at NullInjector.get (node_modules/@angular/core/fesm2022/_untracked-chunk.mjs:881:21)
	    at R3Injector.get (node_modules/@angular/core/fesm2022/_untracked-chunk.mjs:1206:27)
	    at R3Injector.get (node_modules/@angular/core/fesm2022/_untracked-chunk.mjs:1206:27)
	    at R3Injector.retrieve (node_modules/@angular/core/fesm2022/_untracked-chunk.mjs:1116:19)
	    at injectInjectorOnly (node_modules/@angular/core/fesm2022/_untracked-chunk.mjs:670:35)
	    at Module.ɵɵinject (node_modules/@angular/core/fesm2022/_untracked-chunk.mjs:682:58)
	    at Object.factory (node_modules/ngx-toastr/fesm2020/ngx-toastr.mjs:16:109)
	    at callback (node_modules/@angular/core/fesm2022/_untracked-chunk.mjs:1311:35)
	    at runInInjectorProfilerContext (node_modules/@angular/core/fesm2022/_untracked-chunk.mjs:442:5)
Chrome Headless 144.0.0.0 (Mac OS 10.15.7): Executed 227 of 317[31m (40 FAILED)[39m (0 secs / 5.441 secs)
[1A[2K[31mChrome Headless 144.0.0.0 (Mac OS 10.15.7) BreedingLocationsComponent - Property-Based Validation Property: Form validation prevents submission with invalid data Required field: address1 should prevent submission when address1 is invalid (case 2: "") FAILED[39m
	ɵNotFound: NG0201: No provider found for `InjectionToken ToastConfig`. Source: DynamicTestModule. Path: ToastrService -> InjectionToken ToastConfig. Find more at https://v21.angular.dev/errors/NG0201
	error properties: Object({ code: -201, ngErrorCode: -201, ngErrorMessage: 'No provider found for `InjectionToken ToastConfig`.', ngTokenPath: [ 'ToastrService', 'InjectionToken ToastConfig' ] })
	ɵNotFound: NG0201: No provider found for `InjectionToken ToastConfig`. Source: DynamicTestModule. Path: ToastrService -> InjectionToken ToastConfig. Find more at https://v21.angular.dev/errors/NG0201
	    at createRuntimeError (node_modules/@angular/core/fesm2022/_untracked-chunk.mjs:600:17)
	    at NullInjector.get (node_modules/@angular/core/fesm2022/_untracked-chunk.mjs:881:21)
	    at R3Injector.get (node_modules/@angular/core/fesm2022/_untracked-chunk.mjs:1206:27)
	    at R3Injector.get (node_modules/@angular/core/fesm2022/_untracked-chunk.mjs:1206:27)
	    at R3Injector.retrieve (node_modules/@angular/core/fesm2022/_untracked-chunk.mjs:1116:19)
	    at injectInjectorOnly (node_modules/@angular/core/fesm2022/_untracked-chunk.mjs:670:35)
	    at Module.ɵɵinject (node_modules/@angular/core/fesm2022/_untracked-chunk.mjs:682:58)
	    at Object.factory (node_modules/ngx-toastr/fesm2020/ngx-toastr.mjs:16:109)
	    at callback (node_modules/@angular/core/fesm2022/_untracked-chunk.mjs:1311:35)
	    at runInInjectorProfilerContext (node_modules/@angular/core/fesm2022/_untracked-chunk.mjs:442:5)
Chrome Headless 144.0.0.0 (Mac OS 10.15.7): Executed 228 of 317[31m (41 FAILED)[39m (0 secs / 5.442 secs)
[1A[2K[31mChrome Headless 144.0.0.0 (Mac OS 10.15.7) BreedingLocationsComponent - Property-Based Validation Property: Form validation prevents submission with invalid data Required field: address1 should prevent submission when address1 is invalid (case 1: undefined) FAILED[39m
	ɵNotFound: NG0201: No provider found for `InjectionToken ToastConfig`. Source: DynamicTestModule. Path: ToastrService -> InjectionToken ToastConfig. Find more at https://v21.angular.dev/errors/NG0201
	error properties: Object({ code: -201, ngErrorCode: -201, ngErrorMessage: 'No provider found for `InjectionToken ToastConfig`.', ngTokenPath: [ 'ToastrService', 'InjectionToken ToastConfig' ] })
	ɵNotFound: NG0201: No provider found for `InjectionToken ToastConfig`. Source: DynamicTestModule. Path: ToastrService -> InjectionToken ToastConfig. Find more at https://v21.angular.dev/errors/NG0201
	    at createRuntimeError (node_modules/@angular/core/fesm2022/_untracked-chunk.mjs:600:17)
	    at NullInjector.get (node_modules/@angular/core/fesm2022/_untracked-chunk.mjs:881:21)
	    at R3Injector.get (node_modules/@angular/core/fesm2022/_untracked-chunk.mjs:1206:27)
	    at R3Injector.get (node_modules/@angular/core/fesm2022/_untracked-chunk.mjs:1206:27)
	    at R3Injector.retrieve (node_modules/@angular/core/fesm2022/_untracked-chunk.mjs:1116:19)
	    at injectInjectorOnly (node_modules/@angular/core/fesm2022/_untracked-chunk.mjs:670:35)
	    at Module.ɵɵinject (node_modules/@angular/core/fesm2022/_untracked-chunk.mjs:682:58)
	    at Object.factory (node_modules/ngx-toastr/fesm2020/ngx-toastr.mjs:16:109)
	    at callback (node_modules/@angular/core/fesm2022/_untracked-chunk.mjs:1311:35)
	    at runInInjectorProfilerContext (node_modules/@angular/core/fesm2022/_untracked-chunk.mjs:442:5)
Chrome Headless 144.0.0.0 (Mac OS 10.15.7): Executed 229 of 317[31m (42 FAILED)[39m (0 secs / 5.443 secs)
[1A[2K[31mChrome Headless 144.0.0.0 (Mac OS 10.15.7) BreedingLocationsComponent - Property-Based Validation Property: Form validation prevents submission with invalid data Required field: name should allow submission when name has valid value FAILED[39m
	ɵNotFound: NG0201: No provider found for `InjectionToken ToastConfig`. Source: DynamicTestModule. Path: ToastrService -> InjectionToken ToastConfig. Find more at https://v21.angular.dev/errors/NG0201
	error properties: Object({ code: -201, ngErrorCode: -201, ngErrorMessage: 'No provider found for `InjectionToken ToastConfig`.', ngTokenPath: [ 'ToastrService', 'InjectionToken ToastConfig' ] })
	ɵNotFound: NG0201: No provider found for `InjectionToken ToastConfig`. Source: DynamicTestModule. Path: ToastrService -> InjectionToken ToastConfig. Find more at https://v21.angular.dev/errors/NG0201
	    at createRuntimeError (node_modules/@angular/core/fesm2022/_untracked-chunk.mjs:600:17)
	    at NullInjector.get (node_modules/@angular/core/fesm2022/_untracked-chunk.mjs:881:21)
	    at R3Injector.get (node_modules/@angular/core/fesm2022/_untracked-chunk.mjs:1206:27)
	    at R3Injector.get (node_modules/@angular/core/fesm2022/_untracked-chunk.mjs:1206:27)
	    at R3Injector.retrieve (node_modules/@angular/core/fesm2022/_untracked-chunk.mjs:1116:19)
	    at injectInjectorOnly (node_modules/@angular/core/fesm2022/_untracked-chunk.mjs:670:35)
	    at Module.ɵɵinject (node_modules/@angular/core/fesm2022/_untracked-chunk.mjs:682:58)
	    at Object.factory (node_modules/ngx-toastr/fesm2020/ngx-toastr.mjs:16:109)
	    at callback (node_modules/@angular/core/fesm2022/_untracked-chunk.mjs:1311:35)
	    at runInInjectorProfilerContext (node_modules/@angular/core/fesm2022/_untracked-chunk.mjs:442:5)
Chrome Headless 144.0.0.0 (Mac OS 10.15.7): Executed 230 of 317[31m (43 FAILED)[39m (0 secs / 5.443 secs)
[1A[2K[31mChrome Headless 144.0.0.0 (Mac OS 10.15.7) BreedingLocationsComponent - Property-Based Validation Property: Form validation prevents submission with invalid data Required field: name should prevent submission when name is invalid (case 0: null) FAILED[39m
	ɵNotFound: NG0201: No provider found for `InjectionToken ToastConfig`. Source: DynamicTestModule. Path: ToastrService -> InjectionToken ToastConfig. Find more at https://v21.angular.dev/errors/NG0201
	error properties: Object({ code: -201, ngErrorCode: -201, ngErrorMessage: 'No provider found for `InjectionToken ToastConfig`.', ngTokenPath: [ 'ToastrService', 'InjectionToken ToastConfig' ] })
	ɵNotFound: NG0201: No provider found for `InjectionToken ToastConfig`. Source: DynamicTestModule. Path: ToastrService -> InjectionToken ToastConfig. Find more at https://v21.angular.dev/errors/NG0201
	    at createRuntimeError (node_modules/@angular/core/fesm2022/_untracked-chunk.mjs:600:17)
	    at NullInjector.get (node_modules/@angular/core/fesm2022/_untracked-chunk.mjs:881:21)
	    at R3Injector.get (node_modules/@angular/core/fesm2022/_untracked-chunk.mjs:1206:27)
	    at R3Injector.get (node_modules/@angular/core/fesm2022/_untracked-chunk.mjs:1206:27)
	    at R3Injector.retrieve (node_modules/@angular/core/fesm2022/_untracked-chunk.mjs:1116:19)
	    at injectInjectorOnly (node_modules/@angular/core/fesm2022/_untracked-chunk.mjs:670:35)
	    at Module.ɵɵinject (node_modules/@angular/core/fesm2022/_untracked-chunk.mjs:682:58)
	    at Object.factory (node_modules/ngx-toastr/fesm2020/ngx-toastr.mjs:16:109)
	    at callback (node_modules/@angular/core/fesm2022/_untracked-chunk.mjs:1311:35)
	    at runInInjectorProfilerContext (node_modules/@angular/core/fesm2022/_untracked-chunk.mjs:442:5)
Chrome Headless 144.0.0.0 (Mac OS 10.15.7): Executed 231 of 317[31m (44 FAILED)[39m (0 secs / 5.444 secs)
[1A[2K[31mChrome Headless 144.0.0.0 (Mac OS 10.15.7) BreedingLocationsComponent - Property-Based Validation Property: Form validation prevents submission with invalid data Required field: name should prevent submission when name is invalid (case 2: "") FAILED[39m
	ɵNotFound: NG0201: No provider found for `InjectionToken ToastConfig`. Source: DynamicTestModule. Path: ToastrService -> InjectionToken ToastConfig. Find more at https://v21.angular.dev/errors/NG0201
	error properties: Object({ code: -201, ngErrorCode: -201, ngErrorMessage: 'No provider found for `InjectionToken ToastConfig`.', ngTokenPath: [ 'ToastrService', 'InjectionToken ToastConfig' ] })
	ɵNotFound: NG0201: No provider found for `InjectionToken ToastConfig`. Source: DynamicTestModule. Path: ToastrService -> InjectionToken ToastConfig. Find more at https://v21.angular.dev/errors/NG0201
	    at createRuntimeError (node_modules/@angular/core/fesm2022/_untracked-chunk.mjs:600:17)
	    at NullInjector.get (node_modules/@angular/core/fesm2022/_untracked-chunk.mjs:881:21)
	    at R3Injector.get (node_modules/@angular/core/fesm2022/_untracked-chunk.mjs:1206:27)
	    at R3Injector.get (node_modules/@angular/core/fesm2022/_untracked-chunk.mjs:1206:27)
	    at R3Injector.retrieve (node_modules/@angular/core/fesm2022/_untracked-chunk.mjs:1116:19)
	    at injectInjectorOnly (node_modules/@angular/core/fesm2022/_untracked-chunk.mjs:670:35)
	    at Module.ɵɵinject (node_modules/@angular/core/fesm2022/_untracked-chunk.mjs:682:58)
	    at Object.factory (node_modules/ngx-toastr/fesm2020/ngx-toastr.mjs:16:109)
	    at callback (node_modules/@angular/core/fesm2022/_untracked-chunk.mjs:1311:35)
	    at runInInjectorProfilerContext (node_modules/@angular/core/fesm2022/_untracked-chunk.mjs:442:5)
Chrome Headless 144.0.0.0 (Mac OS 10.15.7): Executed 232 of 317[31m (45 FAILED)[39m (0 secs / 5.445 secs)
[1A[2K[31mChrome Headless 144.0.0.0 (Mac OS 10.15.7) BreedingLocationsComponent - Property-Based Validation Property: Form validation prevents submission with invalid data Required field: name should prevent submission when name is invalid (case 1: undefined) FAILED[39m
	ɵNotFound: NG0201: No provider found for `InjectionToken ToastConfig`. Source: DynamicTestModule. Path: ToastrService -> InjectionToken ToastConfig. Find more at https://v21.angular.dev/errors/NG0201
	error properties: Object({ code: -201, ngErrorCode: -201, ngErrorMessage: 'No provider found for `InjectionToken ToastConfig`.', ngTokenPath: [ 'ToastrService', 'InjectionToken ToastConfig' ] })
	ɵNotFound: NG0201: No provider found for `InjectionToken ToastConfig`. Source: DynamicTestModule. Path: ToastrService -> InjectionToken ToastConfig. Find more at https://v21.angular.dev/errors/NG0201
	    at createRuntimeError (node_modules/@angular/core/fesm2022/_untracked-chunk.mjs:600:17)
	    at NullInjector.get (node_modules/@angular/core/fesm2022/_untracked-chunk.mjs:881:21)
	    at R3Injector.get (node_modules/@angular/core/fesm2022/_untracked-chunk.mjs:1206:27)
	    at R3Injector.get (node_modules/@angular/core/fesm2022/_untracked-chunk.mjs:1206:27)
	    at R3Injector.retrieve (node_modules/@angular/core/fesm2022/_untracked-chunk.mjs:1116:19)
	    at injectInjectorOnly (node_modules/@angular/core/fesm2022/_untracked-chunk.mjs:670:35)
	    at Module.ɵɵinject (node_modules/@angular/core/fesm2022/_untracked-chunk.mjs:682:58)
	    at Object.factory (node_modules/ngx-toastr/fesm2020/ngx-toastr.mjs:16:109)
	    at callback (node_modules/@angular/core/fesm2022/_untracked-chunk.mjs:1311:35)
	    at runInInjectorProfilerContext (node_modules/@angular/core/fesm2022/_untracked-chunk.mjs:442:5)
Chrome Headless 144.0.0.0 (Mac OS 10.15.7): Executed 233 of 317[31m (46 FAILED)[39m (0 secs / 5.445 secs)
[1A[2K[31mChrome Headless 144.0.0.0 (Mac OS 10.15.7) BreedingLocationsComponent - Property-Based Validation Property: Validation error messages are displayed should not display validation errors for untouched fields FAILED[39m
	ɵNotFound: NG0201: No provider found for `InjectionToken ToastConfig`. Source: DynamicTestModule. Path: ToastrService -> InjectionToken ToastConfig. Find more at https://v21.angular.dev/errors/NG0201
	error properties: Object({ code: -201, ngErrorCode: -201, ngErrorMessage: 'No provider found for `InjectionToken ToastConfig`.', ngTokenPath: [ 'ToastrService', 'InjectionToken ToastConfig' ] })
	ɵNotFound: NG0201: No provider found for `InjectionToken ToastConfig`. Source: DynamicTestModule. Path: ToastrService -> InjectionToken ToastConfig. Find more at https://v21.angular.dev/errors/NG0201
	    at createRuntimeError (node_modules/@angular/core/fesm2022/_untracked-chunk.mjs:600:17)
	    at NullInjector.get (node_modules/@angular/core/fesm2022/_untracked-chunk.mjs:881:21)
	    at R3Injector.get (node_modules/@angular/core/fesm2022/_untracked-chunk.mjs:1206:27)
	    at R3Injector.get (node_modules/@angular/core/fesm2022/_untracked-chunk.mjs:1206:27)
	    at R3Injector.retrieve (node_modules/@angular/core/fesm2022/_untracked-chunk.mjs:1116:19)
	    at injectInjectorOnly (node_modules/@angular/core/fesm2022/_untracked-chunk.mjs:670:35)
	    at Module.ɵɵinject (node_modules/@angular/core/fesm2022/_untracked-chunk.mjs:682:58)
	    at Object.factory (node_modules/ngx-toastr/fesm2020/ngx-toastr.mjs:16:109)
	    at callback (node_modules/@angular/core/fesm2022/_untracked-chunk.mjs:1311:35)
	    at runInInjectorProfilerContext (node_modules/@angular/core/fesm2022/_untracked-chunk.mjs:442:5)
Chrome Headless 144.0.0.0 (Mac OS 10.15.7): Executed 234 of 317[31m (47 FAILED)[39m (0 secs / 5.445 secs)
[1A[2K[31mChrome Headless 144.0.0.0 (Mac OS 10.15.7) BreedingLocationsComponent - Property-Based Validation Property: Validation error messages are displayed should display validation error only after field is touched FAILED[39m
	ɵNotFound: NG0201: No provider found for `InjectionToken ToastConfig`. Source: DynamicTestModule. Path: ToastrService -> InjectionToken ToastConfig. Find more at https://v21.angular.dev/errors/NG0201
	error properties: Object({ code: -201, ngErrorCode: -201, ngErrorMessage: 'No provider found for `InjectionToken ToastConfig`.', ngTokenPath: [ 'ToastrService', 'InjectionToken ToastConfig' ] })
	ɵNotFound: NG0201: No provider found for `InjectionToken ToastConfig`. Source: DynamicTestModule. Path: ToastrService -> InjectionToken ToastConfig. Find more at https://v21.angular.dev/errors/NG0201
	    at createRuntimeError (node_modules/@angular/core/fesm2022/_untracked-chunk.mjs:600:17)
	    at NullInjector.get (node_modules/@angular/core/fesm2022/_untracked-chunk.mjs:881:21)
	    at R3Injector.get (node_modules/@angular/core/fesm2022/_untracked-chunk.mjs:1206:27)
	    at R3Injector.get (node_modules/@angular/core/fesm2022/_untracked-chunk.mjs:1206:27)
	    at R3Injector.retrieve (node_modules/@angular/core/fesm2022/_untracked-chunk.mjs:1116:19)
	    at injectInjectorOnly (node_modules/@angular/core/fesm2022/_untracked-chunk.mjs:670:35)
	    at Module.ɵɵinject (node_modules/@angular/core/fesm2022/_untracked-chunk.mjs:682:58)
	    at Object.factory (node_modules/ngx-toastr/fesm2020/ngx-toastr.mjs:16:109)
	    at callback (node_modules/@angular/core/fesm2022/_untracked-chunk.mjs:1311:35)
	    at runInInjectorProfilerContext (node_modules/@angular/core/fesm2022/_untracked-chunk.mjs:442:5)
Chrome Headless 144.0.0.0 (Mac OS 10.15.7): Executed 235 of 317[31m (48 FAILED)[39m (0 secs / 5.446 secs)
[1A[2K[31mChrome Headless 144.0.0.0 (Mac OS 10.15.7) BreedingLocationsComponent - Property-Based Validation Property: Validation error messages are displayed should display validation errors for all invalid required fields FAILED[39m
	ɵNotFound: NG0201: No provider found for `InjectionToken ToastConfig`. Source: DynamicTestModule. Path: ToastrService -> InjectionToken ToastConfig. Find more at https://v21.angular.dev/errors/NG0201
	error properties: Object({ code: -201, ngErrorCode: -201, ngErrorMessage: 'No provider found for `InjectionToken ToastConfig`.', ngTokenPath: [ 'ToastrService', 'InjectionToken ToastConfig' ] })
	ɵNotFound: NG0201: No provider found for `InjectionToken ToastConfig`. Source: DynamicTestModule. Path: ToastrService -> InjectionToken ToastConfig. Find more at https://v21.angular.dev/errors/NG0201
	    at createRuntimeError (node_modules/@angular/core/fesm2022/_untracked-chunk.mjs:600:17)
	    at NullInjector.get (node_modules/@angular/core/fesm2022/_untracked-chunk.mjs:881:21)
	    at R3Injector.get (node_modules/@angular/core/fesm2022/_untracked-chunk.mjs:1206:27)
	    at R3Injector.get (node_modules/@angular/core/fesm2022/_untracked-chunk.mjs:1206:27)
	    at R3Injector.retrieve (node_modules/@angular/core/fesm2022/_untracked-chunk.mjs:1116:19)
	    at injectInjectorOnly (node_modules/@angular/core/fesm2022/_untracked-chunk.mjs:670:35)
	    at Module.ɵɵinject (node_modules/@angular/core/fesm2022/_untracked-chunk.mjs:682:58)
	    at Object.factory (node_modules/ngx-toastr/fesm2020/ngx-toastr.mjs:16:109)
	    at callback (node_modules/@angular/core/fesm2022/_untracked-chunk.mjs:1311:35)
	    at runInInjectorProfilerContext (node_modules/@angular/core/fesm2022/_untracked-chunk.mjs:442:5)
Chrome Headless 144.0.0.0 (Mac OS 10.15.7): Executed 236 of 317[31m (49 FAILED)[39m (0 secs / 5.447 secs)
[1A[2KChrome Headless 144.0.0.0 (Mac OS 10.15.7): Executed 237 of 317[31m (49 FAILED)[39m (0 secs / 5.45 secs)
[1A[2KChrome Headless 144.0.0.0 (Mac OS 10.15.7): Executed 238 of 317[31m (49 FAILED)[39m (0 secs / 5.451 secs)
[1A[2KChrome Headless 144.0.0.0 (Mac OS 10.15.7): Executed 239 of 317[31m (49 FAILED)[39m (0 secs / 5.451 secs)
[1A[2K[31mChrome Headless 144.0.0.0 (Mac OS 10.15.7) TopMenuComponent Active Route Highlighting should mark Home as active when on root route FAILED[39m
	Expected undefined to be true.
	    at <Jasmine>
	    at UserContext.apply (src/app/components/top-menu/top-menu.component.spec.ts:141:54)
	    at _ZoneDelegate.invoke (node_modules/zone.js/fesm2015/zone.js:398:28)
	    at ProxyZoneSpec.onInvoke (node_modules/zone.js/fesm2015/zone-testing.js:2132:39)
	    at _ZoneDelegate.invoke (node_modules/zone.js/fesm2015/zone.js:397:34)
Chrome Headless 144.0.0.0 (Mac OS 10.15.7): Executed 240 of 317[31m (50 FAILED)[39m (0 secs / 5.451 secs)
[1A[2K[31mChrome Headless 144.0.0.0 (Mac OS 10.15.7) TopMenuComponent Active Route Highlighting should mark Home as active when route is empty string FAILED[39m
	Expected undefined to be true.
	    at <Jasmine>
	    at UserContext.apply (src/app/components/top-menu/top-menu.component.spec.ts:148:54)
	    at _ZoneDelegate.invoke (node_modules/zone.js/fesm2015/zone.js:398:28)
	    at ProxyZoneSpec.onInvoke (node_modules/zone.js/fesm2015/zone-testing.js:2132:39)
	    at _ZoneDelegate.invoke (node_modules/zone.js/fesm2015/zone.js:397:34)
Chrome Headless 144.0.0.0 (Mac OS 10.15.7): Executed 241 of 317[31m (51 FAILED)[39m (0 secs / 5.452 secs)
[1A[2KChrome Headless 144.0.0.0 (Mac OS 10.15.7): Executed 242 of 317[31m (51 FAILED)[39m (0 secs / 5.453 secs)
[1A[2KChrome Headless 144.0.0.0 (Mac OS 10.15.7): Executed 243 of 317[31m (51 FAILED)[39m (0 secs / 5.453 secs)
[1A[2KChrome Headless 144.0.0.0 (Mac OS 10.15.7): Executed 244 of 317[31m (51 FAILED)[39m (0 secs / 5.454 secs)
[1A[2KChrome Headless 144.0.0.0 (Mac OS 10.15.7): Executed 245 of 317[31m (51 FAILED)[39m (0 secs / 5.455 secs)
[1A[2K[31mChrome Headless 144.0.0.0 (Mac OS 10.15.7) TopMenuComponent Authentication State - Authenticated should not show Sign In link when authenticated FAILED[39m
	Expected <a _ngcontent-a-c1712869566 href="/login" class="nav-link">...</a> to be null.
	    at <Jasmine>
	    at UserContext.apply (src/app/components/top-menu/top-menu.component.spec.ts:102:26)
	    at _ZoneDelegate.invoke (node_modules/zone.js/fesm2015/zone.js:398:28)
	    at ProxyZoneSpec.onInvoke (node_modules/zone.js/fesm2015/zone-testing.js:2132:39)
	    at _ZoneDelegate.invoke (node_modules/zone.js/fesm2015/zone.js:397:34)
Chrome Headless 144.0.0.0 (Mac OS 10.15.7): Executed 246 of 317[31m (52 FAILED)[39m (0 secs / 5.456 secs)
[1A[2K[31mChrome Headless 144.0.0.0 (Mac OS 10.15.7) TopMenuComponent Authentication State - Authenticated should not show Get Started link when authenticated FAILED[39m
	Expected <a _ngcontent-a-c1712869566 href="/register" class="nav-link">...</a> to be null.
	    at <Jasmine>
	    at UserContext.apply (src/app/components/top-menu/top-menu.component.spec.ts:107:30)
	    at _ZoneDelegate.invoke (node_modules/zone.js/fesm2015/zone.js:398:28)
	    at ProxyZoneSpec.onInvoke (node_modules/zone.js/fesm2015/zone-testing.js:2132:39)
	    at _ZoneDelegate.invoke (node_modules/zone.js/fesm2015/zone.js:397:34)
Chrome Headless 144.0.0.0 (Mac OS 10.15.7): Executed 247 of 317[31m (53 FAILED)[39m (0 secs / 5.457 secs)
[1A[2K[31mChrome Headless 144.0.0.0 (Mac OS 10.15.7) TopMenuComponent Authentication State - Authenticated should show profile menu when authenticated FAILED[39m
	Expected null to be truthy.
	    at <Jasmine>
	    at UserContext.apply (src/app/components/top-menu/top-menu.component.spec.ts:97:27)
	    at _ZoneDelegate.invoke (node_modules/zone.js/fesm2015/zone.js:398:28)
	    at ProxyZoneSpec.onInvoke (node_modules/zone.js/fesm2015/zone-testing.js:2132:39)
	    at _ZoneDelegate.invoke (node_modules/zone.js/fesm2015/zone.js:397:34)
Chrome Headless 144.0.0.0 (Mac OS 10.15.7): Executed 248 of 317[31m (54 FAILED)[39m (0 secs / 5.458 secs)
[1A[2K[31mChrome Headless 144.0.0.0 (Mac OS 10.15.7) TopMenuComponent Authentication State - Authenticated should show Dashboard link when authenticated FAILED[39m
	Expected undefined to contain 'Dashboard'.
	    at <Jasmine>
	    at UserContext.apply (src/app/components/top-menu/top-menu.component.spec.ts:92:42)
	    at _ZoneDelegate.invoke (node_modules/zone.js/fesm2015/zone.js:398:28)
	    at ProxyZoneSpec.onInvoke (node_modules/zone.js/fesm2015/zone-testing.js:2132:39)
	    at _ZoneDelegate.invoke (node_modules/zone.js/fesm2015/zone.js:397:34)
Chrome Headless 144.0.0.0 (Mac OS 10.15.7): Executed 249 of 317[31m (55 FAILED)[39m (0 secs / 5.459 secs)
[1A[2KChrome Headless 144.0.0.0 (Mac OS 10.15.7): Executed 250 of 317[31m (55 FAILED)[39m (0 secs / 5.459 secs)
[1A[2KChrome Headless 144.0.0.0 (Mac OS 10.15.7): Executed 251 of 317[31m (55 FAILED)[39m (0 secs / 5.459 secs)
[1A[2KChrome Headless 144.0.0.0 (Mac OS 10.15.7): Executed 252 of 317[31m (55 FAILED)[39m (0 secs / 5.46 secs)
[1A[2KChrome Headless 144.0.0.0 (Mac OS 10.15.7): Executed 253 of 317[31m (55 FAILED)[39m (0 secs / 5.46 secs)
[1A[2K[31mChrome Headless 144.0.0.0 (Mac OS 10.15.7) TopMenuComponent Property 9: Profile Menu Visibility should show profile menu if and only if valid authentication token exists FAILED[39m
	Expected null to be truthy 'Profile menu should be visible when token is "valid-token-123" (test case 1)'.
	    at <Jasmine>
	    at forEach (src/app/components/top-menu/top-menu.component.spec.ts:182:31)
	    at Array.forEach (<anonymous>)
	    at UserContext.apply (src/app/components/top-menu/top-menu.component.spec.ts:167:18)
	    at _ZoneDelegate.invoke (node_modules/zone.js/fesm2015/zone.js:398:28)
	Expected null to be truthy 'Profile menu should be visible when token is "another-valid-token" (test case 2)'.
	    at <Jasmine>
	    at forEach (src/app/components/top-menu/top-menu.component.spec.ts:182:31)
	    at Array.forEach (<anonymous>)
	    at UserContext.apply (src/app/components/top-menu/top-menu.component.spec.ts:167:18)
	    at _ZoneDelegate.invoke (node_modules/zone.js/fesm2015/zone.js:398:28)
	Expected null to be truthy 'Profile menu should be visible when token is "token-after-logout" (test case 6)'.
	    at <Jasmine>
	    at forEach (src/app/components/top-menu/top-menu.component.spec.ts:182:31)
	    at Array.forEach (<anonymous>)
	    at UserContext.apply (src/app/components/top-menu/top-menu.component.spec.ts:167:18)
	    at _ZoneDelegate.invoke (node_modules/zone.js/fesm2015/zone.js:398:28)
Chrome Headless 144.0.0.0 (Mac OS 10.15.7): Executed 254 of 317[31m (56 FAILED)[39m (0 secs / 5.461 secs)
[1A[2K[31mChrome Headless 144.0.0.0 (Mac OS 10.15.7) TopMenuComponent Property 9: Profile Menu Visibility should maintain profile menu visibility across component re-renders when authenticated FAILED[39m
	Expected null to be truthy 'Profile menu should remain visible after render 1'.
	    at <Jasmine>
	    at UserContext.apply (src/app/components/top-menu/top-menu.component.spec.ts:201:29)
	    at _ZoneDelegate.invoke (node_modules/zone.js/fesm2015/zone.js:398:28)
	    at ProxyZoneSpec.onInvoke (node_modules/zone.js/fesm2015/zone-testing.js:2132:39)
	    at _ZoneDelegate.invoke (node_modules/zone.js/fesm2015/zone.js:397:34)
	Expected null to be truthy 'Profile menu should remain visible after render 2'.
	    at <Jasmine>
	    at UserContext.apply (src/app/components/top-menu/top-menu.component.spec.ts:201:29)
	    at _ZoneDelegate.invoke (node_modules/zone.js/fesm2015/zone.js:398:28)
	    at ProxyZoneSpec.onInvoke (node_modules/zone.js/fesm2015/zone-testing.js:2132:39)
	    at _ZoneDelegate.invoke (node_modules/zone.js/fesm2015/zone.js:397:34)
	Expected null to be truthy 'Profile menu should remain visible after render 3'.
	    at <Jasmine>
	    at UserContext.apply (src/app/components/top-menu/top-menu.component.spec.ts:201:29)
	    at _ZoneDelegate.invoke (node_modules/zone.js/fesm2015/zone.js:398:28)
	    at ProxyZoneSpec.onInvoke (node_modules/zone.js/fesm2015/zone-testing.js:2132:39)
	    at _ZoneDelegate.invoke (node_modules/zone.js/fesm2015/zone.js:397:34)
	Expected null to be truthy 'Profile menu should remain visible after render 4'.
	    at <Jasmine>
	    at UserContext.apply (src/app/components/top-menu/top-menu.component.spec.ts:201:29)
	    at _ZoneDelegate.invoke (node_modules/zone.js/fesm2015/zone.js:398:28)
	    at ProxyZoneSpec.onInvoke (node_modules/zone.js/fesm2015/zone-testing.js:2132:39)
	    at _ZoneDelegate.invoke (node_modules/zone.js/fesm2015/zone.js:397:34)
	Expected null to be truthy 'Profile menu should remain visible after render 5'.
	    at <Jasmine>
	    at UserContext.apply (src/app/components/top-menu/top-menu.component.spec.ts:201:29)
	    at _ZoneDelegate.invoke (node_modules/zone.js/fesm2015/zone.js:398:28)
	    at ProxyZoneSpec.onInvoke (node_modules/zone.js/fesm2015/zone-testing.js:2132:39)
	    at _ZoneDelegate.invoke (node_modules/zone.js/fesm2015/zone.js:397:34)
Chrome Headless 144.0.0.0 (Mac OS 10.15.7): Executed 255 of 317[31m (57 FAILED)[39m (0 secs / 5.462 secs)
[1A[2K[31mChrome Headless 144.0.0.0 (Mac OS 10.15.7) TopMenuComponent Property 9: Profile Menu Visibility should hide profile menu immediately when token is removed FAILED[39m
	Expected null to be truthy 'Profile menu should be visible initially'.
	    at <Jasmine>
	    at UserContext.apply (src/app/components/top-menu/top-menu.component.spec.ts:212:27)
	    at _ZoneDelegate.invoke (node_modules/zone.js/fesm2015/zone.js:398:28)
	    at ProxyZoneSpec.onInvoke (node_modules/zone.js/fesm2015/zone-testing.js:2132:39)
	    at _ZoneDelegate.invoke (node_modules/zone.js/fesm2015/zone.js:397:34)
Chrome Headless 144.0.0.0 (Mac OS 10.15.7): Executed 256 of 317[31m (58 FAILED)[39m (0 secs / 5.463 secs)
[1A[2K[31mChrome Headless 144.0.0.0 (Mac OS 10.15.7) TopMenuComponent Property 9: Profile Menu Visibility should show profile menu immediately when token is added FAILED[39m
	Expected null to be truthy 'Profile menu should be visible after token is added'.
	    at <Jasmine>
	    at UserContext.apply (src/app/components/top-menu/top-menu.component.spec.ts:232:27)
	    at _ZoneDelegate.invoke (node_modules/zone.js/fesm2015/zone.js:398:28)
	    at ProxyZoneSpec.onInvoke (node_modules/zone.js/fesm2015/zone-testing.js:2132:39)
	    at _ZoneDelegate.invoke (node_modules/zone.js/fesm2015/zone.js:397:34)
Chrome Headless 144.0.0.0 (Mac OS 10.15.7): Executed 257 of 317[31m (59 FAILED)[39m (0 secs / 5.464 secs)
[1A[2KLOG: [36m'LitterModalComponent ngOnInit'[39m
Chrome Headless 144.0.0.0 (Mac OS 10.15.7): Executed 257 of 317[31m (59 FAILED)[39m (0 secs / 5.464 secs)
LOG: 'LitterModalComponent ngOnInit'
[1A[2KLOG: [36m'Modal visibility changed:', true[39m
Chrome Headless 144.0.0.0 (Mac OS 10.15.7): Executed 257 of 317[31m (59 FAILED)[39m (0 secs / 5.464 secs)
LOG: 'Modal visibility changed:', true
[1A[2KChrome Headless 144.0.0.0 (Mac OS 10.15.7): Executed 258 of 317[31m (59 FAILED)[39m (0 secs / 5.477 secs)
[1A[2KLOG: [36m'LitterModalComponent ngOnInit'[39m
Chrome Headless 144.0.0.0 (Mac OS 10.15.7): Executed 258 of 317[31m (59 FAILED)[39m (0 secs / 5.477 secs)
LOG: 'LitterModalComponent ngOnInit'
[1A[2KLOG: [36m'Modal visibility changed:', true[39m
Chrome Headless 144.0.0.0 (Mac OS 10.15.7): Executed 258 of 317[31m (59 FAILED)[39m (0 secs / 5.477 secs)
LOG: 'Modal visibility changed:', true
[1A[2KChrome Headless 144.0.0.0 (Mac OS 10.15.7): Executed 259 of 317[31m (59 FAILED)[39m (0 secs / 5.478 secs)
[1A[2KLOG: [36m'LitterModalComponent ngOnInit'[39m
Chrome Headless 144.0.0.0 (Mac OS 10.15.7): Executed 259 of 317[31m (59 FAILED)[39m (0 secs / 5.478 secs)
LOG: 'LitterModalComponent ngOnInit'
[1A[2KLOG: [36m'Modal visibility changed:', true[39m
Chrome Headless 144.0.0.0 (Mac OS 10.15.7): Executed 259 of 317[31m (59 FAILED)[39m (0 secs / 5.478 secs)
LOG: 'Modal visibility changed:', true
[1A[2KChrome Headless 144.0.0.0 (Mac OS 10.15.7): Executed 260 of 317[31m (59 FAILED)[39m (0 secs / 5.479 secs)
[1A[2KLOG: [36m'LitterModalComponent ngOnInit'[39m
Chrome Headless 144.0.0.0 (Mac OS 10.15.7): Executed 260 of 317[31m (59 FAILED)[39m (0 secs / 5.479 secs)
LOG: 'LitterModalComponent ngOnInit'
[1A[2KLOG: [36m'Modal visibility changed:', true[39m
Chrome Headless 144.0.0.0 (Mac OS 10.15.7): Executed 260 of 317[31m (59 FAILED)[39m (0 secs / 5.479 secs)
LOG: 'Modal visibility changed:', true
[1A[2KChrome Headless 144.0.0.0 (Mac OS 10.15.7): Executed 261 of 317[31m (59 FAILED)[39m (0 secs / 5.48 secs)
[1A[2KLOG: [36m'LitterModalComponent ngOnInit'[39m
Chrome Headless 144.0.0.0 (Mac OS 10.15.7): Executed 261 of 317[31m (59 FAILED)[39m (0 secs / 5.48 secs)
LOG: 'LitterModalComponent ngOnInit'
[1A[2KLOG: [36m'Modal visibility changed:', true[39m
Chrome Headless 144.0.0.0 (Mac OS 10.15.7): Executed 261 of 317[31m (59 FAILED)[39m (0 secs / 5.48 secs)
LOG: 'Modal visibility changed:', true
[1A[2KChrome Headless 144.0.0.0 (Mac OS 10.15.7): Executed 262 of 317[31m (59 FAILED)[39m (0 secs / 5.48 secs)
[1A[2KLOG: [36m'LitterModalComponent ngOnInit'[39m
Chrome Headless 144.0.0.0 (Mac OS 10.15.7): Executed 262 of 317[31m (59 FAILED)[39m (0 secs / 5.48 secs)
LOG: 'LitterModalComponent ngOnInit'
[1A[2KLOG: [36m'Modal visibility changed:', true[39m
Chrome Headless 144.0.0.0 (Mac OS 10.15.7): Executed 262 of 317[31m (59 FAILED)[39m (0 secs / 5.48 secs)
LOG: 'Modal visibility changed:', true
[1A[2KChrome Headless 144.0.0.0 (Mac OS 10.15.7): Executed 263 of 317[31m (59 FAILED)[39m (0 secs / 5.481 secs)
[1A[2KLOG: [36m'LitterModalComponent ngOnInit'[39m
Chrome Headless 144.0.0.0 (Mac OS 10.15.7): Executed 263 of 317[31m (59 FAILED)[39m (0 secs / 5.481 secs)
LOG: 'LitterModalComponent ngOnInit'
[1A[2KLOG: [36m'Modal visibility changed:', true[39m
Chrome Headless 144.0.0.0 (Mac OS 10.15.7): Executed 263 of 317[31m (59 FAILED)[39m (0 secs / 5.481 secs)
LOG: 'Modal visibility changed:', true
[1A[2KChrome Headless 144.0.0.0 (Mac OS 10.15.7): Executed 264 of 317[31m (59 FAILED)[39m (0 secs / 5.482 secs)
[1A[2KLOG: [36m'LitterModalComponent ngOnInit'[39m
Chrome Headless 144.0.0.0 (Mac OS 10.15.7): Executed 264 of 317[31m (59 FAILED)[39m (0 secs / 5.482 secs)
LOG: 'LitterModalComponent ngOnInit'
[1A[2KLOG: [36m'Modal visibility changed:', true[39m
Chrome Headless 144.0.0.0 (Mac OS 10.15.7): Executed 264 of 317[31m (59 FAILED)[39m (0 secs / 5.482 secs)
LOG: 'Modal visibility changed:', true
[1A[2KChrome Headless 144.0.0.0 (Mac OS 10.15.7): Executed 265 of 317[31m (59 FAILED)[39m (0 secs / 5.483 secs)
[1A[2KLOG: [36m'LitterModalComponent ngOnInit'[39m
Chrome Headless 144.0.0.0 (Mac OS 10.15.7): Executed 265 of 317[31m (59 FAILED)[39m (0 secs / 5.483 secs)
LOG: 'LitterModalComponent ngOnInit'
[1A[2KLOG: [36m'Modal visibility changed:', true[39m
Chrome Headless 144.0.0.0 (Mac OS 10.15.7): Executed 265 of 317[31m (59 FAILED)[39m (0 secs / 5.483 secs)
LOG: 'Modal visibility changed:', true
[1A[2KChrome Headless 144.0.0.0 (Mac OS 10.15.7): Executed 266 of 317[31m (59 FAILED)[39m (0 secs / 5.484 secs)
[1A[2KLOG: [36m'LitterModalComponent ngOnInit'[39m
Chrome Headless 144.0.0.0 (Mac OS 10.15.7): Executed 266 of 317[31m (59 FAILED)[39m (0 secs / 5.484 secs)
LOG: 'LitterModalComponent ngOnInit'
[1A[2KLOG: [36m'Modal visibility changed:', true[39m
Chrome Headless 144.0.0.0 (Mac OS 10.15.7): Executed 266 of 317[31m (59 FAILED)[39m (0 secs / 5.484 secs)
LOG: 'Modal visibility changed:', true
[1A[2KChrome Headless 144.0.0.0 (Mac OS 10.15.7): Executed 267 of 317[31m (59 FAILED)[39m (0 secs / 5.485 secs)
[1A[2KLOG: [36m'LitterModalComponent ngOnInit'[39m
Chrome Headless 144.0.0.0 (Mac OS 10.15.7): Executed 267 of 317[31m (59 FAILED)[39m (0 secs / 5.485 secs)
LOG: 'LitterModalComponent ngOnInit'
[1A[2KLOG: [36m'Modal visibility changed:', true[39m
Chrome Headless 144.0.0.0 (Mac OS 10.15.7): Executed 267 of 317[31m (59 FAILED)[39m (0 secs / 5.485 secs)
LOG: 'Modal visibility changed:', true
[1A[2KChrome Headless 144.0.0.0 (Mac OS 10.15.7): Executed 268 of 317[31m (59 FAILED)[39m (0 secs / 5.486 secs)
[1A[2KLOG: [36m'LitterModalComponent ngOnInit'[39m
Chrome Headless 144.0.0.0 (Mac OS 10.15.7): Executed 268 of 317[31m (59 FAILED)[39m (0 secs / 5.486 secs)
LOG: 'LitterModalComponent ngOnInit'
[1A[2KLOG: [36m'Modal visibility changed:', true[39m
Chrome Headless 144.0.0.0 (Mac OS 10.15.7): Executed 268 of 317[31m (59 FAILED)[39m (0 secs / 5.486 secs)
LOG: 'Modal visibility changed:', true
[1A[2KChrome Headless 144.0.0.0 (Mac OS 10.15.7): Executed 269 of 317[31m (59 FAILED)[39m (0 secs / 5.487 secs)
[1A[2KLOG: [36m'LitterModalComponent ngOnInit'[39m
Chrome Headless 144.0.0.0 (Mac OS 10.15.7): Executed 269 of 317[31m (59 FAILED)[39m (0 secs / 5.487 secs)
LOG: 'LitterModalComponent ngOnInit'
[1A[2KLOG: [36m'Modal visibility changed:', true[39m
Chrome Headless 144.0.0.0 (Mac OS 10.15.7): Executed 269 of 317[31m (59 FAILED)[39m (0 secs / 5.487 secs)
LOG: 'Modal visibility changed:', true
[1A[2KChrome Headless 144.0.0.0 (Mac OS 10.15.7): Executed 270 of 317[31m (59 FAILED)[39m (0 secs / 5.488 secs)
[1A[2KLOG: [36m'LitterModalComponent ngOnInit'[39m
Chrome Headless 144.0.0.0 (Mac OS 10.15.7): Executed 270 of 317[31m (59 FAILED)[39m (0 secs / 5.488 secs)
LOG: 'LitterModalComponent ngOnInit'
[1A[2KLOG: [36m'Modal visibility changed:', true[39m
Chrome Headless 144.0.0.0 (Mac OS 10.15.7): Executed 270 of 317[31m (59 FAILED)[39m (0 secs / 5.488 secs)
LOG: 'Modal visibility changed:', true
[1A[2KChrome Headless 144.0.0.0 (Mac OS 10.15.7): Executed 271 of 317[31m (59 FAILED)[39m (0 secs / 5.489 secs)
[1A[2KLOG: [36m'LitterModalComponent ngOnInit'[39m
Chrome Headless 144.0.0.0 (Mac OS 10.15.7): Executed 271 of 317[31m (59 FAILED)[39m (0 secs / 5.489 secs)
LOG: 'LitterModalComponent ngOnInit'
[1A[2KLOG: [36m'Modal visibility changed:', true[39m
Chrome Headless 144.0.0.0 (Mac OS 10.15.7): Executed 271 of 317[31m (59 FAILED)[39m (0 secs / 5.489 secs)
LOG: 'Modal visibility changed:', true
[1A[2KChrome Headless 144.0.0.0 (Mac OS 10.15.7): Executed 272 of 317[31m (59 FAILED)[39m (0 secs / 5.489 secs)
[1A[2KLOG: [36m'LitterModalComponent ngOnInit'[39m
Chrome Headless 144.0.0.0 (Mac OS 10.15.7): Executed 272 of 317[31m (59 FAILED)[39m (0 secs / 5.489 secs)
LOG: 'LitterModalComponent ngOnInit'
[1A[2KLOG: [36m'Modal visibility changed:', true[39m
Chrome Headless 144.0.0.0 (Mac OS 10.15.7): Executed 272 of 317[31m (59 FAILED)[39m (0 secs / 5.489 secs)
LOG: 'Modal visibility changed:', true
[1A[2KChrome Headless 144.0.0.0 (Mac OS 10.15.7): Executed 273 of 317[31m (59 FAILED)[39m (0 secs / 5.489 secs)
[1A[2KLOG: [36m'LitterModalComponent ngOnInit'[39m
Chrome Headless 144.0.0.0 (Mac OS 10.15.7): Executed 273 of 317[31m (59 FAILED)[39m (0 secs / 5.489 secs)
LOG: 'LitterModalComponent ngOnInit'
[1A[2KLOG: [36m'Modal visibility changed:', true[39m
Chrome Headless 144.0.0.0 (Mac OS 10.15.7): Executed 273 of 317[31m (59 FAILED)[39m (0 secs / 5.489 secs)
LOG: 'Modal visibility changed:', true
[1A[2KChrome Headless 144.0.0.0 (Mac OS 10.15.7): Executed 274 of 317[31m (59 FAILED)[39m (0 secs / 5.49 secs)
[1A[2KLOG: [36m'LitterModalComponent ngOnInit'[39m
Chrome Headless 144.0.0.0 (Mac OS 10.15.7): Executed 274 of 317[31m (59 FAILED)[39m (0 secs / 5.49 secs)
LOG: 'LitterModalComponent ngOnInit'
[1A[2KLOG: [36m'Modal visibility changed:', true[39m
Chrome Headless 144.0.0.0 (Mac OS 10.15.7): Executed 274 of 317[31m (59 FAILED)[39m (0 secs / 5.49 secs)
LOG: 'Modal visibility changed:', true
[1A[2KChrome Headless 144.0.0.0 (Mac OS 10.15.7): Executed 275 of 317[31m (59 FAILED)[39m (0 secs / 5.491 secs)
[1A[2KLOG: [36m'LitterModalComponent ngOnInit'[39m
Chrome Headless 144.0.0.0 (Mac OS 10.15.7): Executed 275 of 317[31m (59 FAILED)[39m (0 secs / 5.491 secs)
LOG: 'LitterModalComponent ngOnInit'
[1A[2KLOG: [36m'Modal visibility changed:', true[39m
Chrome Headless 144.0.0.0 (Mac OS 10.15.7): Executed 275 of 317[31m (59 FAILED)[39m (0 secs / 5.491 secs)
LOG: 'Modal visibility changed:', true
[1A[2KChrome Headless 144.0.0.0 (Mac OS 10.15.7): Executed 276 of 317[31m (59 FAILED)[39m (0 secs / 5.492 secs)
[1A[2KLOG: [36m'LitterModalComponent ngOnInit'[39m
Chrome Headless 144.0.0.0 (Mac OS 10.15.7): Executed 276 of 317[31m (59 FAILED)[39m (0 secs / 5.492 secs)
LOG: 'LitterModalComponent ngOnInit'
[1A[2KLOG: [36m'Modal visibility changed:', true[39m
Chrome Headless 144.0.0.0 (Mac OS 10.15.7): Executed 276 of 317[31m (59 FAILED)[39m (0 secs / 5.492 secs)
LOG: 'Modal visibility changed:', true
[1A[2KChrome Headless 144.0.0.0 (Mac OS 10.15.7): Executed 277 of 317[31m (59 FAILED)[39m (0 secs / 5.493 secs)
[1A[2KLOG: [36m'LitterModalComponent ngOnInit'[39m
Chrome Headless 144.0.0.0 (Mac OS 10.15.7): Executed 277 of 317[31m (59 FAILED)[39m (0 secs / 5.493 secs)
LOG: 'LitterModalComponent ngOnInit'
[1A[2KLOG: [36m'Modal visibility changed:', true[39m
Chrome Headless 144.0.0.0 (Mac OS 10.15.7): Executed 277 of 317[31m (59 FAILED)[39m (0 secs / 5.493 secs)
LOG: 'Modal visibility changed:', true
[1A[2KChrome Headless 144.0.0.0 (Mac OS 10.15.7): Executed 278 of 317[31m (59 FAILED)[39m (0 secs / 5.494 secs)
[1A[2KLOG: [36m'LitterModalComponent ngOnInit'[39m
Chrome Headless 144.0.0.0 (Mac OS 10.15.7): Executed 278 of 317[31m (59 FAILED)[39m (0 secs / 5.494 secs)
LOG: 'LitterModalComponent ngOnInit'
[1A[2KLOG: [36m'Modal visibility changed:', true[39m
Chrome Headless 144.0.0.0 (Mac OS 10.15.7): Executed 278 of 317[31m (59 FAILED)[39m (0 secs / 5.494 secs)
LOG: 'Modal visibility changed:', true
[1A[2KChrome Headless 144.0.0.0 (Mac OS 10.15.7): Executed 279 of 317[31m (59 FAILED)[39m (0 secs / 5.495 secs)
[1A[2KLOG: [36m'LitterModalComponent ngOnInit'[39m
Chrome Headless 144.0.0.0 (Mac OS 10.15.7): Executed 279 of 317[31m (59 FAILED)[39m (0 secs / 5.495 secs)
LOG: 'LitterModalComponent ngOnInit'
[1A[2KLOG: [36m'Modal visibility changed:', true[39m
Chrome Headless 144.0.0.0 (Mac OS 10.15.7): Executed 279 of 317[31m (59 FAILED)[39m (0 secs / 5.495 secs)
LOG: 'Modal visibility changed:', true
[1A[2KChrome Headless 144.0.0.0 (Mac OS 10.15.7): Executed 280 of 317[31m (59 FAILED)[39m (0 secs / 5.496 secs)
[1A[2KLOG: [36m'LitterModalComponent ngOnInit'[39m
Chrome Headless 144.0.0.0 (Mac OS 10.15.7): Executed 280 of 317[31m (59 FAILED)[39m (0 secs / 5.496 secs)
LOG: 'LitterModalComponent ngOnInit'
[1A[2KLOG: [36m'Modal visibility changed:', true[39m
Chrome Headless 144.0.0.0 (Mac OS 10.15.7): Executed 280 of 317[31m (59 FAILED)[39m (0 secs / 5.496 secs)
LOG: 'Modal visibility changed:', true
[1A[2KChrome Headless 144.0.0.0 (Mac OS 10.15.7): Executed 281 of 317[31m (59 FAILED)[39m (0 secs / 5.497 secs)
[1A[2KChrome Headless 144.0.0.0 (Mac OS 10.15.7): Executed 282 of 317[31m (59 FAILED)[39m (0 secs / 5.497 secs)
[1A[2KChrome Headless 144.0.0.0 (Mac OS 10.15.7): Executed 283 of 317[31m (59 FAILED)[39m (0 secs / 5.499 secs)
[1A[2KChrome Headless 144.0.0.0 (Mac OS 10.15.7): Executed 284 of 317[31m (59 FAILED)[39m (0 secs / 5.5 secs)
[1A[2K[31mChrome Headless 144.0.0.0 (Mac OS 10.15.7) LittersComponent - Breed Display Properties should display "-" when parent_pets is undefined FAILED[39m
	ɵNotFound: NG0201: No provider found for `InjectionToken ToastConfig`. Source: DynamicTestModule. Path: ToastrService -> InjectionToken ToastConfig. Find more at https://v21.angular.dev/errors/NG0201
	error properties: Object({ code: -201, ngErrorCode: -201, ngErrorMessage: 'No provider found for `InjectionToken ToastConfig`.', ngTokenPath: [ 'ToastrService', 'InjectionToken ToastConfig' ] })
	ɵNotFound: NG0201: No provider found for `InjectionToken ToastConfig`. Source: DynamicTestModule. Path: ToastrService -> InjectionToken ToastConfig. Find more at https://v21.angular.dev/errors/NG0201
	    at createRuntimeError (node_modules/@angular/core/fesm2022/_untracked-chunk.mjs:600:17)
	    at NullInjector.get (node_modules/@angular/core/fesm2022/_untracked-chunk.mjs:881:21)
	    at R3Injector.get (node_modules/@angular/core/fesm2022/_untracked-chunk.mjs:1206:27)
	    at R3Injector.get (node_modules/@angular/core/fesm2022/_untracked-chunk.mjs:1206:27)
	    at R3Injector.retrieve (node_modules/@angular/core/fesm2022/_untracked-chunk.mjs:1116:19)
	    at injectInjectorOnly (node_modules/@angular/core/fesm2022/_untracked-chunk.mjs:670:35)
	    at Module.ɵɵinject (node_modules/@angular/core/fesm2022/_untracked-chunk.mjs:682:58)
	    at Object.factory (node_modules/ngx-toastr/fesm2020/ngx-toastr.mjs:16:109)
	    at callback (node_modules/@angular/core/fesm2022/_untracked-chunk.mjs:1311:35)
	    at runInInjectorProfilerContext (node_modules/@angular/core/fesm2022/_untracked-chunk.mjs:442:5)
Chrome Headless 144.0.0.0 (Mac OS 10.15.7): Executed 285 of 317[31m (60 FAILED)[39m (0 secs / 5.501 secs)
[1A[2K[31mChrome Headless 144.0.0.0 (Mac OS 10.15.7) LittersComponent - Breed Display Properties should display both breed names with plus sign for mixed-breed litters (Property 2) - 100 iterations FAILED[39m
	ɵNotFound: NG0201: No provider found for `InjectionToken ToastConfig`. Source: DynamicTestModule. Path: ToastrService -> InjectionToken ToastConfig. Find more at https://v21.angular.dev/errors/NG0201
	error properties: Object({ code: -201, ngErrorCode: -201, ngErrorMessage: 'No provider found for `InjectionToken ToastConfig`.', ngTokenPath: [ 'ToastrService', 'InjectionToken ToastConfig' ] })
	ɵNotFound: NG0201: No provider found for `InjectionToken ToastConfig`. Source: DynamicTestModule. Path: ToastrService -> InjectionToken ToastConfig. Find more at https://v21.angular.dev/errors/NG0201
	    at createRuntimeError (node_modules/@angular/core/fesm2022/_untracked-chunk.mjs:600:17)
	    at NullInjector.get (node_modules/@angular/core/fesm2022/_untracked-chunk.mjs:881:21)
	    at R3Injector.get (node_modules/@angular/core/fesm2022/_untracked-chunk.mjs:1206:27)
	    at R3Injector.get (node_modules/@angular/core/fesm2022/_untracked-chunk.mjs:1206:27)
	    at R3Injector.retrieve (node_modules/@angular/core/fesm2022/_untracked-chunk.mjs:1116:19)
	    at injectInjectorOnly (node_modules/@angular/core/fesm2022/_untracked-chunk.mjs:670:35)
	    at Module.ɵɵinject (node_modules/@angular/core/fesm2022/_untracked-chunk.mjs:682:58)
	    at Object.factory (node_modules/ngx-toastr/fesm2020/ngx-toastr.mjs:16:109)
	    at callback (node_modules/@angular/core/fesm2022/_untracked-chunk.mjs:1311:35)
	    at runInInjectorProfilerContext (node_modules/@angular/core/fesm2022/_untracked-chunk.mjs:442:5)
Chrome Headless 144.0.0.0 (Mac OS 10.15.7): Executed 286 of 317[31m (61 FAILED)[39m (0 secs / 5.501 secs)
[1A[2K[31mChrome Headless 144.0.0.0 (Mac OS 10.15.7) LittersComponent - Breed Display Properties should display "-" when litter has no parent pets FAILED[39m
	ɵNotFound: NG0201: No provider found for `InjectionToken ToastConfig`. Source: DynamicTestModule. Path: ToastrService -> InjectionToken ToastConfig. Find more at https://v21.angular.dev/errors/NG0201
	error properties: Object({ code: -201, ngErrorCode: -201, ngErrorMessage: 'No provider found for `InjectionToken ToastConfig`.', ngTokenPath: [ 'ToastrService', 'InjectionToken ToastConfig' ] })
	ɵNotFound: NG0201: No provider found for `InjectionToken ToastConfig`. Source: DynamicTestModule. Path: ToastrService -> InjectionToken ToastConfig. Find more at https://v21.angular.dev/errors/NG0201
	    at createRuntimeError (node_modules/@angular/core/fesm2022/_untracked-chunk.mjs:600:17)
	    at NullInjector.get (node_modules/@angular/core/fesm2022/_untracked-chunk.mjs:881:21)
	    at R3Injector.get (node_modules/@angular/core/fesm2022/_untracked-chunk.mjs:1206:27)
	    at R3Injector.get (node_modules/@angular/core/fesm2022/_untracked-chunk.mjs:1206:27)
	    at R3Injector.retrieve (node_modules/@angular/core/fesm2022/_untracked-chunk.mjs:1116:19)
	    at injectInjectorOnly (node_modules/@angular/core/fesm2022/_untracked-chunk.mjs:670:35)
	    at Module.ɵɵinject (node_modules/@angular/core/fesm2022/_untracked-chunk.mjs:682:58)
	    at Object.factory (node_modules/ngx-toastr/fesm2020/ngx-toastr.mjs:16:109)
	    at callback (node_modules/@angular/core/fesm2022/_untracked-chunk.mjs:1311:35)
	    at runInInjectorProfilerContext (node_modules/@angular/core/fesm2022/_untracked-chunk.mjs:442:5)
Chrome Headless 144.0.0.0 (Mac OS 10.15.7): Executed 287 of 317[31m (62 FAILED)[39m (0 secs / 5.502 secs)
[1A[2K[31mChrome Headless 144.0.0.0 (Mac OS 10.15.7) LittersComponent - Breed Display Properties should display single breed name for same-breed litters (Property 1) - 100 iterations FAILED[39m
	ɵNotFound: NG0201: No provider found for `InjectionToken ToastConfig`. Source: DynamicTestModule. Path: ToastrService -> InjectionToken ToastConfig. Find more at https://v21.angular.dev/errors/NG0201
	error properties: Object({ code: -201, ngErrorCode: -201, ngErrorMessage: 'No provider found for `InjectionToken ToastConfig`.', ngTokenPath: [ 'ToastrService', 'InjectionToken ToastConfig' ] })
	ɵNotFound: NG0201: No provider found for `InjectionToken ToastConfig`. Source: DynamicTestModule. Path: ToastrService -> InjectionToken ToastConfig. Find more at https://v21.angular.dev/errors/NG0201
	    at createRuntimeError (node_modules/@angular/core/fesm2022/_untracked-chunk.mjs:600:17)
	    at NullInjector.get (node_modules/@angular/core/fesm2022/_untracked-chunk.mjs:881:21)
	    at R3Injector.get (node_modules/@angular/core/fesm2022/_untracked-chunk.mjs:1206:27)
	    at R3Injector.get (node_modules/@angular/core/fesm2022/_untracked-chunk.mjs:1206:27)
	    at R3Injector.retrieve (node_modules/@angular/core/fesm2022/_untracked-chunk.mjs:1116:19)
	    at injectInjectorOnly (node_modules/@angular/core/fesm2022/_untracked-chunk.mjs:670:35)
	    at Module.ɵɵinject (node_modules/@angular/core/fesm2022/_untracked-chunk.mjs:682:58)
	    at Object.factory (node_modules/ngx-toastr/fesm2020/ngx-toastr.mjs:16:109)
	    at callback (node_modules/@angular/core/fesm2022/_untracked-chunk.mjs:1311:35)
	    at runInInjectorProfilerContext (node_modules/@angular/core/fesm2022/_untracked-chunk.mjs:442:5)
Chrome Headless 144.0.0.0 (Mac OS 10.15.7): Executed 288 of 317[31m (63 FAILED)[39m (0 secs / 5.502 secs)
[1A[2KChrome Headless 144.0.0.0 (Mac OS 10.15.7): Executed 289 of 317[31m (63 FAILED)[39m (0 secs / 5.504 secs)
[1A[2KChrome Headless 144.0.0.0 (Mac OS 10.15.7): Executed 290 of 317[31m (63 FAILED)[39m (0 secs / 5.505 secs)
[1A[2KChrome Headless 144.0.0.0 (Mac OS 10.15.7): Executed 291 of 317[31m (63 FAILED)[39m (0 secs / 5.506 secs)
[1A[2KChrome Headless 144.0.0.0 (Mac OS 10.15.7): Executed 292 of 317[31m (63 FAILED)[39m (0 secs / 5.514 secs)
[1A[2KChrome Headless 144.0.0.0 (Mac OS 10.15.7): Executed 293 of 317[31m (63 FAILED)[39m (0 secs / 5.517 secs)
[1A[2KChrome Headless 144.0.0.0 (Mac OS 10.15.7): Executed 294 of 317[31m (63 FAILED)[39m (0 secs / 5.519 secs)
[1A[2KERROR: [36m'Error loading profile:', Object{error: Object{detail: 'Network error'}}[39m
Chrome Headless 144.0.0.0 (Mac OS 10.15.7): Executed 294 of 317[31m (63 FAILED)[39m (0 secs / 5.519 secs)
ERROR: 'Error loading profile:', Object{error: Object{detail: 'Network error'}}
[1A[2KChrome Headless 144.0.0.0 (Mac OS 10.15.7): Executed 295 of 317[31m (63 FAILED)[39m (0 secs / 5.52 secs)
[1A[2KERROR: [36m'Error saving profile:', Object{error: Object{}}[39m
Chrome Headless 144.0.0.0 (Mac OS 10.15.7): Executed 295 of 317[31m (63 FAILED)[39m (0 secs / 5.52 secs)
ERROR: 'Error saving profile:', Object{error: Object{}}
[1A[2KChrome Headless 144.0.0.0 (Mac OS 10.15.7): Executed 296 of 317[31m (63 FAILED)[39m (0 secs / 5.522 secs)
[1A[2KChrome Headless 144.0.0.0 (Mac OS 10.15.7): Executed 297 of 317[31m (63 FAILED)[39m (0 secs / 5.523 secs)
[1A[2KChrome Headless 144.0.0.0 (Mac OS 10.15.7): Executed 298 of 317[31m (63 FAILED)[39m (0 secs / 5.525 secs)
[1A[2KERROR: [36m'Error uploading image:', Object{error: Object{detail: 'Upload failed'}}[39m
Chrome Headless 144.0.0.0 (Mac OS 10.15.7): Executed 298 of 317[31m (63 FAILED)[39m (0 secs / 5.525 secs)
ERROR: 'Error uploading image:', Object{error: Object{detail: 'Upload failed'}}
[1A[2KChrome Headless 144.0.0.0 (Mac OS 10.15.7): Executed 299 of 317[31m (63 FAILED)[39m (0 secs / 5.526 secs)
[1A[2KChrome Headless 144.0.0.0 (Mac OS 10.15.7): Executed 300 of 317[31m (63 FAILED)[39m (0 secs / 5.528 secs)
[1A[2KERROR: [36m'Error saving profile:', Object{error: Object{detail: 'Save failed'}}[39m
Chrome Headless 144.0.0.0 (Mac OS 10.15.7): Executed 300 of 317[31m (63 FAILED)[39m (0 secs / 5.528 secs)
ERROR: 'Error saving profile:', Object{error: Object{detail: 'Save failed'}}
[1A[2KChrome Headless 144.0.0.0 (Mac OS 10.15.7): Executed 301 of 317[31m (63 FAILED)[39m (0 secs / 5.529 secs)
[1A[2KChrome Headless 144.0.0.0 (Mac OS 10.15.7): Executed 302 of 317[31m (63 FAILED)[39m (0 secs / 5.537 secs)
[1A[2KChrome Headless 144.0.0.0 (Mac OS 10.15.7): Executed 303 of 317[31m (63 FAILED)[39m (0 secs / 5.538 secs)
[1A[2KChrome Headless 144.0.0.0 (Mac OS 10.15.7): Executed 304 of 317[31m (63 FAILED)[39m (0 secs / 5.539 secs)
[1A[2KERROR: [36m'Error loading profile:', Error: Load failed
Error: Load failed
    at errorFactory (http://localhost:9876/_karma_webpack_/webpack:/src/app/components/settings/general-settings/general-settings.component.spec.ts:100:26)
    at Observable._subscribe (http://localhost:9876/_karma_webpack_/webpack:/node_modules/rxjs/dist/esm/internal/observable/throwError.js:5:51)
    at Observable._trySubscribe (http://localhost:9876/_karma_webpack_/webpack:/node_modules/rxjs/dist/esm/internal/Observable.js:37:25)
    at cb (http://localhost:9876/_karma_webpack_/webpack:/node_modules/rxjs/dist/esm/internal/Observable.js:31:30)
    at errorContext (http://localhost:9876/_karma_webpack_/webpack:/node_modules/rxjs/dist/esm/internal/util/errorContext.js:19:9)
    at Observable.subscribe (http://localhost:9876/_karma_webpack_/webpack:/node_modules/rxjs/dist/esm/internal/Observable.js:22:21)
    at GeneralSettingsComponent.loadProfile (http://localhost:9876/_karma_webpack_/webpack:/src/app/components/settings/general-settings/general-settings.component.ts:55:46)
    at GeneralSettingsComponent.ngOnInit (http://localhost:9876/_karma_webpack_/webpack:/src/app/components/settings/general-settings/general-settings.component.ts:40:10)
    at UserContext.apply (http://localhost:9876/_karma_webpack_/webpack:/src/app/components/settings/general-settings/general-settings.component.spec.ts:103:17)
    at _ZoneDelegate.invoke (http://localhost:9876/_karma_webpack_/webpack:/node_modules/zone.js/fesm2015/zone.js:398:28)[39m
Chrome Headless 144.0.0.0 (Mac OS 10.15.7): Executed 304 of 317[31m (63 FAILED)[39m (0 secs / 5.539 secs)
ERROR: 'Error loading profile:', Error: Load failed
Error: Load failed
    at errorFactory (http://localhost:9876/_karma_webpack_/webpack:/src/app/components/settings/general-settings/general-settings.component.spec.ts:100:26)
    at Observable._subscribe (http://localhost:9876/_karma_webpack_/webpack:/node_modules/rxjs/dist/esm/internal/observable/throwError.js:5:51)
    at Observable._trySubscribe (http://localhost:9876/_karma_webpack_/webpack:/node_modules/rxjs/dist/esm/internal/Observable.js:37:25)
    at cb (http://localhost:9876/_karma_webpack_/webpack:/node_modules/rxjs/dist/esm/internal/Observable.js:31:30)
    at errorContext (http://localhost:9876/_karma_webpack_/webpack:/node_modules/rxjs/dist/esm/internal/util/errorContext.js:19:9)
    at Observable.subscribe (http://localhost:9876/_karma_webpack_/webpack:/node_modules/rxjs/dist/esm/internal/Observable.js:22:21)
    at GeneralSettingsComponent.loadProfile (http://localhost:9876/_karma_webpack_/webpack:/src/app/components/settings/general-settings/general-settings.component.ts:55:46)
    at GeneralSettingsComponent.ngOnInit (http://localhost:9876/_karma_webpack_/webpack:/src/app/components/settings/general-settings/general-settings.component.ts:40:10)
    at UserContext.apply (http://localhost:9876/_karma_webpack_/webpack:/src/app/components/settings/general-settings/general-settings.component.spec.ts:103:17)
    at _ZoneDelegate.invoke (http://localhost:9876/_karma_webpack_/webpack:/node_modules/zone.js/fesm2015/zone.js:398:28)
[1A[2KChrome Headless 144.0.0.0 (Mac OS 10.15.7): Executed 305 of 317[31m (63 FAILED)[39m (0 secs / 5.54 secs)
[1A[2K[31mChrome Headless 144.0.0.0 (Mac OS 10.15.7) GeneralSettingsComponent Form Initialization should load user profile on init FAILED[39m
	Expected 'http://localhost:8000/storage//path/to/image.jpg' to be '/path/to/image.jpg'.
	    at <Jasmine>
	    at UserContext.apply (src/app/components/settings/general-settings/general-settings.component.spec.ts:84:38)
	    at _ZoneDelegate.invoke (node_modules/zone.js/fesm2015/zone.js:398:28)
	    at ProxyZoneSpec.onInvoke (node_modules/zone.js/fesm2015/zone-testing.js:2132:39)
	    at _ZoneDelegate.invoke (node_modules/zone.js/fesm2015/zone.js:397:34)
Chrome Headless 144.0.0.0 (Mac OS 10.15.7): Executed 306 of 317[31m (64 FAILED)[39m (0 secs / 5.541 secs)
[1A[2KChrome Headless 144.0.0.0 (Mac OS 10.15.7): Executed 307 of 317[31m (64 FAILED)[39m (0 secs / 5.542 secs)
[1A[2KChrome Headless 144.0.0.0 (Mac OS 10.15.7): Executed 308 of 317[31m (64 FAILED)[39m (0 secs / 5.543 secs)
[1A[2KERROR: [36m'Error saving profile:', Object{error: Object{detail: 'Save failed'}}[39m
Chrome Headless 144.0.0.0 (Mac OS 10.15.7): Executed 308 of 317[31m (64 FAILED)[39m (0 secs / 5.543 secs)
ERROR: 'Error saving profile:', Object{error: Object{detail: 'Save failed'}}
[1A[2KChrome Headless 144.0.0.0 (Mac OS 10.15.7): Executed 309 of 317[31m (64 FAILED)[39m (0 secs / 5.545 secs)
[1A[2KChrome Headless 144.0.0.0 (Mac OS 10.15.7): Executed 310 of 317[31m (64 FAILED)[39m (0 secs / 5.546 secs)
[1A[2KChrome Headless 144.0.0.0 (Mac OS 10.15.7): Executed 311 of 317[31m (64 FAILED)[39m (0 secs / 5.547 secs)
[1A[2KChrome Headless 144.0.0.0 (Mac OS 10.15.7): Executed 312 of 317[31m (64 FAILED)[39m (0 secs / 5.552 secs)
[1A[2KChrome Headless 144.0.0.0 (Mac OS 10.15.7): Executed 313 of 317[31m (64 FAILED)[39m (0 secs / 5.553 secs)
[1A[2KChrome Headless 144.0.0.0 (Mac OS 10.15.7): Executed 314 of 317[31m (64 FAILED)[39m (0 secs / 5.555 secs)
[1A[2KChrome Headless 144.0.0.0 (Mac OS 10.15.7): Executed 315 of 317[31m (64 FAILED)[39m (0 secs / 5.556 secs)
[1A[2KChrome Headless 144.0.0.0 (Mac OS 10.15.7): Executed 316 of 317[31m (64 FAILED)[39m (0 secs / 5.557 secs)
[1A[2KChrome Headless 144.0.0.0 (Mac OS 10.15.7): Executed 317 of 317[31m (64 FAILED)[39m (0 secs / 5.558 secs)
[1A[2KChrome Headless 144.0.0.0 (Mac OS 10.15.7): Executed 317 of 317[31m (64 FAILED)[39m (5.618 secs / 5.558 secs)
[31mTOTAL: 64 FAILED, 253 SUCCESS[39m
